=== RUN   TestZeroRowsAndCleanCompletion
=== RUN   TestZeroRowsAndCleanCompletion/BEGIN
    assertion_test.go:36: zero-row server assertion refused
=== RUN   TestZeroRowsAndCleanCompletion/BEGIN_READ_ONLY
    assertion_test.go:36: zero-row server assertion refused
--- FAIL: TestZeroRowsAndCleanCompletion (0.01s)
    --- FAIL: TestZeroRowsAndCleanCompletion/BEGIN (0.00s)
    --- FAIL: TestZeroRowsAndCleanCompletion/BEGIN_READ_ONLY (0.00s)
=== RUN   TestWrongAndNullServerExpectations
=== RUN   TestWrongAndNullServerExpectations/role
    assertion_test.go:37: mismatch did not produce server error
=== RUN   TestWrongAndNullServerExpectations/session
    assertion_test.go:37: mismatch did not produce server error
=== RUN   TestWrongAndNullServerExpectations/pid
    assertion_test.go:37: mismatch did not produce server error
=== RUN   TestWrongAndNullServerExpectations/null-role
    assertion_test.go:37: mismatch did not produce server error
=== RUN   TestWrongAndNullServerExpectations/null-session
    assertion_test.go:37: mismatch did not produce server error
=== RUN   TestWrongAndNullServerExpectations/null-pid
    assertion_test.go:37: mismatch did not produce server error
--- FAIL: TestWrongAndNullServerExpectations (0.01s)
    --- FAIL: TestWrongAndNullServerExpectations/role (0.00s)
    --- FAIL: TestWrongAndNullServerExpectations/session (0.00s)
    --- FAIL: TestWrongAndNullServerExpectations/pid (0.00s)
    --- FAIL: TestWrongAndNullServerExpectations/null-role (0.00s)
    --- FAIL: TestWrongAndNullServerExpectations/null-session (0.00s)
    --- FAIL: TestWrongAndNullServerExpectations/null-pid (0.00s)
=== RUN   TestInvalidClientInputsNoReceipt
--- PASS: TestInvalidClientInputsNoReceipt (0.00s)
=== RUN   TestRestrictedRoleHostilePath
    assertion_test.go:39: zero-row server assertion refused
--- FAIL: TestRestrictedRoleHostilePath (0.00s)
=== RUN   TestPoisonRollbackRecovery
    assertion_test.go:40: zero-row server assertion refused
--- FAIL: TestPoisonRollbackRecovery (0.00s)
=== RUN   TestTimeoutCancellationRecovery
=== RUN   TestTimeoutCancellationRecovery/statement-timeout
    assertion_test.go:41: zero-row server assertion refused
=== RUN   TestTimeoutCancellationRecovery/cancelled-context
    assertion_test.go:41: zero-row server assertion refused
--- FAIL: TestTimeoutCancellationRecovery (0.02s)
    --- FAIL: TestTimeoutCancellationRecovery/statement-timeout (0.01s)
    --- FAIL: TestTimeoutCancellationRecovery/cancelled-context (0.00s)
=== RUN   TestReceiptBudgetRefusesWithoutBytes
--- PASS: TestReceiptBudgetRefusesWithoutBytes (0.00s)
FAIL
owned PostgreSQL normal stop and join completed
FAIL	github.com/zasp-ai/zasp-sec/services/platform	0.673s
FAIL
