TAP version 13
# Subtest: actual compliance startup selects current profile after preserving release56 fixture
ok 1 - actual compliance startup selects current profile after preserving release56 fixture
  ---
  duration_ms: 6.641936
  type: 'test'
  ...
# Subtest: missing runtime bindings refuse before migration; no environment-only fallback
ok 2 - missing runtime bindings refuse before migration; no environment-only fallback
  ---
  duration_ms: 0.759322
  type: 'test'
  ...
# Subtest: rejected current installer or canonical mismatch cannot register usable startup
ok 3 - rejected current installer or canonical mismatch cannot register usable startup
  ---
  duration_ms: 1.121468
  type: 'test'
  ...
1..3
# tests 3
# suites 0
# pass 3
# fail 0
# cancelled 0
# skipped 0
# todo 0
# duration_ms 75.332447
