v22.23.1
10.9.8

> zasp-agent-security-console@0.1.0 test
> vitest run


 RUN  v4.1.11 /Users/manishmaheshwari/Projects/zasp-sec/.worktrees/cached-runtime-ship-20260917


 Test Files  224 passed (224)
      Tests  2136 passed (2136)
   Start at  21:40:53
   Duration  32.65s (transform 9.62s, setup 71.67s, import 17.61s, tests 61.37s, environment 235.38s)


> zasp-agent-security-console@0.1.0 typecheck
> tsc --noEmit


> zasp-agent-security-console@0.1.0 lint
> node --test scripts/eslint-scope.test.mjs && eslint . --ignore-pattern dist --ignore-pattern .next

TAP version 13
# Subtest: lint excludes local agent evidence without excluding product code or durable tests
ok 1 - lint excludes local agent evidence without excluding product code or durable tests
  ---
  duration_ms: 2523.835709
  type: 'test'
  ...
1..1
# tests 1
# suites 0
# pass 1
# fail 0
# cancelled 0
# skipped 0
# todo 0
# duration_ms 2703.471542

> zasp-agent-security-console@0.1.0 build
> WRANGLER_LOG_PATH=.wrangler/wrangler.log vinext build


  vinext build  (Vite 8.0.16)

[1/5] analyze client references...
[2Ktransforming...✓ 223 modules transformed.
rendering chunks...
✓ built in 673ms
[2/5] analyze server references...
[2Ktransforming...✓ 160 modules transformed.
rendering chunks...
✓ built in 289ms
[3/5] build rsc environment...
[2Ktransforming...✓ 221 modules transformed.
rendering chunks...
computing gzip size...
✓ built in 402ms
[4/5] build client environment...
[2Ktransforming...✓ 2031 modules transformed.
rendering chunks...
computing gzip size...
✓ built in 789ms
[5/5] build ssr environment...
[2Ktransforming...✓ 166 modules transformed.
rendering chunks...
computing gzip size...
✓ built in 416ms
  Generated standalone output in dist/standalone/
  Start it with: node dist/standalone/server.js

