TAP version 13
# Subtest: pins the official generator/runtime and wires exact local-only scripts into verify
ok 1 - pins the official generator/runtime and wires exact local-only scripts into verify
  ---
  duration_ms: 20.396542
  type: 'test'
  ...
# Subtest: reproduces the committed bytes and rejects changed or missing output without rewriting it
ok 2 - reproduces the committed bytes and rejects changed or missing output without rewriting it
  ---
  duration_ms: 4114.302334
  type: 'test'
  ...
# Subtest: exports the mounted Security Agent, red team, Attack Lab, and policy evidence APIs
ok 3 - exports the mounted Security Agent, red team, Attack Lab, and policy evidence APIs
  ---
  duration_ms: 33.152125
  type: 'test'
  ...
# Subtest: audit page filters validate exact values without changing browser authority
ok 4 - audit page filters validate exact values without changing browser authority
  ---
  duration_ms: 48.955667
  type: 'test'
  ...
# Subtest: retained identity actions preserve their exact public and export schema values
ok 5 - retained identity actions preserve their exact public and export schema values
  ---
  duration_ms: 116.993334
  type: 'test'
  ...
# Subtest: audit export descriptors model durable async state without partial ready metadata
ok 6 - audit export descriptors model durable async state without partial ready metadata
  ---
  duration_ms: 24.347
  type: 'test'
  ...
# Subtest: audit export reads separate pending, failed, ready-empty and immutable chunk contents
ok 7 - audit export reads separate pending, failed, ready-empty and immutable chunk contents
  ---
  duration_ms: 39.03425
  type: 'test'
  ...
# Subtest: runtime session search publishes closed selectors and checkpoint freshness
ok 8 - runtime session search publishes closed selectors and checkpoint freshness
  ---
  duration_ms: 5.871375
  type: 'test'
  ...
# Subtest: runtime session reads preserve operation IDs and console-only revocation
ok 9 - runtime session reads preserve operation IDs and console-only revocation
  ---
  duration_ms: 6.325375
  type: 'test'
  ...
# Subtest: publishes the identity administration operations at their honest UI lifecycle
ok 10 - publishes the identity administration operations at their honest UI lifecycle
  ---
  duration_ms: 6.963667
  type: 'test'
  ...
# Subtest: uses strict product schemas and the shared stable error response
ok 11 - uses strict product schemas and the shared stable error response
  ---
  duration_ms: 7.717667
  type: 'test'
  ...
# Subtest: M1-23 strict OpenAPI root
    # Subtest: defines the exact self-contained OpenAPI, auth, pagination, and error boundary
    not ok 1 - defines the exact self-contained OpenAPI, auth, pagination, and error boundary
      ---
      duration_ms: 2.838667
      type: 'test'
      location: '/Users/manishmaheshwari/Projects/zasp-sec/.worktrees/cached-runtime-ship-20260917/openapi/openapi.test.mjs:279:3'
      failureType: 'testCodeFailure'
      error: |-
        Expected values to be strictly deep-equal:
        + actual - expected
        ... Skipped lines
        
          {
            BrowserMutationCSRFToken: {
              description: 'Required for BrowserSession mutations and omitted for ProductAPIToken mutations. The value is bound to the authenticated browser session.',
              in: 'header',
              name: 'X-CSRF-Token',
        ...
            },
        +   CompliancePageCursor: {
        +     in: 'query',
        +     name: 'cursor',
        +     required: false,
        +     schema: {
        +       '$ref': '#/components/schemas/ComplianceCursor'
        +     }
        +   },
            ControlVersion: {
              description: 'Quoted current execution-control version, including quoted zero before the first tenant override.',
              in: 'header',
              name: 'If-Match',
              required: true,
        
      code: 'ERR_ASSERTION'
      name: 'AssertionError'
      expected:
        ComplianceFramework:
          name: 'framework'
          in: 'query'
          schema:
            type: 'string'
            enum:
              0: 'soc2_security'
              1: 'hipaa'
        ComplianceControlFilter:
          name: 'control_id'
          in: 'query'
          schema:
            type: 'string'
            minLength: 1
            maxLength: 128
            pattern: '^(soc2_security|hipaa)-(audit|findings|policies|tests|configuration)$'
        SensorEnrollmentSchema:
          name: 'X-Zasp-Sensor-Enrollment-Schema'
          in: 'header'
          required: false
          description: 'Select enrollment-binding-v1 to require a scoped installation binding in a successful one-time credential response. Omission preserves the legacy representation. This is not authentication or mutation intent.'
          schema:
            type: 'string'
            const: 'enrollment-binding-v1'
        CSRFToken:
          name: 'X-CSRF-Token'
          in: 'header'
          required: true
          description: 'Short-lived CSRF value bound to the authenticated browser session. Mutations also require an exact same-origin Origin header.'
          schema:
            type: 'string'
            minLength: 32
            maxLength: 256
        BrowserMutationCSRFToken:
          name: 'X-CSRF-Token'
          in: 'header'
          required: false
          description: 'Required for BrowserSession mutations and omitted for ProductAPIToken mutations. The value is bound to the authenticated browser session.'
          schema:
            type: 'string'
            minLength: 32
            maxLength: 256
        BrowserMutationOrigin:
          name: 'Origin'
          in: 'header'
          required: false
          description: 'Required for BrowserSession mutations and omitted for ProductAPIToken mutations. The server requires the exact configured same-origin HTTPS origin.'
          schema:
            type: 'string'
            minLength: 9
            maxLength: 2048
            pattern: '^https://[^/?#]+$'
        FreshAuth:
          name: 'X-Zasp-Fresh-Auth'
          in: 'header'
          required: true
          description: 'Explicit fresh-auth confirmation required for a sensitive approval or connector authorization mutation.'
          schema:
            type: 'string'
            const: 'confirmed'
        IdempotencyKey:
          name: 'Idempotency-Key'
          in: 'header'
          required: true
          description: 'Caller-generated key binding an exact workflow mutation and its durable response.'
          schema:
            type: 'string'
            minLength: 16
            maxLength: 128
            pattern: '^[A-Za-z0-9][A-Za-z0-9._:-]*$'
        PageCursor:
          name: 'cursor'
          in: 'query'
          required: false
          description: 'Opaque cursor returned by the preceding page.'
          schema:
            $ref: '#/components/schemas/Cursor'
        PageLimit:
          name: 'limit'
          in: 'query'
          required: false
          description: 'Maximum number of records to return.'
          schema:
            type: 'integer'
            minimum: 1
            maximum: 100
            default: 50
        ResourceVersion:
          name: 'If-Match'
          in: 'header'
          required: true
          description: 'Quoted current durable resource version.'
          schema:
            type: 'string'
            pattern: '^"[1-9][0-9]*"$'
        ControlVersion:
          name: 'If-Match'
          in: 'header'
          required: true
          description: 'Quoted current execution-control version, including quoted zero before the first tenant override.'
          schema:
            type: 'string'
            pattern: '^"(?:0|[1-9][0-9]*)"$'
        ScheduleVersion:
          name: 'If-Match'
          in: 'header'
          required: true
          description: 'Quoted current schedule version, or quoted zero when creating the singleton schedule.'
          schema:
            type: 'string'
            pattern: '^"(?:0|[1-9][0-9]*)"$'
      actual:
        ComplianceFramework:
          name: 'framework'
          in: 'query'
          schema:
            type: 'string'
            enum:
              0: 'soc2_security'
              1: 'hipaa'
        ComplianceControlFilter:
          name: 'control_id'
          in: 'query'
          schema:
            type: 'string'
            minLength: 1
            maxLength: 128
            pattern: '^(soc2_security|hipaa)-(audit|findings|policies|tests|configuration)$'
        CSRFToken:
          name: 'X-CSRF-Token'
          in: 'header'
          required: true
          description: 'Short-lived CSRF value bound to the authenticated browser session. Mutations also require an exact same-origin Origin header.'
          schema:
            type: 'string'
            minLength: 32
            maxLength: 256
        BrowserMutationCSRFToken:
          name: 'X-CSRF-Token'
          in: 'header'
          required: false
          description: 'Required for BrowserSession mutations and omitted for ProductAPIToken mutations. The value is bound to the authenticated browser session.'
          schema:
            type: 'string'
            minLength: 32
            maxLength: 256
        BrowserMutationOrigin:
          name: 'Origin'
          in: 'header'
          required: false
          description: 'Required for BrowserSession mutations and omitted for ProductAPIToken mutations. The server requires the exact configured same-origin HTTPS origin.'
          schema:
            type: 'string'
            minLength: 9
            maxLength: 2048
            pattern: '^https://[^/?#]+$'
        SensorEnrollmentSchema:
          name: 'X-Zasp-Sensor-Enrollment-Schema'
          in: 'header'
          required: false
          description: 'Select enrollment-binding-v1 to require a scoped installation binding in a successful one-time credential response. Omission preserves the legacy representation. This is not authentication or mutation intent.'
          schema:
            type: 'string'
            const: 'enrollment-binding-v1'
        FreshAuth:
          name: 'X-Zasp-Fresh-Auth'
          in: 'header'
          required: true
          description: 'Explicit fresh-auth confirmation required for a sensitive approval or connector authorization mutation.'
          schema:
            type: 'string'
            const: 'confirmed'
        IdempotencyKey:
          name: 'Idempotency-Key'
          in: 'header'
          required: true
          description: 'Caller-generated key binding an exact workflow mutation and its durable response.'
          schema:
            type: 'string'
            minLength: 16
            maxLength: 128
            pattern: '^[A-Za-z0-9][A-Za-z0-9._:-]*$'
        CompliancePageCursor:
          name: 'cursor'
          in: 'query'
          required: false
          schema:
            $ref: '#/components/schemas/ComplianceCursor'
        PageCursor:
          name: 'cursor'
          in: 'query'
          required: false
          description: 'Opaque cursor returned by the preceding page.'
          schema:
            $ref: '#/components/schemas/Cursor'
        PageLimit:
          name: 'limit'
          in: 'query'
          required: false
          description: 'Maximum number of records to return.'
          schema:
            type: 'integer'
            minimum: 1
            maximum: 100
            default: 50
        ResourceVersion:
          name: 'If-Match'
          in: 'header'
          required: true
          description: 'Quoted current durable resource version.'
          schema:
            type: 'string'
            pattern: '^"[1-9][0-9]*"$'
        ControlVersion:
          name: 'If-Match'
          in: 'header'
          required: true
          description: 'Quoted current execution-control version, including quoted zero before the first tenant override.'
          schema:
            type: 'string'
            pattern: '^"(?:0|[1-9][0-9]*)"$'
        ScheduleVersion:
          name: 'If-Match'
          in: 'header'
          required: true
          description: 'Quoted current schedule version, or quoted zero when creating the singleton schedule.'
          schema:
            type: 'string'
            pattern: '^"(?:0|[1-9][0-9]*)"$'
      operator: 'deepStrictEqual'
      stack: |-
        verifyDocument (file:///Users/manishmaheshwari/Projects/zasp-sec/.worktrees/cached-runtime-ship-20260917/openapi/openapi.test.mjs:106:10)
        TestContext.<anonymous> (file:///Users/manishmaheshwari/Projects/zasp-sec/.worktrees/cached-runtime-ship-20260917/openapi/openapi.test.mjs:280:5)
        Test.runInAsyncScope (node:async_hooks:214:14)
        Test.run (node:internal/test_runner/test:1047:25)
        Test.start (node:internal/test_runner/test:944:17)
        node:internal/test_runner/test:1440:71
        node:internal/per_context/primordials:466:82
        new Promise (<anonymous>)
        new SafePromise (node:internal/per_context/primordials:435:3)
        node:internal/per_context/primordials:466:9
      ...
    # Subtest: uses only the exact pinned local linter command and justified rule exception
    ok 2 - uses only the exact pinned local linter command and justified rule exception
      ---
      duration_ms: 0.120042
      type: 'test'
      ...
    # Subtest: rejects duplicate YAML keys before semantic validation
    ok 3 - rejects duplicate YAML keys before semantic validation
      ---
      duration_ms: 13.517333
      type: 'test'
      ...
    # Subtest: accepts only canonical unpadded base64url cursor encodings
    ok 4 - accepts only canonical unpadded base64url cursor encodings
      ---
      duration_ms: 0.157458
      type: 'test'
      ...
    # Subtest: rejects every product-error control-character class
    ok 5 - rejects every product-error control-character class
      ---
      duration_ms: 0.13075
      type: 'test'
      ...
    # Subtest: rejects hostile root, authentication, pagination, and error mutations
    ok 6 - rejects hostile root, authentication, pagination, and error mutations
      ---
      duration_ms: 83.388
      type: 'test'
      ...
    1..6
not ok 12 - M1-23 strict OpenAPI root
  ---
  duration_ms: 143.2875
  type: 'suite'
  location: '/Users/manishmaheshwari/Projects/zasp-sec/.worktrees/cached-runtime-ship-20260917/openapi/openapi.test.mjs:278:1'
  failureType: 'subtestsFailed'
  error: '1 subtest failed'
  code: 'ERR_TEST_FAILURE'
  ...
# Subtest: production workflow concurrency contract
    # Subtest: publishes the exact replay-safe sensor management surface
    ok 1 - publishes the exact replay-safe sensor management surface
      ---
      duration_ms: 0.347083
      type: 'test'
      ...
    # Subtest: publishes the three retained DELETE operations with no request body
    ok 2 - publishes the three retained DELETE operations with no request body
      ---
      duration_ms: 0.183625
      type: 'test'
      ...
    # Subtest: reports asynchronous integration revocation without claiming early deletion
    ok 3 - reports asynchronous integration revocation without claiming early deletion
      ---
      duration_ms: 0.201375
      type: 'test'
      ...
    # Subtest: separates server-assigned security-agent identity from create input
    ok 4 - separates server-assigned security-agent identity from create input
      ---
      duration_ms: 0.062625
      type: 'test'
      ...
    # Subtest: types idempotency, versions, fresh auth, and durable mutation receipts
    ok 5 - types idempotency, versions, fresh auth, and durable mutation receipts
      ---
      duration_ms: 0.268875
      type: 'test'
      ...
    # Subtest: publishes bounded browser-only receipt reconciliation and acknowledgement
    ok 6 - publishes bounded browser-only receipt reconciliation and acknowledgement
      ---
      duration_ms: 0.107916
      type: 'test'
      ...
    # Subtest: requires the browser scope precondition on every scoped session operation
    ok 7 - requires the browser scope precondition on every scoped session operation
      ---
      duration_ms: 0.046208
      type: 'test'
      ...
    # Subtest: publishes exact receipt intent and authoritative result object shapes
    ok 8 - publishes exact receipt intent and authoritative result object shapes
      ---
      duration_ms: 0.098584
      type: 'test'
      ...
    # Subtest: publishes the strict Task 4 sync, schedule, and freshness contract without internal execution authority
    ok 9 - publishes the strict Task 4 sync, schedule, and freshness contract without internal execution authority
      ---
      duration_ms: 0.32625
      type: 'test'
      ...
    # Subtest: publishes bounded browser-only typed activity relations with explicit coverage
    ok 10 - publishes bounded browser-only typed activity relations with explicit coverage
      ---
      duration_ms: 0.111583
      type: 'test'
      ...
    # Subtest: publishes the mounted Security Agent activation, simulation, manual run, and approval surface without read overclaims
    ok 11 - publishes the mounted Security Agent activation, simulation, manual run, and approval surface without read overclaims
      ---
      duration_ms: 1.104458
      type: 'test'
      ...
    # Subtest: publishes strict browser-only integration authorization and OAuth callback contracts
    ok 12 - publishes strict browser-only integration authorization and OAuth callback contracts
      ---
      duration_ms: 0.180791
      type: 'test'
      ...
    # Subtest: publishes strict fresh browser-only reference authorization
    ok 13 - publishes strict fresh browser-only reference authorization
      ---
      duration_ms: 0.058083
      type: 'test'
      ...
    # Subtest: binds risk reads and mutations to strict pagination, security, and recovery contracts
    ok 14 - binds risk reads and mutations to strict pagination, security, and recovery contracts
      ---
      duration_ms: 0.138584
      type: 'test'
      ...
    # Subtest: bounds Security Agent definition pagination with the shared opaque cursor contract
    ok 15 - bounds Security Agent definition pagination with the shared opaque cursor contract
      ---
      duration_ms: 0.033042
      type: 'test'
      ...
    # Subtest: bounds policy and integration pagination with the same exact cursor contract
    ok 16 - bounds policy and integration pagination with the same exact cursor contract
      ---
      duration_ms: 0.042875
      type: 'test'
      ...
    # Subtest: publishes typed discovery inventory pages, details, evidence, and freshness
    ok 17 - publishes typed discovery inventory pages, details, evidence, and freshness
      ---
      duration_ms: 0.078875
      type: 'test'
      ...
    1..17
ok 13 - production workflow concurrency contract
  ---
  duration_ms: 3.731958
  type: 'suite'
  ...
# Subtest: browser reload preserves the current top-level browsing context
ok 14 - browser reload preserves the current top-level browsing context
  ---
  duration_ms: 0.567833
  type: 'test'
  ...
# Subtest: macOS preserves the existing application default
ok 15 - macOS preserves the existing application default
  ---
  duration_ms: 4.749667
  type: 'test'
  ...
# Subtest: explicit Linux executable with spaces and shell metacharacters is passed literally
ok 16 - explicit Linux executable with spaces and shell metacharacters is passed literally
  ---
  duration_ms: 606.324875
  type: 'test'
  ...
# Subtest: explicit relative browser path fails without fallback
ok 17 - explicit relative browser path fails without fallback
  ---
  duration_ms: 0.507875
  type: 'test'
  ...
# Subtest: explicit newline browser path fails without fallback
ok 18 - explicit newline browser path fails without fallback
  ---
  duration_ms: 0.221167
  type: 'test'
  ...
# Subtest: explicit NUL browser path fails without fallback
ok 19 - explicit NUL browser path fails without fallback
  ---
  duration_ms: 0.084417
  type: 'test'
  ...
# Subtest: explicit tab browser path fails without fallback
ok 20 - explicit tab browser path fails without fallback
  ---
  duration_ms: 0.104209
  type: 'test'
  ...
# Subtest: explicit DEL browser path fails without fallback
ok 21 - explicit DEL browser path fails without fallback
  ---
  duration_ms: 0.040625
  type: 'test'
  ...
# Subtest: explicit C1 browser path fails without fallback
ok 22 - explicit C1 browser path fails without fallback
  ---
  duration_ms: 0.205542
  type: 'test'
  ...
# Subtest: explicit empty browser path fails without fallback
ok 23 - explicit empty browser path fails without fallback
  ---
  duration_ms: 0.252208
  type: 'test'
  ...
# Subtest: explicit nonexistent path fails despite a valid PATH fallback
ok 24 - explicit nonexistent path fails despite a valid PATH fallback
  ---
  duration_ms: 4.089125
  type: 'test'
  ...
# Subtest: explicit nonexecutable path fails despite a valid PATH fallback
ok 25 - explicit nonexecutable path fails despite a valid PATH fallback
  ---
  duration_ms: 5.854584
  type: 'test'
  ...
# Subtest: explicit directory path fails despite a valid PATH fallback
ok 26 - explicit directory path fails despite a valid PATH fallback
  ---
  duration_ms: 3.362375
  type: 'test'
  ...
# Subtest: Linux resolves installed Chrome from PATH and refuses missing defaults
ok 27 - Linux resolves installed Chrome from PATH and refuses missing defaults
  ---
  duration_ms: 3.014208
  type: 'test'
  ...
# Subtest: checked prerequisites reach setup once with resolved browser and PostgreSQL paths
ok 28 - checked prerequisites reach setup once with resolved browser and PostgreSQL paths
  ---
  duration_ms: 222.931792
  type: 'test'
  ...
# Subtest: missing chrome prevents setup and identifies the prerequisite
ok 29 - missing chrome prevents setup and identifies the prerequisite
  ---
  duration_ms: 28.725208
  type: 'test'
  ...
# Subtest: missing go prevents setup and identifies the prerequisite
ok 30 - missing go prevents setup and identifies the prerequisite
  ---
  duration_ms: 18.383917
  type: 'test'
  ...
# Subtest: missing docker prevents setup and identifies the prerequisite
ok 31 - missing docker prevents setup and identifies the prerequisite
  ---
  duration_ms: 16.751834
  type: 'test'
  ...
# Subtest: missing openssl prevents setup and identifies the prerequisite
ok 32 - missing openssl prevents setup and identifies the prerequisite
  ---
  duration_ms: 18.800708
  type: 'test'
  ...
# Subtest: missing pg_config prevents setup and identifies the prerequisite
ok 33 - missing pg_config prevents setup and identifies the prerequisite
  ---
  duration_ms: 15.169292
  type: 'test'
  ...
# Subtest: missing pg/psql prevents setup and identifies the prerequisite
ok 34 - missing pg/psql prevents setup and identifies the prerequisite
  ---
  duration_ms: 590.768375
  type: 'test'
  ...
# Subtest: missing node_modules/.bin/vinext prevents setup and identifies the prerequisite
ok 35 - missing node_modules/.bin/vinext prevents setup and identifies the prerequisite
  ---
  duration_ms: 233.169834
  type: 'test'
  ...
# Subtest: missing dist/server/index.js prevents setup and identifies the prerequisite
ok 36 - missing dist/server/index.js prevents setup and identifies the prerequisite
  ---
  duration_ms: 302.705958
  type: 'test'
  ...
# Subtest: the actual harness exits nonzero before setup for an invalid explicit browser
ok 37 - the actual harness exits nonzero before setup for an invalid explicit browser
  ---
  duration_ms: 71.935583
  type: 'test'
  ...
# Subtest: invalid relative pg_config output prevents setup
ok 38 - invalid relative pg_config output prevents setup
  ---
  duration_ms: 230.891625
  type: 'test'
  ...
# Subtest: invalid embedded control pg_config output prevents setup
ok 39 - invalid embedded control pg_config output prevents setup
  ---
  duration_ms: 320.760792
  type: 'test'
  ...
# Subtest: invalid empty pg_config output prevents setup
ok 40 - invalid empty pg_config output prevents setup
  ---
  duration_ms: 427.997875
  type: 'test'
  ...
# Subtest: failed pg_config command identifies the tool and prevents setup
ok 41 - failed pg_config command identifies the tool and prevents setup
  ---
  duration_ms: 300.863709
  type: 'test'
  ...
# Subtest: raw member comparison retains whitespace, escaped strings and record order
ok 42 - raw member comparison retains whitespace, escaped strings and record order
  ---
  duration_ms: 0.575542
  type: 'test'
  ...
# Subtest: starts only pinned loopback ephemeral PostgreSQL and joins its exact container
ok 43 - starts only pinned loopback ephemeral PostgreSQL and joins its exact container
  ---
  duration_ms: 3.160209
  type: 'test'
  ...
# Subtest: rejects invalid ports before dispatch
ok 44 - rejects invalid ports before dispatch
  ---
  duration_ms: 0.529083
  type: 'test'
  ...
# Subtest: initializes the same C UTF8 database as the pinned migration reference fixture
ok 45 - initializes the same C UTF8 database as the pinned migration reference fixture
  ---
  duration_ms: 0.964792
  type: 'test'
  ...
# Subtest: default startup leaves function instrumentation off
ok 46 - default startup leaves function instrumentation off
  ---
  duration_ms: 1.124209
  type: 'test'
  ...
# Subtest: readiness failure still removes the created container
ok 47 - readiness failure still removes the created container
  ---
  duration_ms: 40.145416
  type: 'test'
  ...
# Subtest: early server exit fails readiness even if the CLI already exited successfully
ok 48 - early server exit fails readiness even if the CLI already exited successfully
  ---
  duration_ms: 0.421625
  type: 'test'
  ...
# Subtest: failed start removes the exact created resource
ok 49 - failed start removes the exact created resource
  ---
  duration_ms: 0.240542
  type: 'test'
  ...
# Subtest: lost create response recovers only the invocation name and matching ownership label
ok 50 - lost create response recovers only the invocation name and matching ownership label
  ---
  duration_ms: 0.190458
  type: 'test'
  ...
# Subtest: ambiguous create cannot remove a container without matching ownership
ok 51 - ambiguous create cannot remove a container without matching ownership
  ---
  duration_ms: 0.326292
  type: 'test'
  ...
# Subtest: concurrent and repeated stop perform one exact cleanup
ok 52 - concurrent and repeated stop perform one exact cleanup
  ---
  duration_ms: 0.4755
  type: 'test'
  ...
# Subtest: cancellation joins an in-flight create then recovers and removes its resource
ok 53 - cancellation joins an in-flight create then recovers and removes its resource
  ---
  duration_ms: 0.296375
  type: 'test'
  ...
# Subtest: hung commands are bounded and joined before cleanup
ok 54 - hung commands are bounded and joined before cleanup
  ---
  duration_ms: 29.860334
  type: 'test'
  ...
# Subtest: cleanup failure stays rejected even when repeated and absence checks still run
ok 55 - cleanup failure stays rejected even when repeated and absence checks still run
  ---
  duration_ms: 0.440375
  type: 'test'
  ...
# Subtest: successful CLI removal without observed container absence fails the join
ok 56 - successful CLI removal without observed container absence fails the join
  ---
  duration_ms: 0.506667
  type: 'test'
  ...
# Subtest: owned command retains exact result and settled cleanup is idempotent
ok 57 - owned command retains exact result and settled cleanup is idempotent
  ---
  duration_ms: 50.563083
  type: 'test'
  ...
# Subtest: failed spawn still settles cleanup without hiding the command error
ok 58 - failed spawn still settles cleanup without hiding the command error
  ---
  duration_ms: 1.753167
  type: 'test'
  ...
# Subtest: owned command settles a TERM-resistant descendant when parent-waits
ok 59 - owned command settles a TERM-resistant descendant when parent-waits
  ---
  duration_ms: 227.464959
  type: 'test'
  ...
# Subtest: owned command settles a TERM-resistant descendant when parent-exits
ok 60 - owned command settles a TERM-resistant descendant when parent-exits
  ---
  duration_ms: 332.651584
  type: 'test'
  ...
# Subtest: temporary policy child budget covers lease recovery and preserves failures
ok 61 - temporary policy child budget covers lease recovery and preserves failures
  ---
  duration_ms: 14.871667
  type: 'test'
  ...
# Subtest: broad release helper rejects migration or readback failure
ok 62 - broad release helper rejects migration or readback failure
  ---
  duration_ms: 4.123417
  type: 'test'
  ...
# Subtest: broad lifecycle orchestration gates migration and startup on the joined historical proof
ok 63 - broad lifecycle orchestration gates migration and startup on the joined historical proof
  ---
  duration_ms: 6.477792
  type: 'test'
  ...
# Subtest: broad lifecycle orchestration detects missing joins and bypassed mode or release guards
ok 64 - broad lifecycle orchestration detects missing joins and bypassed mode or release guards
  ---
  duration_ms: 8.321125
  type: 'test'
  ...
# Subtest: automatic fixture selects concurrency from exact scoped trigger inventory
ok 65 - automatic fixture selects concurrency from exact scoped trigger inventory
  ---
  duration_ms: 4.574708
  type: 'test'
  ...
# Subtest: pagination seed retains102 paths but grants verified trigger state only to canonical path1
ok 66 - pagination seed retains102 paths but grants verified trigger state only to canonical path1
  ---
  duration_ms: 6.616458
  type: 'test'
  ...
# Subtest: scoped path readback rejects lost pagination evidence, duplicate IDs and any extra verified trigger
ok 67 - scoped path readback rejects lost pagination evidence, duplicate IDs and any extra verified trigger
  ---
  duration_ms: 13.782958
  type: 'test'
  ...
# Subtest: automatic fixture reconciles only its owned create receipt at v1 before public activation
ok 68 - automatic fixture reconciles only its owned create receipt at v1 before public activation
  ---
  duration_ms: 11.9185
  type: 'test'
  ...
# Subtest: automatic fixture rejects mismatched receipts and readbacks without ACK or activation
ok 69 - automatic fixture rejects mismatched receipts and readbacks without ACK or activation
  ---
  duration_ms: 67.308958
  type: 'test'
  ...
# Subtest: automatic fixture rejects failed ACK or altered pending receipts before activation
ok 70 - automatic fixture rejects failed ACK or altered pending receipts before activation
  ---
  duration_ms: 36.198125
  type: 'test'
  ...
# Subtest: automatic fixture control setup preserves global authority and uses each tenant CAS version
ok 71 - automatic fixture control setup preserves global authority and uses each tenant CAS version
  ---
  duration_ms: 2.321542
  type: 'test'
  ...
# Subtest: automatic fixture authenticates exact scope and sends fresh CAS browser authority
ok 72 - automatic fixture authenticates exact scope and sends fresh CAS browser authority
  ---
  duration_ms: 2.291166
  type: 'test'
  ...
# Subtest: automatic fixture permits headerless204 only for the exact receipt ACK protocol
ok 73 - automatic fixture permits headerless204 only for the exact receipt ACK protocol
  ---
  duration_ms: 2.085166
  type: 'test'
  ...
# Subtest: automatic fixture preserves every scenario and never seeds execution or resets admitted budgets
ok 74 - automatic fixture preserves every scenario and never seeds execution or resets admitted budgets
  ---
  duration_ms: 2.76225
  type: 'test'
  ...
# Subtest: Security Agent simulation mode rejects invalid and conflicting flags before allocating resources
ok 75 - Security Agent simulation mode rejects invalid and conflicting flags before allocating resources
  ---
  duration_ms: 951.458292
  type: 'test'
  ...
# Subtest: Security Agent simulation selection bypasses broad dependencies and propagates failure
ok 76 - Security Agent simulation selection bypasses broad dependencies and propagates failure
  ---
  duration_ms: 3.736625
  type: 'test'
  ...
# Subtest: selected lost-create proof waits for enabled retry after the real response settles
ok 77 - selected lost-create proof waits for enabled retry after the real response settles
  ---
  duration_ms: 1.933458
  type: 'test'
  ...
# Subtest: actual audit adapter replaces the principal through public login and logs out the owned reader
ok 78 - actual audit adapter replaces the principal through public login and logs out the owned reader
  ---
  duration_ms: 3.383208
  type: 'test'
  ...
# Subtest: audit principal restoration failure does not skip owned paging cleanup
ok 79 - audit principal restoration failure does not skip owned paging cleanup
  ---
  duration_ms: 1.397833
  type: 'test'
  ...
# Subtest: selected audit setup runs compiled53 and real API registration before policy configuration
ok 80 - selected audit setup runs compiled53 and real API registration before policy configuration
  ---
  duration_ms: 2.963375
  type: 'test'
  ...
# Subtest: actual combined API environment keeps separate logins and removes ambient audit presence
ok 81 - actual combined API environment keeps separate logins and removes ambient audit presence
  ---
  duration_ms: 2.1575
  type: 'test'
  ...
# Subtest: audit browser mode refuses before PostgreSQL discovery or resource allocation
ok 82 - audit browser mode refuses before PostgreSQL discovery or resource allocation
  ---
  duration_ms: 169.008334
  type: 'test'
  ...
# Subtest: precise browser rejects every missing prerequisite before dependency allocation
ok 83 - precise browser rejects every missing prerequisite before dependency allocation
  ---
  duration_ms: 877.452584
  type: 'test'
  ...
# Subtest: precision proof rejects missing prerequisite flags before starting dependencies
ok 84 - precision proof rejects missing prerequisite flags before starting dependencies
  ---
  duration_ms: 253.330542
  type: 'test'
  ...
# Subtest: sandbox search cutover rejects broad harness mode before starting dependencies
ok 85 - sandbox search cutover rejects broad harness mode before starting dependencies
  ---
  duration_ms: 214.612458
  type: 'test'
  ...
# Subtest: combined product proof requires the forward reconciliation migration
ok 86 - combined product proof requires the forward reconciliation migration
  ---
  duration_ms: 1.656834
  type: 'test'
  ...
# Subtest: enrollment pairing proof requires schema45 and real browser lifecycle
ok 87 - enrollment pairing proof requires schema45 and real browser lifecycle
  ---
  duration_ms: 1.605042
  type: 'test'
  ...
# Subtest: observed lineage composition separates v1 preservation from local v2 correlation
ok 88 - observed lineage composition separates v1 preservation from local v2 correlation
  ---
  duration_ms: 2.074334
  type: 'test'
  ...
# Subtest: confidence display fixture cannot claim production correlation reachability
ok 89 - confidence display fixture cannot claim production correlation reachability
  ---
  duration_ms: 2.515625
  type: 'test'
  ...
# Subtest: mixed evidence browser acceptance uses worker data and visible confidence
ok 90 - mixed evidence browser acceptance uses worker data and visible confidence
  ---
  duration_ms: 2.247458
  type: 'test'
  ...
# Subtest: six-class evidence proof requires schema44 and worker-backed scoped links
ok 91 - six-class evidence proof requires schema44 and worker-backed scoped links
  ---
  duration_ms: 3.668375
  type: 'test'
  ...
# Subtest: session indexing composition requires schema42 and production checkpoint proof
ok 92 - session indexing composition requires schema42 and production checkpoint proof
  ---
  duration_ms: 4.286291
  type: 'test'
  ...
# Subtest: runtime query composition requires schema43 and real indexed HTTP search
ok 93 - runtime query composition requires schema43 and real indexed HTTP search
  ---
  duration_ms: 1.649292
  type: 'test'
  ...
# Subtest: audit-only policy fixture refuses session reads when no runtime engine is configured
ok 94 - audit-only policy fixture refuses session reads when no runtime engine is configured
  ---
  duration_ms: 34.829875
  type: 'test'
  ...
# Subtest: runtime proxy forwards only fixed target1 and target2 read routes to the owned engine
ok 95 - runtime proxy forwards only fixed target1 and target2 read routes to the owned engine
  ---
  duration_ms: 123.798458
  type: 'test'
  ...
# Subtest: precise callback readiness accepts authorized empty inventory and still checks fresh session authority
ok 96 - precise callback readiness accepts authorized empty inventory and still checks fresh session authority
  ---
  duration_ms: 14.767542
  type: 'test'
  ...
# Subtest: a pending deadline after server allocation leaves the server owned by parent cleanup
ok 97 - a pending deadline after server allocation leaves the server owned by parent cleanup
  ---
  duration_ms: 52.613208
  type: 'test'
  ...
# Subtest: runtime timeline proves reverse-ingress canonical order across real UI pages
ok 98 - runtime timeline proves reverse-ingress canonical order across real UI pages
  ---
  duration_ms: 8.823083
  type: 'test'
  ...
# Subtest: runtime Sessions UI filters worker-written evidence and resets on scope change
ok 99 - runtime Sessions UI filters worker-written evidence and resets on scope change
  ---
  duration_ms: 3.591208
  type: 'test'
  ...
# Subtest: runtime recovery proof owns authenticated TLS Neo4j instead of a graph stub
ok 100 - runtime recovery proof owns authenticated TLS Neo4j instead of a graph stub
  ---
  duration_ms: 5.383708
  type: 'test'
  ...
# Subtest: runtime candidate recovery requires production-created v2 jobs without fixture relabeling
ok 101 - runtime candidate recovery requires production-created v2 jobs without fixture relabeling
  ---
  duration_ms: 47.991958
  type: 'test'
  ...
# Subtest: runtime session browser proof reads worker-written evidence without seeding sessions
ok 102 - runtime session browser proof reads worker-written evidence without seeding sessions
  ---
  duration_ms: 24.636125
  type: 'test'
  ...
# Subtest: session search proof requires committed evidence and real-engine filter completeness
ok 103 - session search proof requires committed evidence and real-engine filter completeness
  ---
  duration_ms: 31.856917
  type: 'test'
  ...
# Subtest: Home exposure E2E waits for loaded rows, not the persistent navigation title
ok 104 - Home exposure E2E waits for loaded rows, not the persistent navigation title
  ---
  duration_ms: 12.589292
  type: 'test'
  ...
# Subtest: webhook browser E2E verifies real persisted outcome across response loss and reload
ok 105 - webhook browser E2E verifies real persisted outcome across response loss and reload
  ---
  duration_ms: 10.118708
  type: 'test'
  ...
# Subtest: Red Team response recovery proves committed authority without duplicate work
ok 106 - Red Team response recovery proves committed authority without duplicate work
  ---
  duration_ms: 11.141417
  type: 'test'
  ...
# Subtest: recommendation browser proof uses discovered targets without granting execution
ok 107 - recommendation browser proof uses discovered targets without granting execution
  ---
  duration_ms: 5.157417
  type: 'test'
  ...
# Subtest: Red Team runtime proof preserves real composition and exact evidence claims
ok 108 - Red Team runtime proof preserves real composition and exact evidence claims
  ---
  duration_ms: 3.082125
  type: 'test'
  ...
# Subtest: Red Team outcome browser proof reaches safety review without granting execution
ok 109 - Red Team outcome browser proof reaches safety review without granting execution
  ---
  duration_ms: 14.060416
  type: 'test'
  ...
# Subtest: combined production E2E owns every local boundary and fixed assertion
ok 110 - combined production E2E owns every local boundary and fixed assertion
  ---
  duration_ms: 32.199041
  type: 'test'
  ...
# Subtest: mounted acceptance rejects Docker pull and build before allocating an owned command
ok 111 - mounted acceptance rejects Docker pull and build before allocating an owned command
  ---
  duration_ms: 2.807292
  type: 'test'
  ...
# Subtest: owned cleanup is idempotent
ok 112 - owned cleanup is idempotent
  ---
  duration_ms: 0.555667
  type: 'test'
  ...
# Subtest: failed checkpoint or provider joins retain errors and files while other owned resources close
    # Subtest: checkpoint
    ok 1 - checkpoint
      ---
      duration_ms: 5.553792
      type: 'test'
      ...
    # Subtest: mounted first
    ok 2 - mounted first
      ---
      duration_ms: 10.833334
      type: 'test'
      ...
    # Subtest: provider
    ok 3 - provider
      ---
      duration_ms: 8.350959
      type: 'test'
      ...
    # Subtest: graph
    ok 4 - graph
      ---
      duration_ms: 3.640833
      type: 'test'
      ...
    # Subtest: browser
    ok 5 - browser
      ---
      duration_ms: 21.495458
      type: 'test'
      ...
    # Subtest: audit provider
    ok 6 - audit provider
      ---
      duration_ms: 16.740292
      type: 'test'
      ...
    # Subtest: postgres
    ok 7 - postgres
      ---
      duration_ms: 6.768458
      type: 'test'
      ...
    # Subtest: all closed
    ok 8 - all closed
      ---
      duration_ms: 3.551292
      type: 'test'
      ...
    1..8
ok 113 - failed checkpoint or provider joins retain errors and files while other owned resources close
  ---
  duration_ms: 81.876833
  type: 'test'
  ...
# Subtest: combined PostgreSQL startup registers its owner before readiness rejects
ok 114 - combined PostgreSQL startup registers its owner before readiness rejects
  ---
  duration_ms: 6.344083
  type: 'test'
  ...
# Subtest: retirement diagnostic rejects dead owned container despite a live Docker CLI child
ok 115 - retirement diagnostic rejects dead owned container despite a live Docker CLI child
  ---
  duration_ms: 1.686875
  type: 'test'
  ...
# Subtest: combined production E2E removes owned processes and temp root on SIGTERM
ok 116 - combined production E2E removes owned processes and temp root on SIGTERM
  ---
  duration_ms: 4586.055292
  type: 'test'
  ...
# Subtest: combined runtime proof removes owned containers and processes on real SIGTERM
ok 117 - combined runtime proof removes owned containers and processes on real SIGTERM # SKIP
  ---
  duration_ms: 0.196625
  type: 'test'
  ...
# Subtest: composed Red Team runtime removes its owned container on real SIGTERM
ok 118 - composed Red Team runtime removes its owned container on real SIGTERM # SKIP
  ---
  duration_ms: 0.035209
  type: 'test'
  ...
1..118
# tests 147
# suites 2
# pass 144
# fail 1
# cancelled 0
# skipped 2
# todo 0
# duration_ms 8014.16725

EXIT_STATUS=1
