TestComplianceConflictClassification
TestCompliancePersistedAttributionAndHistoricalBytes
TestCompliancePersistedEmptyFindingReferences
TestComplianceExportBindsRequestedJobAndCanonicalFilters
TestComplianceExportsRepository
TestComplianceHTTPMountedPublicLifecycle
TestComplianceHTTPMountedDenials
TestComplianceHTTPDownloadNoDisclosureBeforeConsume
TestComplianceHTTPStrictInputs
TestComplianceReadFailureClassification
TestComplianceEvidenceStrictDecoding
TestComplianceRepositoryBindsScopeAndRejectsUnsafeInput
ok  	github.com/zasp-ai/zasp-sec/services/platform/apiserver	0.959s
TestComplianceRuntimeListenerFailureJoinsPolling
TestComplianceRuntimeComposedLifecycle
TestComplianceWorkerPersistedBytes
TestComplianceWorkerCleanupReceipt
TestComplianceWorkerHeartbeat
TestComplianceReplayOutcomes
TestComplianceRuntimeRendersFrozenSnapshot
TestComplianceRuntimeCandidatesRejectUnsafeWire
TestComplianceRuntimeConfiguration
ok  	github.com/zasp-ai/zasp-sec/services/platform/agentsec-worker	1.478s
TestComplianceStorageFactoryBoundary
TestComplianceAPIProductionComposition
TestComplianceAPIConfiguration
ok  	github.com/zasp-ai/zasp-sec/services/platform/agentsec-api	2.085s
TestComplianceExplicitReleaseCommands
TestRegisterForwardReleaseChecksExactSchemaAfterPrincipals
TestRegisterForwardReleaseStopsOnFailedAuthorityOrReadiness
ok  	github.com/zasp-ai/zasp-sec/services/platform/agentsec-migrate	2.323s

EXIT_STATUS=0
