TAP version 13
# Running local
# Running local
# Running timed
# Running bad
# Running local
# Running build
# Running build
# Running local
# Running build
# Running racing
# Running local
# Running local
# Running local
# Running local
# Running first
# Running later
# Running sometimes
# Running sometimes
# Running sometimes
# Subtest: release plan always executes typecheck and production build
ok 1 - release plan always executes typecheck and production build
  ---
  duration_ms: 5.924711
  type: 'test'
  ...
# Subtest: cache reuses only successful unchanged deterministic checks
ok 2 - cache reuses only successful unchanged deterministic checks
  ---
  duration_ms: 1235.258435
  type: 'test'
  ...
# Subtest: reports fresh supervision time separately from cached execution time
ok 3 - reports fresh supervision time separately from cached execution time
  ---
  duration_ms: 698.479995
  type: 'test'
  ...
# Subtest: failure stops the batch and never creates a passing receipt
ok 4 - failure stops the batch and never creates a passing receipt
  ---
  duration_ms: 162.309983
  type: 'test'
  ...
# Subtest: environment changes invalidate receipts; release checks always rerun
ok 5 - environment changes invalidate receipts; release checks always rerun
  ---
  duration_ms: 2450.742648
  type: 'test'
  ...
# Subtest: a concurrent source change refuses verification evidence
ok 6 - a concurrent source change refuses verification evidence
  ---
  duration_ms: 342.448599
  type: 'test'
  ...
# Subtest: missing ignored environment file changes also invalidate receipts
ok 7 - missing ignored environment file changes also invalidate receipts
  ---
  duration_ms: 870.909628
  type: 'test'
  ...
# Subtest: ignored source evidence invalidates a cached generator check
ok 8 - ignored source evidence invalidates a cached generator check
  ---
  duration_ms: 854.927829
  type: 'test'
  ...
# Subtest: a later check cannot certify an earlier check from a different snapshot
ok 9 - a later check cannot certify an earlier check from a different snapshot
  ---
  duration_ms: 727.169346
  type: 'test'
  ...
# Subtest: forced failed reruns preserve the log of an earlier passing receipt
ok 10 - forced failed reruns preserve the log of an earlier passing receipt
  ---
  duration_ms: 780.585731
  type: 'test'
  ...
# Subtest: refuses reusable verification with externally injected Node preloads
ok 11 - refuses reusable verification with externally injected Node preloads
  ---
  duration_ms: 5.925142
  type: 'test'
  ...
# Subtest: refuses evidence directories whose symlinked children hide inputs
ok 12 - refuses evidence directories whose symlinked children hide inputs
  ---
  duration_ms: 6.618351
  type: 'test'
  ...
1..12
# tests 12
# suites 0
# pass 12
# fail 0
# cancelled 0
# skipped 0
# todo 0
# duration_ms 8206.270574
