=== RUN   TestComplianceStorageFactoryBoundary
{"event":"correlation_span","name":"repository.query","kind":"client","trace_id":"753b6d85d90c4b9aea89476211d9a2df","span_id":"7e9596ec2e150cda","status":"ok","duration_ms":0,"attributes":{"db.operation.name":"query","db.system":"postgresql"}}
{"event":"correlation_span","name":"repository.query","kind":"client","trace_id":"ba19674854e8076699ca901c8abf8876","span_id":"0ecdb06194d0d437","status":"ok","duration_ms":0,"attributes":{"db.operation.name":"query","db.system":"postgresql"}}
{"event":"correlation_span","name":"repository.schema","kind":"client","trace_id":"604e9f49edf684586a21b5468f8d3a9d","span_id":"870b78df12fdc4f2","status":"ok","duration_ms":0,"attributes":{"db.operation.name":"schema","db.system":"postgresql"}}
{"event":"correlation_span","name":"repository.schema","kind":"client","trace_id":"9993bd740a2229e4dd90067908b4f5f8","span_id":"44cc7508a428024d","status":"ok","duration_ms":0,"attributes":{"db.operation.name":"schema","db.system":"postgresql"}}
{"event":"correlation_span","name":"repository.query","kind":"client","trace_id":"b23a4f246e35e3d83d29b87e857b2237","span_id":"ce340ef2e65d1bdc","status":"ok","duration_ms":0,"attributes":{"db.operation.name":"query","db.system":"postgresql"}}
{"event":"correlation_span","name":"repository.query","kind":"client","trace_id":"ddb734f89e4e39bfaa4e291139eb6f4a","span_id":"5207c71bd790e21a","status":"ok","duration_ms":0,"attributes":{"db.operation.name":"query","db.system":"postgresql"}}
{"event":"correlation_span","name":"repository.schema","kind":"client","trace_id":"189c77f7bb9fb99b58f2b3f547b111e0","span_id":"5414f2741e33f304","status":"ok","duration_ms":0,"attributes":{"db.operation.name":"schema","db.system":"postgresql"}}
{"event":"correlation_span","name":"repository.schema","kind":"client","trace_id":"64d88437ccbb9d89070d0b527a9fd256","span_id":"78983251bc13d039","status":"ok","duration_ms":0,"attributes":{"db.operation.name":"schema","db.system":"postgresql"}}
{"event":"correlation_span","name":"repository.query","kind":"client","trace_id":"6f60d6995e06b1bcb396bdd19f32e359","span_id":"84fd40d831bb2f37","status":"ok","duration_ms":0,"attributes":{"db.operation.name":"query","db.system":"postgresql"}}
--- PASS: TestComplianceStorageFactoryBoundary (0.01s)
=== RUN   TestComplianceAPIProductionComposition
=== RUN   TestComplianceAPIProductionComposition/installed
=== RUN   TestComplianceAPIProductionComposition/disabled
    compliance_composition_test.go:118: disabled legacy compatibility 200 {"items":[{"control":{"id":"legacy-control","framework":"SOC 2","name":"Legacy seed","evidence_ids":["legacy-evidence"],"fresh_until":"2020-01-02T00:00:00Z"},"freshness":"stale","evidence":[{"id":"legacy-evidence","asset_id":"legacy-asset","source":"runtime","at":"2020-01-01T00:00:00Z"}]}],"page_info":{"has_more":false,"next_cursor":null}}
    compliance_composition_test.go:84: composition telemetry:
        {"event":"correlation_span","name":"repository.query","kind":"client","trace_id":"3fd3643fcc4fbcc8f950312ab43a5ffd","span_id":"4f81aeebcdcb290d","status":"ok","duration_ms":0,"attributes":{"db.operation.name":"query","db.system":"postgresql"}}
        {"event":"correlation_span","name":"repository.query","kind":"client","trace_id":"3a741ce74f0dc5068ee52860e90c05d6","span_id":"936ed55ba21afe97","status":"ok","duration_ms":0,"attributes":{"db.operation.name":"query","db.system":"postgresql"}}
        {"event":"correlation_span","name":"repository.schema","kind":"client","trace_id":"54c632a994b2089444e2e3926efd4b86","span_id":"04f569d09822c7e7","status":"ok","duration_ms":0,"attributes":{"db.operation.name":"schema","db.system":"postgresql"}}
        {"event":"correlation_span","name":"repository.schema","kind":"client","trace_id":"0ed9e1b62c0f8e6227895517203b69e9","span_id":"18bcc7b482e1b8b1","status":"ok","duration_ms":0,"attributes":{"db.operation.name":"schema","db.system":"postgresql"}}
        {"event":"correlation_span","name":"repository.query","kind":"client","trace_id":"4f0bfccfaec659d633eb8d4e15877edf","span_id":"0ffbc44270f7e6b3","status":"ok","duration_ms":0,"attributes":{"db.operation.name":"query","db.system":"postgresql"}}
        {"event":"correlation_span","name":"repository.query","kind":"client","trace_id":"c87d6e4dfc32c5be0abebee47b40ecb6","span_id":"27523e544d0c1331","status":"ok","duration_ms":0,"attributes":{"db.operation.name":"query","db.system":"postgresql"}}
        {"event":"correlation_span","name":"repository.schema","kind":"client","trace_id":"256976aaad653ab7e7272383d6d74d67","span_id":"b0b4487f5fe5b241","status":"ok","duration_ms":0,"attributes":{"db.operation.name":"schema","db.system":"postgresql"}}
        {"event":"correlation_span","name":"repository.schema","kind":"client","trace_id":"723176afcdb9ac539c9540e190b7fdb6","span_id":"5bcba5779ed544d0","status":"ok","duration_ms":0,"attributes":{"db.operation.name":"schema","db.system":"postgresql"}}
        {"event":"correlation_span","name":"repository.query","kind":"client","trace_id":"c95e2092b5b5e249a4dbc0962a746ab4","span_id":"06900fc2d890b3da","status":"ok","duration_ms":0,"attributes":{"db.operation.name":"query","db.system":"postgresql"}}
        {"event":"correlation_span","name":"repository.schema","kind":"client","trace_id":"77dfe73ea75e87e61a211a0400d8b6de","span_id":"40b68f73136b4fc9","status":"ok","duration_ms":0,"attributes":{"db.operation.name":"schema","db.system":"postgresql"}}
        {"event":"correlation_span","name":"repository.query","kind":"client","trace_id":"dc14e0aced74e96fa1259f510fbf0272","span_id":"85fc18a23a007386","status":"ok","duration_ms":0,"attributes":{"db.operation.name":"query","db.system":"postgresql"}}
        {"event":"correlation_span","name":"repository.query","kind":"client","trace_id":"8a8aa762a7b3ce494f0ec8129282d164","span_id":"2fb3a4747f896927","status":"ok","duration_ms":0,"attributes":{"db.operation.name":"query","db.system":"postgresql"}}
        {"event":"correlation_span","name":"repository.schema","kind":"client","trace_id":"86aed59c7aaa21ca458337bf7cc0f096","span_id":"141d5ee3e394a16d","status":"ok","duration_ms":0,"attributes":{"db.operation.name":"schema","db.system":"postgresql"}}
        {"event":"correlation_span","name":"repository.query","kind":"client","trace_id":"368d5eee3b7f8b5fbd16fb4bc539398c","span_id":"b92f5ed40c39df75","status":"ok","duration_ms":0,"attributes":{"db.operation.name":"query","db.system":"postgresql"}}
        {"event":"correlation_span","name":"repository.query","kind":"client","trace_id":"2e4e1cd8bf1e8f289326beec68376cb4","span_id":"e4897346cfe1778a","status":"ok","duration_ms":0,"attributes":{"db.operation.name":"query","db.system":"postgresql"}}
        {"event":"correlation_span","name":"repository.schema","kind":"client","trace_id":"de714e41575c44743f290893b1e306d7","span_id":"357cf4c5267ec120","status":"ok","duration_ms":0,"attributes":{"db.operation.name":"schema","db.system":"postgresql"}}
        {"event":"correlation_span","name":"repository.query","kind":"client","trace_id":"88ab0f5b52fd314aa13341d3b61fbf62","span_id":"1c067206589635d6","status":"ok","duration_ms":0,"attributes":{"db.operation.name":"query","db.system":"postgresql"}}
        {"event":"correlation_span","name":"repository.schema","kind":"client","trace_id":"c52e3b98e93f62181c7e2e4f17194c7f","span_id":"4288fc25ad3c6348","status":"ok","duration_ms":0,"attributes":{"db.operation.name":"schema","db.system":"postgresql"}}
        {"event":"correlation_span","name":"repository.query","kind":"client","trace_id":"3f59298d3a4dbeb66c66b8de4987bfc4","span_id":"a866a55ea594b14b","status":"ok","duration_ms":0,"attributes":{"db.operation.name":"query","db.system":"postgresql"}}
        {"event":"correlation_span","name":"repository.schema","kind":"client","trace_id":"8b632eb7f20c4f8da311d487ee6ba466","span_id":"3898b0e5c8a170c3","status":"ok","duration_ms":0,"attributes":{"db.operation.name":"schema","db.system":"postgresql"}}
        {"event":"correlation_span","name":"repository.query","kind":"client","trace_id":"8a64643710f9849f7c4aca5d1433ea82","span_id":"01af201484e50a15","status":"ok","duration_ms":0,"attributes":{"db.operation.name":"query","db.system":"postgresql"}}
        {"event":"correlation_span","name":"repository.query","kind":"client","trace_id":"74a138e048c922ff02f8aa10f8b72208","span_id":"d861884368f5c066","parent_span_id":"678f10db1740a553","status":"ok","duration_ms":0,"attributes":{"db.operation.name":"query","db.system":"postgresql"}}
        {"correlation_id":"pid_13d057d2-9785-4fa1-b823-e2ddbec7a990","duration_ms":0,"event":"http_request","method":"GET","route":"/api/v1/compliance/:resource","severity":"INFO","span_id":"678f10db1740a553","status":404,"timestamp":"2026-09-19T03:43:18.756069Z","trace_id":"74a138e048c922ff02f8aa10f8b72208"}
        {"event":"correlation_span","name":"http.request","kind":"server","trace_id":"74a138e048c922ff02f8aa10f8b72208","span_id":"678f10db1740a553","parent_span_id":"b6437b07ecdb9f2a","status":"ok","duration_ms":0,"attributes":{"http.request.method":"GET","http.response.status_code":"404","http.route":"/api/v1/compliance/:resource"}}
        {"event":"correlation_span","name":"repository.query","kind":"client","trace_id":"df1a243acc56b490c24c6b5c506fc287","span_id":"bb2620241e9ab137","parent_span_id":"5ddf052512621ee4","status":"ok","duration_ms":0,"attributes":{"db.operation.name":"query","db.system":"postgresql"}}
        {"event":"correlation_span","name":"repository.query","kind":"client","trace_id":"df1a243acc56b490c24c6b5c506fc287","span_id":"4b32c2ad48dc983b","parent_span_id":"5ddf052512621ee4","status":"ok","duration_ms":0,"attributes":{"db.operation.name":"query","db.system":"postgresql"}}
        {"correlation_id":"pid_98f1cb03-dfdb-48c6-a617-28f57be8430d","duration_ms":0,"event":"http_request","method":"GET","route":"/api/v1/compliance/:resource","severity":"INFO","span_id":"5ddf052512621ee4","status":200,"timestamp":"2026-09-19T03:43:18.75636Z","trace_id":"df1a243acc56b490c24c6b5c506fc287"}
        {"event":"correlation_span","name":"http.request","kind":"server","trace_id":"df1a243acc56b490c24c6b5c506fc287","span_id":"5ddf052512621ee4","parent_span_id":"26b9ee9c9b09303d","status":"ok","duration_ms":0,"attributes":{"http.request.method":"GET","http.response.status_code":"200","http.route":"/api/v1/compliance/:resource"}}
=== RUN   TestComplianceAPIProductionComposition/absent
    compliance_composition_test.go:118: disabled legacy compatibility 200 {"items":[{"control":{"id":"legacy-control","framework":"SOC 2","name":"Legacy seed","evidence_ids":["legacy-evidence"],"fresh_until":"2020-01-02T00:00:00Z"},"freshness":"stale","evidence":[{"id":"legacy-evidence","asset_id":"legacy-asset","source":"runtime","at":"2020-01-01T00:00:00Z"}]}],"page_info":{"has_more":false,"next_cursor":null}}
    compliance_composition_test.go:84: composition telemetry:
        {"event":"correlation_span","name":"repository.query","kind":"client","trace_id":"f0d69ad4749467799b6399bee5f81089","span_id":"536aa5bc26f0e65a","status":"ok","duration_ms":0,"attributes":{"db.operation.name":"query","db.system":"postgresql"}}
        {"event":"correlation_span","name":"repository.query","kind":"client","trace_id":"ecd6b95cb9d2f064b65869f966008168","span_id":"89f16b9aae1800d8","status":"ok","duration_ms":0,"attributes":{"db.operation.name":"query","db.system":"postgresql"}}
        {"event":"correlation_span","name":"repository.schema","kind":"client","trace_id":"0e18bfc9914cf05a453dc9b576df37f6","span_id":"ed573c3b1d067702","status":"ok","duration_ms":0,"attributes":{"db.operation.name":"schema","db.system":"postgresql"}}
        {"event":"correlation_span","name":"repository.schema","kind":"client","trace_id":"da6f08aa89a010fcdc17c744e117c348","span_id":"7cdffc4b3adf4d22","status":"ok","duration_ms":0,"attributes":{"db.operation.name":"schema","db.system":"postgresql"}}
        {"event":"correlation_span","name":"repository.query","kind":"client","trace_id":"57ca93e6a2023b480fea4874c3a4947c","span_id":"4cadc6a3e0c10c43","status":"ok","duration_ms":0,"attributes":{"db.operation.name":"query","db.system":"postgresql"}}
        {"event":"correlation_span","name":"repository.query","kind":"client","trace_id":"40ad39d672cb805d1599f68303ee1c21","span_id":"b8fa98f4b87fa4c4","status":"ok","duration_ms":0,"attributes":{"db.operation.name":"query","db.system":"postgresql"}}
        {"event":"correlation_span","name":"repository.schema","kind":"client","trace_id":"f4e8141c96c249df9ae06e9731166ef6","span_id":"b41cbe8ef605f75d","status":"ok","duration_ms":0,"attributes":{"db.operation.name":"schema","db.system":"postgresql"}}
        {"event":"correlation_span","name":"repository.schema","kind":"client","trace_id":"9ad160828a51bad7937efb18cb01eaf3","span_id":"d4ff854a67366970","status":"ok","duration_ms":0,"attributes":{"db.operation.name":"schema","db.system":"postgresql"}}
        {"event":"correlation_span","name":"repository.query","kind":"client","trace_id":"f60252027d0714e2590bcaec0375c797","span_id":"a6af191ef9bbcdb9","status":"ok","duration_ms":0,"attributes":{"db.operation.name":"query","db.system":"postgresql"}}
        {"event":"correlation_span","name":"repository.schema","kind":"client","trace_id":"8c58aec86dda37a20141b41004d61045","span_id":"507026b286d19f37","status":"ok","duration_ms":0,"attributes":{"db.operation.name":"schema","db.system":"postgresql"}}
        {"event":"correlation_span","name":"repository.query","kind":"client","trace_id":"ffdac774ae7fdb1edbd9740ddbcaf90d","span_id":"6c5212c4172d2657","status":"ok","duration_ms":0,"attributes":{"db.operation.name":"query","db.system":"postgresql"}}
        {"event":"correlation_span","name":"repository.query","kind":"client","trace_id":"8951d867a091f0192937aece85d23a1b","span_id":"ae6372ff1e1a3fdb","status":"ok","duration_ms":0,"attributes":{"db.operation.name":"query","db.system":"postgresql"}}
        {"event":"correlation_span","name":"repository.schema","kind":"client","trace_id":"5f59a732df0ece5d3b646e33a04f7516","span_id":"b205a27872a3c5b8","status":"ok","duration_ms":0,"attributes":{"db.operation.name":"schema","db.system":"postgresql"}}
        {"event":"correlation_span","name":"repository.query","kind":"client","trace_id":"74caa4173c2f6d85b46cea1398bf1c98","span_id":"92939e20260e9aac","status":"ok","duration_ms":0,"attributes":{"db.operation.name":"query","db.system":"postgresql"}}
        {"event":"correlation_span","name":"repository.query","kind":"client","trace_id":"0fea15b6c1db8733d38367d2203db18f","span_id":"88daf9ce50eff445","status":"ok","duration_ms":0,"attributes":{"db.operation.name":"query","db.system":"postgresql"}}
        {"event":"correlation_span","name":"repository.schema","kind":"client","trace_id":"25c609478071c5859f261805bd11201e","span_id":"a6219181929be7b7","status":"ok","duration_ms":0,"attributes":{"db.operation.name":"schema","db.system":"postgresql"}}
        {"event":"correlation_span","name":"repository.query","kind":"client","trace_id":"86ddd6b80f9e73332b2b43f3eb36c7e5","span_id":"584355fcaa599837","status":"ok","duration_ms":0,"attributes":{"db.operation.name":"query","db.system":"postgresql"}}
        {"event":"correlation_span","name":"repository.schema","kind":"client","trace_id":"5036d2b0e93f538d6a54076107479d9b","span_id":"31be980c0219bff9","status":"ok","duration_ms":0,"attributes":{"db.operation.name":"schema","db.system":"postgresql"}}
        {"event":"correlation_span","name":"repository.query","kind":"client","trace_id":"60147b5441d40fca9e744f9982308919","span_id":"4b771ba82c1327c0","status":"ok","duration_ms":0,"attributes":{"db.operation.name":"query","db.system":"postgresql"}}
        {"event":"correlation_span","name":"repository.schema","kind":"client","trace_id":"ec121efa5d8fb5bbf05ff4e6a4b3040e","span_id":"082a09abb27c7b02","status":"ok","duration_ms":0,"attributes":{"db.operation.name":"schema","db.system":"postgresql"}}
        {"event":"correlation_span","name":"repository.query","kind":"client","trace_id":"af5ec5336be9b6b6be15c227d542f796","span_id":"5dca52ea7d0ddd96","status":"ok","duration_ms":0,"attributes":{"db.operation.name":"query","db.system":"postgresql"}}
        {"event":"correlation_span","name":"repository.query","kind":"client","trace_id":"6029bef2601aecc4686b0002e2388cc0","span_id":"5d69daf2821b2114","parent_span_id":"968408b412ffd514","status":"ok","duration_ms":0,"attributes":{"db.operation.name":"query","db.system":"postgresql"}}
        {"correlation_id":"pid_3cd19e2d-0112-47bf-8a47-dc0a1a80d894","duration_ms":0,"event":"http_request","method":"GET","route":"/api/v1/compliance/:resource","severity":"INFO","span_id":"968408b412ffd514","status":404,"timestamp":"2026-09-19T03:43:18.768361Z","trace_id":"6029bef2601aecc4686b0002e2388cc0"}
        {"event":"correlation_span","name":"http.request","kind":"server","trace_id":"6029bef2601aecc4686b0002e2388cc0","span_id":"968408b412ffd514","parent_span_id":"870d2b5d535877f0","status":"ok","duration_ms":0,"attributes":{"http.request.method":"GET","http.response.status_code":"404","http.route":"/api/v1/compliance/:resource"}}
        {"event":"correlation_span","name":"repository.query","kind":"client","trace_id":"994244734d650dc0a68a057ab8b37a3f","span_id":"8c0a350cc3a77dcc","parent_span_id":"f700e27e93d82e57","status":"ok","duration_ms":0,"attributes":{"db.operation.name":"query","db.system":"postgresql"}}
        {"event":"correlation_span","name":"repository.query","kind":"client","trace_id":"994244734d650dc0a68a057ab8b37a3f","span_id":"710adc7bb9177496","parent_span_id":"f700e27e93d82e57","status":"ok","duration_ms":0,"attributes":{"db.operation.name":"query","db.system":"postgresql"}}
        {"correlation_id":"pid_716b12cf-3e90-4c93-b945-7f0ac07710f7","duration_ms":0,"event":"http_request","method":"GET","route":"/api/v1/compliance/:resource","severity":"INFO","span_id":"f700e27e93d82e57","status":200,"timestamp":"2026-09-19T03:43:18.768595Z","trace_id":"994244734d650dc0a68a057ab8b37a3f"}
        {"event":"correlation_span","name":"http.request","kind":"server","trace_id":"994244734d650dc0a68a057ab8b37a3f","span_id":"f700e27e93d82e57","parent_span_id":"79b67afc9eeea99c","status":"ok","duration_ms":0,"attributes":{"http.request.method":"GET","http.response.status_code":"200","http.route":"/api/v1/compliance/:resource"}}
=== RUN   TestComplianceAPIProductionComposition/unregistered
--- FAIL: TestComplianceAPIProductionComposition (0.12s)
    --- PASS: TestComplianceAPIProductionComposition/installed (0.06s)
    --- FAIL: TestComplianceAPIProductionComposition/disabled (0.01s)
    --- FAIL: TestComplianceAPIProductionComposition/absent (0.01s)
    --- PASS: TestComplianceAPIProductionComposition/unregistered (0.03s)
=== RUN   TestComplianceAPIConfiguration
--- PASS: TestComplianceAPIConfiguration (0.00s)
FAIL
FAIL	github.com/zasp-ai/zasp-sec/services/platform/agentsec-api	1.019s
FAIL

EXIT_STATUS=1
