
> zasp-agent-security-console@0.1.0 build
> WRANGLER_LOG_PATH=.wrangler/wrangler.log vinext build


  vinext build  (Vite 8.0.16)

[1/5] analyze client references...
[2Ktransforming...✓ 223 modules transformed.
rendering chunks...
✓ built in 606ms
[2/5] analyze server references...
[2Ktransforming...✓ 160 modules transformed.
rendering chunks...
✓ built in 276ms
[3/5] build rsc environment...
[2Ktransforming...✓ 221 modules transformed.
rendering chunks...
computing gzip size...
✓ built in 507ms
[4/5] build client environment...
[2Ktransforming...✓ 2031 modules transformed.
rendering chunks...
computing gzip size...
✓ built in 737ms
[5/5] build ssr environment...
[2Ktransforming...✓ 166 modules transformed.
rendering chunks...
computing gzip size...
✓ built in 400ms
  Generated standalone output in dist/standalone/
  Start it with: node dist/standalone/server.js


EXIT_STATUS=0
