
 RUN  v4.1.11 /Users/manishmaheshwari/Projects/zasp-sec/.worktrees/cached-runtime-ship-20260917

 ✓ apps/web/api/pagination.test.ts > bounded cursor pagination > does not call a page reader after its authority is aborted 2ms
 ✓ apps/web/api/pagination.test.ts > bounded cursor pagination > does not follow a successful obsolete continuation after authority changes during a page 0ms
 ✓ apps/web/api/pagination.test.ts > bounded cursor pagination > preserves each page boundary and follows only the returned continuation 0ms
 ✓ apps/web/api/pagination.test.ts > bounded cursor pagination > fails closed on repeated cursors and item/page caps 1ms
 ✓ apps/web/api/pagination.test.ts > bounded cursor pagination > propagates cancellation without issuing a later page 0ms
 ✓ app/features/sessions/compliance-api.test.ts > compliance action authority > downloads exact bounded bytes with the one-time grant only in its POST body 8ms
 ✓ app/features/sessions/compliance-api.test.ts > compliance action authority > does not redeem a late grant after session authority changes 1ms
 ✓ apps/web/api/compliance-decoders.test.ts > compliance current contracts > paginates maximum policy IDs without widening unrelated cursors 5ms
 ✓ apps/web/api/compliance-decoders.test.ts > compliance current contracts > validates authoritative freshness when present on direct live controls 1ms
 ✓ apps/web/api/compliance-decoders.test.ts > compliance current contracts > decodes the disabled-service legacy response without inventing freshness 1ms
 ✓ apps/web/api/compliance-decoders.test.ts > compliance current contracts > accepts typed policy sources, preserving old page records 0ms
 × apps/web/api/compliance-decoders.test.ts > compliance current contracts > accepts retained PostgreSQL offset timestamps only on untargeted legacy records 2ms
   → schema mismatch
 ✓ apps/web/api/compliance-decoders.test.ts > compliance current contracts > rejects scope changes, untyped detail and source metadata outside its allowlist 0ms
 ✓ apps/web/api/compliance-decoders.test.ts > compliance current contracts > bounds public jobs and body-only download grants 0ms
 ✓ apps/web/api/compliance-decoders.test.ts > compliance current contracts > rejects calendar overflow instead of normalizing source timestamps 0ms
 ✓ app/features/sessions/SessionsComplianceView.test.tsx > Sessions, compliance, and data controls > bounds event hydration and preserves sessions whose event request fails 5ms
 ✓ app/features/sessions/SessionsComplianceView.test.tsx > Sessions, compliance, and data controls > renders ordered evidence and revokes the exact version 76ms
 ✓ app/features/sessions/SessionsComplianceView.test.tsx > Sessions, compliance, and data controls > accepts only the declared 204 session revoke response 1ms
 ✓ app/features/sessions/SessionsComplianceView.test.tsx > Sessions, compliance, and data controls > renders legacy evidence without claiming current freshness or exports 13ms
 ✓ app/features/sessions/SessionsComplianceView.test.tsx > Sessions, compliance, and data controls > updates versioned metadata-only production controls 37ms
 × app/features/sessions/SessionsComplianceView.test.tsx > compliance retained-service compatibility > keeps populated legacy reads usable through the real adapter and strict cursor/limit query contract 1013ms
   → Unable to find an element with the text: /legacy-asset/. This could be because the text is broken up by multiple elements. In this case, you can provide a function for your text matcher to make your matcher more flexible.

Ignored nodes: comments, script, style
[36m<body>[39m
  [36m<div>[39m
    [36m<div[39m
      [33mclass[39m=[32m"page"[39m
    [36m>[39m
      [36m<div[39m
        [33mclass[39m=[32m"page-header"[39m
      [36m>[39m
        [36m<div>[39m
          [36m<div[39m
            [33mclass[39m=[32m"page-title-row"[39m
          [36m>[39m
            [36m<h1>[39m
              [0mCompliance evidence[0m
            [36m</h1>[39m
            [36m<span[39m
              [33maria-label[39m=[32m"More information"[39m
              [33mclass[39m=[32m"info-dot"[39m
            [36m>[39m
              [0mi[0m
            [36m</span>[39m
          [36m</div>[39m
          [36m<p>[39m
            [0mProduct evidence for review. Freshness and exports do not establish certification or control effectiveness.[0m
          [36m</p>[39m
        [36m</div>[39m
      [36m</div>[39m
      [36m<p[39m
        [33mrole[39m=[32m"alert"[39m
      [36m>[39m
        [0mCompliance request failed. Evidence inspection remains available; retry the request.[0m
        [0m [0m
        [36m<button[39m
          [33mclass[39m=[32m"button button--secondary "[39m
        [36m>[39m
          [0mRetry evidence[0m
        [36m</button>[39m
      [36m</p>[39m
      [36m<label>[39m
        [0mFramework [0m
        [36m<select[39m
          [33maria-label[39m=[32m"Framework"[39m
        [36m>[39m
          [36m<option[39m
            [33mvalue[39m=[32m""[39m
          [36m>[39m
            [0mAll frameworks[0m
          [36m</option>[39m
          [36m<option[39m
            [33mvalue[39m=[32m"soc2_security"[39m
          [36m>[39m
            [0mSOC 2 Security[0m
          [36m</option>[39m
          [36m<option[39m
            [33mvalue[39m=[32m"hipaa"[39m
          [36m>[39m
            [0mHIPAA[0m
          [36m</option>[39m
        [36m</select>[39m
      [36m</label>[39m
      [36m<label>[39m
        [0mControl [0m
        [36m<select[39m
          [33maria-label[39m=[32m"Control"[39m
        [36m>[39m
          [36m<option[39m
            [33mvalue[39m=[32m""[39m
          [36m>[39m
            [0mAll controls[0m
          [36m</option>[39m
        [36m</select>[39m
      [36m</label>[39m
      [36m<div[39m
        [33mclass[39m=[32m"dashboard-grid"[39m
      [36m/>[39m
      [36m<section[39m
        [33mclass[39m=[32m"card "[39m
      [36m>[39m
        [36m<div[39m
          [33mclass[39m=[32m"card__header"[39m
        [36m>[39m
          [36m<div[39m
            [33mclass[39m=[32m"card__title"[39m
          [36m>[39m
            [0mEvidence exports unavailable[0m
          [36m</div>[39m
        [36m</div>[39m
        [36m<p>[39m
          [0mCurrent source and export service are not available for this view. Legacy records are not current-source proof.[0m
        [36m</p>[39m
      [36m</section>[39m
    [36m</div>[39m
  [36m</div>[39m
[36m</body>[39m

Ignored nodes: comments, script, style
[36m<body>[39m
  [36m<div>[39m
    [36m<div[39m
      [33mclass[39m=[32m"page"[39m
    [36m>[39m
      [36m<div[39m
        [33mclass[39m=[32m"page-header"[39m
      [36m>[39m
        [36m<div>[39m
          [36m<div[39m
            [33mclass[39m=[32m"page-title-row"[39m
          [36m>[39m
            [36m<h1>[39m
              [0mCompliance evidence[0m
            [36m</h1>[39m
            [36m<span[39m
              [33maria-label[39m=[32m"More information"[39m
              [33mclass[39m=[32m"info-dot"[39m
            [36m>[39m
              [0mi[0m
            [36m</span>[39m
          [36m</div>[39m
          [36m<p>[39m
            [0mProduct evidence for review. Freshness and exports do not establish certification or control effectiveness.[0m
          [36m</p>[39m
        [36m</div>[39m
      [36m</div>[39m
      [36m<p[39m
        [33mrole[39m=[32m"alert"[39m
      [36m>[39m
        [0mCompliance request failed. Evidence inspection remains available; retry the request.[0m
        [0m [0m
        [36m<button[39m
          [33mclass[39m=[32m"button button--secondary "[39m
        [36m>[39m
          [0mRetry evidence[0m
        [36m</button>[39m
      [36m</p>[39m
      [36m<label>[39m
        [0mFramework [0m
        [36m<select[39m
          [33maria-label[39m=[32m"Framework"[39m
        [36m>[39m
          [36m<option[39m
            [33mvalue[39m=[32m""[39m
          [36m>[39m
            [0mAll frameworks[0m
          [36m</option>[39m
          [36m<option[39m
            [33mvalue[39m=[32m"soc2_security"[39m
          [36m>[39m
            [0mSOC 2 Security[0m
          [36m</option>[39m
          [36m<option[39m
            [33mvalue[39m=[32m"hipaa"[39m
          [36m>[39m
            [0mHIPAA[0m
          [36m</option>[39m
        [36m</select>[39m
      [36m</label>[39m
      [36m<label>[39m
        [0mControl [0m
        [36m<select[39m
          [33maria-label[39m=[32m"Control"[39m
        [36m>[39m
          [36m<option[39m
            [33mvalue[39m=[32m""[39m
          [36m>[39m
            [0mAll controls[0m
          [36m</option>[39m
        [36m</select>[39m
      [36m</label>[39m
      [36m<div[39m
        [33mclass[39m=[32m"dashboard-grid"[39m
      [36m/>[39m
      [36m<section[39m
        [33mclass[39m=[32m"card "[39m
      [36m>[39m
        [36m<div[39m
          [33mclass[39m=[32m"card__header"[39m
        [36m>[39m
          [36m<div[39m
            [33mclass[39m=[32m"card__title"[39m
          [36m>[39m
            [0mEvidence exports unavailable[0m
          [36m</div>[39m
        [36m</div>[39m
        [36m<p>[39m
          [0mCurrent source and export service are not available for this view. Legacy records are not current-source proof.[0m
        [36m</p>[39m
      [36m</section>[39m
    [36m</div>[39m
  [36m</div>[39m
[36m</body>[39m
 ✓ app/features/sessions/SessionsComplianceView.test.tsx > compliance retained-service compatibility > treats empty controls as unfiltered legacy without inventing current support 7ms
 ✓ app/features/sessions/SessionsComplianceView.test.tsx > compliance retained-service compatibility > rejects mixed current/legacy controls before reading evidence 6ms
 ✓ app/features/sessions/SessionsComplianceView.test.tsx > compliance retained-service compatibility > never downgrades a controls failure 401 into legacy reads 5ms
 ✓ app/features/sessions/SessionsComplianceView.test.tsx > compliance retained-service compatibility > never downgrades a controls failure 403 into legacy reads 5ms
 ✓ app/features/sessions/SessionsComplianceView.test.tsx > compliance retained-service compatibility > never downgrades a controls failure 409 into legacy reads 4ms
 ✓ app/features/sessions/SessionsComplianceView.test.tsx > compliance retained-service compatibility > never downgrades a controls failure 503 into legacy reads 6ms
 ✓ app/features/sessions/SessionsComplianceView.test.tsx > current compliance UI > loads populated HIPAA and SOC2 with independent cursor chains through the mounted client 38ms
 ✓ app/features/sessions/SessionsComplianceView.test.tsx > current compliance UI > cancels obsolete scope list page 1 in controls before a continuation starts 67ms
 ✓ app/features/sessions/SessionsComplianceView.test.tsx > current compliance UI > cancels obsolete principal list page 1 in controls before a continuation starts 64ms
 ✓ app/features/sessions/SessionsComplianceView.test.tsx > current compliance UI > cancels obsolete scope list page 2 in controls before a continuation starts 67ms
 ✓ app/features/sessions/SessionsComplianceView.test.tsx > current compliance UI > cancels obsolete principal list page 2 in controls before a continuation starts 68ms
 ✓ app/features/sessions/SessionsComplianceView.test.tsx > current compliance UI > cancels obsolete scope list page 1 in soc2_security before a continuation starts 67ms
 ✓ app/features/sessions/SessionsComplianceView.test.tsx > current compliance UI > cancels obsolete principal list page 1 in soc2_security before a continuation starts 73ms
 ✓ app/features/sessions/SessionsComplianceView.test.tsx > current compliance UI > cancels obsolete scope list page 2 in soc2_security before a continuation starts 68ms
 ✓ app/features/sessions/SessionsComplianceView.test.tsx > current compliance UI > cancels obsolete principal list page 2 in soc2_security before a continuation starts 65ms
 ✓ app/features/sessions/SessionsComplianceView.test.tsx > current compliance UI > cancels obsolete scope list page 1 in hipaa before a continuation starts 69ms
 ✓ app/features/sessions/SessionsComplianceView.test.tsx > current compliance UI > cancels obsolete principal list page 1 in hipaa before a continuation starts 72ms
 ✓ app/features/sessions/SessionsComplianceView.test.tsx > current compliance UI > cancels obsolete scope list page 2 in hipaa before a continuation starts 61ms
 ✓ app/features/sessions/SessionsComplianceView.test.tsx > current compliance UI > cancels obsolete principal list page 2 in hipaa before a continuation starts 66ms
 ✓ app/features/sessions/SessionsComplianceView.test.tsx > current compliance UI > refuses obsolete scope 401 errors before they can invalidate replacement authority (authentication_required/Authentication required/false/controls) 65ms
 ✓ app/features/sessions/SessionsComplianceView.test.tsx > current compliance UI > refuses obsolete principal 401 errors before they can invalidate replacement authority (authentication_required/Authentication required/false/controls) 65ms
 ✓ app/features/sessions/SessionsComplianceView.test.tsx > current compliance UI > refuses obsolete scope 409 errors before they can invalidate replacement authority (scope_stale/Session scope changed; rebootstrap required/true/controls) 59ms
 ✓ app/features/sessions/SessionsComplianceView.test.tsx > current compliance UI > refuses obsolete principal 409 errors before they can invalidate replacement authority (scope_stale/Session scope changed; rebootstrap required/true/controls) 58ms
 ✓ app/features/sessions/SessionsComplianceView.test.tsx > current compliance UI > refuses obsolete scope 401 errors before they can invalidate replacement authority (authentication_required/Authentication required/false/soc2_security) 58ms
 ✓ app/features/sessions/SessionsComplianceView.test.tsx > current compliance UI > refuses obsolete principal 401 errors before they can invalidate replacement authority (authentication_required/Authentication required/false/soc2_security) 64ms
 ✓ app/features/sessions/SessionsComplianceView.test.tsx > current compliance UI > refuses obsolete scope 409 errors before they can invalidate replacement authority (scope_stale/Session scope changed; rebootstrap required/true/soc2_security) 62ms
 ✓ app/features/sessions/SessionsComplianceView.test.tsx > current compliance UI > refuses obsolete principal 409 errors before they can invalidate replacement authority (scope_stale/Session scope changed; rebootstrap required/true/soc2_security) 63ms
 ✓ app/features/sessions/SessionsComplianceView.test.tsx > current compliance UI > refuses obsolete scope 401 errors before they can invalidate replacement authority (authentication_required/Authentication required/false/hipaa) 64ms
 ✓ app/features/sessions/SessionsComplianceView.test.tsx > current compliance UI > refuses obsolete principal 401 errors before they can invalidate replacement authority (authentication_required/Authentication required/false/hipaa) 64ms
 ✓ app/features/sessions/SessionsComplianceView.test.tsx > current compliance UI > refuses obsolete scope 409 errors before they can invalidate replacement authority (scope_stale/Session scope changed; rebootstrap required/true/hipaa) 64ms
 ✓ app/features/sessions/SessionsComplianceView.test.tsx > current compliance UI > refuses obsolete principal 409 errors before they can invalidate replacement authority (scope_stale/Session scope changed; rebootstrap required/true/hipaa) 65ms
 ✓ app/features/sessions/SessionsComplianceView.test.tsx > current compliance UI > uses aggregate freshness, exposes typed source/time links, and filters frameworks and controls 47ms
 ✓ app/features/sessions/SessionsComplianceView.test.tsx > current compliance UI > reads exact source versions through the compliance detail endpoint 10ms
 ✓ app/features/sessions/SessionsComplianceView.test.tsx > current compliance UI > keeps deterministic detail denial 409 5ms
 ✓ app/features/sessions/SessionsComplianceView.test.tsx > current compliance UI > keeps deterministic detail denial 404 3ms
 ✓ app/features/sessions/SessionsComplianceView.test.tsx > current compliance UI > keeps deterministic detail denial 403 4ms
 ✓ app/features/sessions/SessionsComplianceView.test.tsx > current compliance UI > creates queued exports with the selected filters, recovers status on reload, and leaves evidence readable on download failure 64ms
 ✓ app/features/sessions/SessionsComplianceView.test.tsx > current compliance UI > renders failed export without hiding evidence 19ms
 ✓ app/features/sessions/SessionsComplianceView.test.tsx > current compliance UI > renders expired export without hiding evidence 20ms
 ✓ app/features/sessions/SessionsComplianceView.test.tsx > current compliance UI > drops late evidence responses on a changed principal and hides revoked authority immediately 56ms

⎯⎯⎯⎯⎯⎯⎯ Failed Tests 2 ⎯⎯⎯⎯⎯⎯⎯

 FAIL  app/features/sessions/SessionsComplianceView.test.tsx > compliance retained-service compatibility > keeps populated legacy reads usable through the real adapter and strict cursor/limit query contract
TestingLibraryElementError: Unable to find an element with the text: /legacy-asset/. This could be because the text is broken up by multiple elements. In this case, you can provide a function for your text matcher to make your matcher more flexible.

Ignored nodes: comments, script, style
[36m<body>[39m
  [36m<div>[39m
    [36m<div[39m
      [33mclass[39m=[32m"page"[39m
    [36m>[39m
      [36m<div[39m
        [33mclass[39m=[32m"page-header"[39m
      [36m>[39m
        [36m<div>[39m
          [36m<div[39m
            [33mclass[39m=[32m"page-title-row"[39m
          [36m>[39m
            [36m<h1>[39m
              [0mCompliance evidence[0m
            [36m</h1>[39m
            [36m<span[39m
              [33maria-label[39m=[32m"More information"[39m
              [33mclass[39m=[32m"info-dot"[39m
            [36m>[39m
              [0mi[0m
            [36m</span>[39m
          [36m</div>[39m
          [36m<p>[39m
            [0mProduct evidence for review. Freshness and exports do not establish certification or control effectiveness.[0m
          [36m</p>[39m
        [36m</div>[39m
      [36m</div>[39m
      [36m<p[39m
        [33mrole[39m=[32m"alert"[39m
      [36m>[39m
        [0mCompliance request failed. Evidence inspection remains available; retry the request.[0m
        [0m [0m
        [36m<button[39m
          [33mclass[39m=[32m"button button--secondary "[39m
        [36m>[39m
          [0mRetry evidence[0m
        [36m</button>[39m
      [36m</p>[39m
      [36m<label>[39m
        [0mFramework [0m
        [36m<select[39m
          [33maria-label[39m=[32m"Framework"[39m
        [36m>[39m
          [36m<option[39m
            [33mvalue[39m=[32m""[39m
          [36m>[39m
            [0mAll frameworks[0m
          [36m</option>[39m
          [36m<option[39m
            [33mvalue[39m=[32m"soc2_security"[39m
          [36m>[39m
            [0mSOC 2 Security[0m
          [36m</option>[39m
          [36m<option[39m
            [33mvalue[39m=[32m"hipaa"[39m
          [36m>[39m
            [0mHIPAA[0m
          [36m</option>[39m
        [36m</select>[39m
      [36m</label>[39m
      [36m<label>[39m
        [0mControl [0m
        [36m<select[39m
          [33maria-label[39m=[32m"Control"[39m
        [36m>[39m
          [36m<option[39m
            [33mvalue[39m=[32m""[39m
          [36m>[39m
            [0mAll controls[0m
          [36m</option>[39m
        [36m</select>[39m
      [36m</label>[39m
      [36m<div[39m
        [33mclass[39m=[32m"dashboard-grid"[39m
      [36m/>[39m
      [36m<section[39m
        [33mclass[39m=[32m"card "[39m
      [36m>[39m
        [36m<div[39m
          [33mclass[39m=[32m"card__header"[39m
        [36m>[39m
          [36m<div[39m
            [33mclass[39m=[32m"card__title"[39m
          [36m>[39m
            [0mEvidence exports unavailable[0m
          [36m</div>[39m
        [36m</div>[39m
        [36m<p>[39m
          [0mCurrent source and export service are not available for this view. Legacy records are not current-source proof.[0m
        [36m</p>[39m
      [36m</section>[39m
    [36m</div>[39m
  [36m</div>[39m
[36m</body>[39m

Ignored nodes: comments, script, style
[36m<body>[39m
  [36m<div>[39m
    [36m<div[39m
      [33mclass[39m=[32m"page"[39m
    [36m>[39m
      [36m<div[39m
        [33mclass[39m=[32m"page-header"[39m
      [36m>[39m
        [36m<div>[39m
          [36m<div[39m
            [33mclass[39m=[32m"page-title-row"[39m
          [36m>[39m
            [36m<h1>[39m
              [0mCompliance evidence[0m
            [36m</h1>[39m
            [36m<span[39m
              [33maria-label[39m=[32m"More information"[39m
              [33mclass[39m=[32m"info-dot"[39m
            [36m>[39m
              [0mi[0m
            [36m</span>[39m
          [36m</div>[39m
          [36m<p>[39m
            [0mProduct evidence for review. Freshness and exports do not establish certification or control effectiveness.[0m
          [36m</p>[39m
        [36m</div>[39m
      [36m</div>[39m
      [36m<p[39m
        [33mrole[39m=[32m"alert"[39m
      [36m>[39m
        [0mCompliance request failed. Evidence inspection remains available; retry the request.[0m
        [0m [0m
        [36m<button[39m
          [33mclass[39m=[32m"button button--secondary "[39m
        [36m>[39m
          [0mRetry evidence[0m
        [36m</button>[39m
      [36m</p>[39m
      [36m<label>[39m
        [0mFramework [0m
        [36m<select[39m
          [33maria-label[39m=[32m"Framework"[39m
        [36m>[39m
          [36m<option[39m
            [33mvalue[39m=[32m""[39m
          [36m>[39m
            [0mAll frameworks[0m
          [36m</option>[39m
          [36m<option[39m
            [33mvalue[39m=[32m"soc2_security"[39m
          [36m>[39m
            [0mSOC 2 Security[0m
          [36m</option>[39m
          [36m<option[39m
            [33mvalue[39m=[32m"hipaa"[39m
          [36m>[39m
            [0mHIPAA[0m
          [36m</option>[39m
        [36m</select>[39m
      [36m</label>[39m
      [36m<label>[39m
        [0mControl [0m
        [36m<select[39m
          [33maria-label[39m=[32m"Control"[39m
        [36m>[39m
          [36m<option[39m
            [33mvalue[39m=[32m""[39m
          [36m>[39m
            [0mAll controls[0m
          [36m</option>[39m
        [36m</select>[39m
      [36m</label>[39m
      [36m<div[39m
        [33mclass[39m=[32m"dashboard-grid"[39m
      [36m/>[39m
      [36m<section[39m
        [33mclass[39m=[32m"card "[39m
      [36m>[39m
        [36m<div[39m
          [33mclass[39m=[32m"card__header"[39m
        [36m>[39m
          [36m<div[39m
            [33mclass[39m=[32m"card__title"[39m
          [36m>[39m
            [0mEvidence exports unavailable[0m
          [36m</div>[39m
        [36m</div>[39m
        [36m<p>[39m
          [0mCurrent source and export service are not available for this view. Legacy records are not current-source proof.[0m
        [36m</p>[39m
      [36m</section>[39m
    [36m</div>[39m
  [36m</div>[39m
[36m</body>[39m
 ❯ waitForWrapper node_modules/@testing-library/dom/dist/wait-for.js:163:27
 ❯ node_modules/@testing-library/dom/dist/query-helpers.js:86:33
 ❯ app/features/sessions/SessionsComplianceView.test.tsx:79:25
     77|     } });
     78|     render(<SessionsComplianceView surface="compliance" client={client…
     79|     expect(await screen.findByText(/legacy-asset/)).toBeVisible();
       |                         ^
     80|     expect(screen.getByText("Legacy evidence (current freshness unavai…
     81|     expect(screen.getByText("Evidence exports unavailable")).toBeVisib…

⎯⎯⎯⎯⎯⎯⎯⎯⎯⎯⎯⎯⎯⎯⎯⎯⎯⎯⎯⎯⎯⎯⎯⎯[1/2]⎯

 FAIL  apps/web/api/compliance-decoders.test.ts > compliance current contracts > accepts retained PostgreSQL offset timestamps only on untargeted legacy records
Error: schema mismatch
 ❯ bad apps/web/api/compliance-decoders.ts:4:31
      2|
      3| const productID = /^pid_[0-9a-f]{8}-[0-9a-f]{4}-4[0-9a-f]{3}-[89ab][0-…
      4| function bad(): never { throw new Error("schema mismatch"); }
       |                               ^
      5| function exact(value: unknown, required: string[], optional: string[] …
      6|   if (!value || typeof value !== "object" || Array.isArray(value)) bad…
 ❯ date apps/web/api/compliance-decoders.ts:16:153
 ❯ decodeComplianceRecord apps/web/api/compliance-decoders.ts:31:147
 ❯ apps/web/api/administration-decoders.ts:44:331
 ❯ apps/web/api/administration-decoders.ts:54:207
 ❯ decoded apps/web/api/administration-decoders.ts:57:189
 ❯ page apps/web/api/administration-decoders.ts:54:107
 ❯ decodeComplianceEvidencePage apps/web/api/administration-decoders.ts:44:65
 ❯ apps/web/api/compliance-decoders.test.ts:50:10

⎯⎯⎯⎯⎯⎯⎯⎯⎯⎯⎯⎯⎯⎯⎯⎯⎯⎯⎯⎯⎯⎯⎯⎯[2/2]⎯


 Test Files  2 failed | 2 passed (4)
      Tests  2 failed | 59 passed (61)
   Start at  20:49:16
   Duration  4.38s (transform 323ms, setup 1.28s, import 464ms, tests 3.03s, environment 3.02s)


EXIT_STATUS=1
