TAP version 13
# Subtest: browser reload preserves the current top-level browsing context
ok 1 - browser reload preserves the current top-level browsing context
  ---
  duration_ms: 1.036911
  type: 'test'
  ...
# Subtest: macOS preserves the existing application default
ok 2 - macOS preserves the existing application default
  ---
  duration_ms: 1.559327
  type: 'test'
  ...
# Subtest: explicit Linux executable with spaces and shell metacharacters is passed literally
ok 3 - explicit Linux executable with spaces and shell metacharacters is passed literally
  ---
  duration_ms: 3.656232
  type: 'test'
  ...
# Subtest: explicit relative browser path fails without fallback
ok 4 - explicit relative browser path fails without fallback
  ---
  duration_ms: 0.432771
  type: 'test'
  ...
# Subtest: explicit newline browser path fails without fallback
ok 5 - explicit newline browser path fails without fallback
  ---
  duration_ms: 0.152249
  type: 'test'
  ...
# Subtest: explicit NUL browser path fails without fallback
ok 6 - explicit NUL browser path fails without fallback
  ---
  duration_ms: 0.082504
  type: 'test'
  ...
# Subtest: explicit tab browser path fails without fallback
ok 7 - explicit tab browser path fails without fallback
  ---
  duration_ms: 0.140081
  type: 'test'
  ...
# Subtest: explicit DEL browser path fails without fallback
ok 8 - explicit DEL browser path fails without fallback
  ---
  duration_ms: 0.075904
  type: 'test'
  ...
# Subtest: explicit C1 browser path fails without fallback
ok 9 - explicit C1 browser path fails without fallback
  ---
  duration_ms: 0.18587
  type: 'test'
  ...
# Subtest: explicit empty browser path fails without fallback
ok 10 - explicit empty browser path fails without fallback
  ---
  duration_ms: 0.245539
  type: 'test'
  ...
# Subtest: explicit nonexistent path fails despite a valid PATH fallback
ok 11 - explicit nonexistent path fails despite a valid PATH fallback
  ---
  duration_ms: 1.580739
  type: 'test'
  ...
# Subtest: explicit nonexecutable path fails despite a valid PATH fallback
ok 12 - explicit nonexecutable path fails despite a valid PATH fallback
  ---
  duration_ms: 0.764871
  type: 'test'
  ...
# Subtest: explicit directory path fails despite a valid PATH fallback
ok 13 - explicit directory path fails despite a valid PATH fallback
  ---
  duration_ms: 0.627905
  type: 'test'
  ...
# Subtest: Linux resolves installed Chrome from PATH and refuses missing defaults
ok 14 - Linux resolves installed Chrome from PATH and refuses missing defaults
  ---
  duration_ms: 1.046835
  type: 'test'
  ...
# Subtest: checked prerequisites reach setup once with resolved browser and PostgreSQL paths
ok 15 - checked prerequisites reach setup once with resolved browser and PostgreSQL paths
  ---
  duration_ms: 4.455065
  type: 'test'
  ...
# Subtest: missing chrome prevents setup and identifies the prerequisite
ok 16 - missing chrome prevents setup and identifies the prerequisite
  ---
  duration_ms: 1.58769
  type: 'test'
  ...
# Subtest: missing go prevents setup and identifies the prerequisite
ok 17 - missing go prevents setup and identifies the prerequisite
  ---
  duration_ms: 0.996439
  type: 'test'
  ...
# Subtest: missing docker prevents setup and identifies the prerequisite
ok 18 - missing docker prevents setup and identifies the prerequisite
  ---
  duration_ms: 1.027076
  type: 'test'
  ...
# Subtest: missing openssl prevents setup and identifies the prerequisite
ok 19 - missing openssl prevents setup and identifies the prerequisite
  ---
  duration_ms: 0.923831
  type: 'test'
  ...
# Subtest: missing pg_config prevents setup and identifies the prerequisite
ok 20 - missing pg_config prevents setup and identifies the prerequisite
  ---
  duration_ms: 1.523944
  type: 'test'
  ...
# Subtest: missing pg/psql prevents setup and identifies the prerequisite
ok 21 - missing pg/psql prevents setup and identifies the prerequisite
  ---
  duration_ms: 2.317348
  type: 'test'
  ...
# Subtest: missing node_modules/.bin/vinext prevents setup and identifies the prerequisite
ok 22 - missing node_modules/.bin/vinext prevents setup and identifies the prerequisite
  ---
  duration_ms: 2.352651
  type: 'test'
  ...
# Subtest: missing dist/server/index.js prevents setup and identifies the prerequisite
ok 23 - missing dist/server/index.js prevents setup and identifies the prerequisite
  ---
  duration_ms: 2.189024
  type: 'test'
  ...
# Subtest: the actual harness exits nonzero before setup for an invalid explicit browser
ok 24 - the actual harness exits nonzero before setup for an invalid explicit browser
  ---
  duration_ms: 77.22149
  type: 'test'
  ...
# Subtest: invalid relative pg_config output prevents setup
ok 25 - invalid relative pg_config output prevents setup
  ---
  duration_ms: 3.004502
  type: 'test'
  ...
# Subtest: invalid embedded control pg_config output prevents setup
ok 26 - invalid embedded control pg_config output prevents setup
  ---
  duration_ms: 3.080536
  type: 'test'
  ...
# Subtest: invalid empty pg_config output prevents setup
ok 27 - invalid empty pg_config output prevents setup
  ---
  duration_ms: 2.64468
  type: 'test'
  ...
# Subtest: failed pg_config command identifies the tool and prevents setup
ok 28 - failed pg_config command identifies the tool and prevents setup
  ---
  duration_ms: 2.495886
  type: 'test'
  ...
# Subtest: raw member comparison retains whitespace, escaped strings and record order
ok 29 - raw member comparison retains whitespace, escaped strings and record order
  ---
  duration_ms: 0.821736
  type: 'test'
  ...
# Subtest: starts only pinned loopback ephemeral PostgreSQL and joins its exact container
ok 30 - starts only pinned loopback ephemeral PostgreSQL and joins its exact container
  ---
  duration_ms: 3.301589
  type: 'test'
  ...
# Subtest: rejects invalid ports before dispatch
ok 31 - rejects invalid ports before dispatch
  ---
  duration_ms: 1.211544
  type: 'test'
  ...
# Subtest: optional discovery helper is one exact readonly regular executable mount
ok 32 - optional discovery helper is one exact readonly regular executable mount
  ---
  duration_ms: 7.830125
  type: 'test'
  ...
# Subtest: isolated browser PostgreSQL has no published port and joins its raw-wire bridge
ok 33 - isolated browser PostgreSQL has no published port and joins its raw-wire bridge
  ---
  duration_ms: 0.907076
  type: 'test'
  ...
# Subtest: initializes the same C UTF8 database as the pinned migration reference fixture
ok 34 - initializes the same C UTF8 database as the pinned migration reference fixture
  ---
  duration_ms: 1.145985
  type: 'test'
  ...
# Subtest: default startup leaves function instrumentation off
ok 35 - default startup leaves function instrumentation off
  ---
  duration_ms: 0.304449
  type: 'test'
  ...
# Subtest: readiness failure still removes the created container
ok 36 - readiness failure still removes the created container
  ---
  duration_ms: 40.591912
  type: 'test'
  ...
# Subtest: early server exit fails readiness even if the CLI already exited successfully
ok 37 - early server exit fails readiness even if the CLI already exited successfully
  ---
  duration_ms: 0.586052
  type: 'test'
  ...
# Subtest: failed start removes the exact created resource
ok 38 - failed start removes the exact created resource
  ---
  duration_ms: 0.652912
  type: 'test'
  ...
# Subtest: lost create response recovers only the invocation name and matching ownership label
ok 39 - lost create response recovers only the invocation name and matching ownership label
  ---
  duration_ms: 0.782518
  type: 'test'
  ...
# Subtest: ambiguous create cannot remove a container without matching ownership
ok 40 - ambiguous create cannot remove a container without matching ownership
  ---
  duration_ms: 0.398059
  type: 'test'
  ...
# Subtest: concurrent and repeated stop perform one exact cleanup
ok 41 - concurrent and repeated stop perform one exact cleanup
  ---
  duration_ms: 0.514895
  type: 'test'
  ...
# Subtest: cancellation joins an in-flight create then recovers and removes its resource
ok 42 - cancellation joins an in-flight create then recovers and removes its resource
  ---
  duration_ms: 0.482466
  type: 'test'
  ...
# Subtest: hung commands are bounded and joined before cleanup
ok 43 - hung commands are bounded and joined before cleanup
  ---
  duration_ms: 31.297944
  type: 'test'
  ...
# Subtest: cleanup failure stays rejected even when repeated and absence checks still run
ok 44 - cleanup failure stays rejected even when repeated and absence checks still run
  ---
  duration_ms: 0.788527
  type: 'test'
  ...
# Subtest: successful CLI removal without observed container absence fails the join
ok 45 - successful CLI removal without observed container absence fails the join
  ---
  duration_ms: 0.483798
  type: 'test'
  ...
1..45
# tests 45
# suites 0
# pass 45
# fail 0
# cancelled 0
# skipped 0
# todo 0
# duration_ms 193.986603
