TAP version 13
# Subtest: actual owned readiness failure exposes fixed reason without replacing wrapper
ok 1 - actual owned readiness failure exposes fixed reason without replacing wrapper
  ---
  duration_ms: 1.702972
  type: 'test'
  ...
# Subtest: startup reasons are typed closed and unknown errors disclose only unavailable
ok 2 - startup reasons are typed closed and unknown errors disclose only unavailable
  ---
  duration_ms: 0.929263
  type: 'test'
  ...
# Subtest: actual current fixture prefix identifies seed and SQL refusal with original calls intact
ok 3 - actual current fixture prefix identifies seed and SQL refusal with original calls intact
  ---
  duration_ms: 1.930515
  type: 'test'
  ...
# Subtest: new fixture labels remain exact and diagnostic emitter faults are contained
ok 4 - new fixture labels remain exact and diagnostic emitter faults are contained
  ---
  duration_ms: 0.283238
  type: 'test'
  ...
1..4
# tests 4
# suites 0
# pass 4
# fail 0
# cancelled 0
# skipped 0
# todo 0
# duration_ms 567.545345
