
 RUN  v4.1.11 /Users/manishmaheshwari/Projects/zasp-sec/.worktrees/cached-runtime-ship-20260917

 × apps/web/api/pagination.test.ts > bounded cursor pagination > does not call a page reader after its authority is aborted 4ms
   → promise resolved "{ items: [], pages: [ { …(2) } ] }" instead of rejecting
 × apps/web/api/pagination.test.ts > bounded cursor pagination > does not follow a successful obsolete continuation after authority changes during a page 1ms
   → expected Error: pagination repeated cursor to match object { name: 'AbortError' }
 ✓ apps/web/api/pagination.test.ts > bounded cursor pagination > preserves each page boundary and follows only the returned continuation 0ms
 ✓ apps/web/api/pagination.test.ts > bounded cursor pagination > fails closed on repeated cursors and item/page caps 1ms
 ✓ apps/web/api/pagination.test.ts > bounded cursor pagination > propagates cancellation without issuing a later page 0ms
 ✓ app/features/sessions/SessionsComplianceView.test.tsx > Sessions, compliance, and data controls > bounds event hydration and preserves sessions whose event request fails 5ms
 ✓ app/features/sessions/SessionsComplianceView.test.tsx > Sessions, compliance, and data controls > renders ordered evidence and revokes the exact version 81ms
 ✓ app/features/sessions/SessionsComplianceView.test.tsx > Sessions, compliance, and data controls > accepts only the declared 204 session revoke response 1ms
 ✓ app/features/sessions/SessionsComplianceView.test.tsx > Sessions, compliance, and data controls > renders legacy evidence without claiming current freshness or exports 15ms
 ✓ app/features/sessions/SessionsComplianceView.test.tsx > Sessions, compliance, and data controls > updates versioned metadata-only production controls 36ms
 × app/features/sessions/SessionsComplianceView.test.tsx > current compliance UI > cancels obsolete scope list page 1 before a continuation starts 74ms
   → expected false to be true // Object.is equality
 × app/features/sessions/SessionsComplianceView.test.tsx > current compliance UI > cancels obsolete principal list page 1 before a continuation starts 64ms
   → expected false to be true // Object.is equality
 × app/features/sessions/SessionsComplianceView.test.tsx > current compliance UI > cancels obsolete scope list page 2 before a continuation starts 64ms
   → expected false to be true // Object.is equality
 × app/features/sessions/SessionsComplianceView.test.tsx > current compliance UI > cancels obsolete principal list page 2 before a continuation starts 66ms
   → expected false to be true // Object.is equality
 × app/features/sessions/SessionsComplianceView.test.tsx > current compliance UI > refuses obsolete scope 401 errors before they can invalidate replacement authority 60ms
   → expected 2 to be +0 // Object.is equality
 × app/features/sessions/SessionsComplianceView.test.tsx > current compliance UI > refuses obsolete principal 401 errors before they can invalidate replacement authority 61ms
   → expected 2 to be +0 // Object.is equality
 × app/features/sessions/SessionsComplianceView.test.tsx > current compliance UI > refuses obsolete scope 409 errors before they can invalidate replacement authority 61ms
   → expected 2 to be +0 // Object.is equality
 × app/features/sessions/SessionsComplianceView.test.tsx > current compliance UI > refuses obsolete principal 409 errors before they can invalidate replacement authority 65ms
   → expected 2 to be +0 // Object.is equality
 ✓ app/features/sessions/SessionsComplianceView.test.tsx > current compliance UI > uses aggregate freshness, exposes typed source/time links, and filters frameworks and controls 56ms
 ✓ app/features/sessions/SessionsComplianceView.test.tsx > current compliance UI > reads exact source versions through the compliance detail endpoint 11ms
 ✓ app/features/sessions/SessionsComplianceView.test.tsx > current compliance UI > keeps deterministic detail denial 409 5ms
 ✓ app/features/sessions/SessionsComplianceView.test.tsx > current compliance UI > keeps deterministic detail denial 404 4ms
 ✓ app/features/sessions/SessionsComplianceView.test.tsx > current compliance UI > keeps deterministic detail denial 403 4ms
 ✓ app/features/sessions/SessionsComplianceView.test.tsx > current compliance UI > creates queued exports with the selected filters, recovers status on reload, and leaves evidence readable on download failure 63ms
 ✓ app/features/sessions/SessionsComplianceView.test.tsx > current compliance UI > renders failed export without hiding evidence 19ms
 ✓ app/features/sessions/SessionsComplianceView.test.tsx > current compliance UI > renders expired export without hiding evidence 20ms
 ✓ app/features/sessions/SessionsComplianceView.test.tsx > current compliance UI > drops late evidence responses on a changed principal and hides revoked authority immediately 55ms

⎯⎯⎯⎯⎯⎯ Failed Tests 10 ⎯⎯⎯⎯⎯⎯⎯

 FAIL  app/features/sessions/SessionsComplianceView.test.tsx > current compliance UI > cancels obsolete scope list page 1 before a continuation starts
 FAIL  app/features/sessions/SessionsComplianceView.test.tsx > current compliance UI > cancels obsolete principal list page 1 before a continuation starts
 FAIL  app/features/sessions/SessionsComplianceView.test.tsx > current compliance UI > cancels obsolete scope list page 2 before a continuation starts
 FAIL  app/features/sessions/SessionsComplianceView.test.tsx > current compliance UI > cancels obsolete principal list page 2 before a continuation starts
AssertionError: expected false to be true // Object.is equality

- Expected
+ Received

- true
+ false

 ❯ app/features/sessions/SessionsComplianceView.test.tsx:90:66


⎯⎯⎯⎯⎯⎯⎯⎯⎯⎯⎯⎯⎯⎯⎯⎯⎯⎯⎯⎯⎯⎯⎯[1/10]⎯

 FAIL  app/features/sessions/SessionsComplianceView.test.tsx > current compliance UI > refuses obsolete scope 401 errors before they can invalidate replacement authority
 FAIL  app/features/sessions/SessionsComplianceView.test.tsx > current compliance UI > refuses obsolete principal 401 errors before they can invalidate replacement authority
 FAIL  app/features/sessions/SessionsComplianceView.test.tsx > current compliance UI > refuses obsolete scope 409 errors before they can invalidate replacement authority
 FAIL  app/features/sessions/SessionsComplianceView.test.tsx > current compliance UI > refuses obsolete principal 409 errors before they can invalidate replacement authority
AssertionError: expected 2 to be +0 // Object.is equality

- Expected
+ Received

- 0
+ 2

 ❯ app/features/sessions/SessionsComplianceView.test.tsx:113:27
    111|     await screen.findByText("Evidence exports unavailable");
    112|     await act(async () => { releases.forEach(release => release(respon…
    113|     expect(invalidations).toBe(0);
       |                           ^
    114|     expect(screen.queryByRole("alert")).not.toBeInTheDocument();
    115|   });

⎯⎯⎯⎯⎯⎯⎯⎯⎯⎯⎯⎯⎯⎯⎯⎯⎯⎯⎯⎯⎯⎯⎯[2/10]⎯

 FAIL  apps/web/api/pagination.test.ts > bounded cursor pagination > does not call a page reader after its authority is aborted
AssertionError: promise resolved "{ items: [], pages: [ { …(2) } ] }" instead of rejecting

- Expected
+ Received

- Error {
-   "message": "rejected promise",
+ {
+   "items": [],
+   "pages": [
+     {
+       "items": [],
+       "page_info": {
+         "has_more": false,
+         "next_cursor": null,
+       },
+     },
+   ],
  }

 ❯ apps/web/api/pagination.test.ts:13:73
     11|       pages++;
     12|       return { items: [], page_info: { has_more: false, next_cursor: n…
     13|     }, { maximumItems: 10, maximumPages: 3, signal: controller.signal …
       |                                                                         ^
     14|     expect(pages).toBe(0);
     15|   });

⎯⎯⎯⎯⎯⎯⎯⎯⎯⎯⎯⎯⎯⎯⎯⎯⎯⎯⎯⎯⎯⎯⎯[3/10]⎯

 FAIL  apps/web/api/pagination.test.ts > bounded cursor pagination > does not follow a successful obsolete continuation after authority changes during a page
AssertionError: expected Error: pagination repeated cursor to match object { name: 'AbortError' }

- Expected
+ Received

- {
-   "name": "AbortError",
+ Error {
+   "message": "pagination repeated cursor",
  }

 ❯ apps/web/api/pagination.test.ts:23:73
     21|       controller.abort(new DOMException("authority changed", "AbortErr…
     22|       return { items: ["old"], page_info: { has_more: true, next_curso…
     23|     }, { maximumItems: 10, maximumPages: 3, signal: controller.signal …
       |                                                                         ^
     24|     expect(pages).toBe(1);
     25|   });

⎯⎯⎯⎯⎯⎯⎯⎯⎯⎯⎯⎯⎯⎯⎯⎯⎯⎯⎯⎯⎯⎯⎯[4/10]⎯


 Test Files  2 failed (2)
      Tests  10 failed | 17 passed (27)
   Start at  19:03:06
   Duration  2.20s (transform 172ms, setup 428ms, import 248ms, tests 900ms, environment 1.49s)
