
> zasp-agent-security-console@0.1.0 lint
> node --test scripts/eslint-scope.test.mjs && eslint . --ignore-pattern dist --ignore-pattern .next

TAP version 13
# Subtest: lint excludes local agent evidence without excluding product code or durable tests
ok 1 - lint excludes local agent evidence without excluding product code or durable tests
  ---
  duration_ms: 11341.582334
  type: 'test'
  ...
1..1
# tests 1
# suites 0
# pass 1
# fail 0
# cancelled 0
# skipped 0
# todo 0
# duration_ms 12038.700208

/Users/manishmaheshwari/Projects/zasp-sec/.worktrees/cached-runtime-ship-20260917/scripts/production-combined-e2e.mjs
  5561:158  error  Empty block statement  no-empty

✖ 1 problem (1 error, 0 warnings)


EXIT_STATUS=1
