cdeed423c112bf4652414ed2a07b8c3064697c1b8d9a29c7d08b43235f4efc70  /private/tmp/zasp-connector-rejection-red.test
3a60078282104d84a6d8d7c3f6583f3013c4f4344e98056968845f42b7c214a6  services/platform/apiserver/connector_rejection_postgres_test.go
TestConnectorRejectedAuthorityOverridesPostgres
=== RUN   TestConnectorRejectedAuthorityOverridesPostgres
    connector_rejection_postgres_test.go:40: compiled release56 checksum=f5871c564709034eaf89f325fcb732a3f3314ecc0ff95f7a0ec99f6d674ddfc1 fingerprint=8534cdcdce945aab8f85dce88d9bf8a01b100387490a7cefe5d51f2ae11d8ced
    connector_rejection_postgres_test.go:66: registered API ACL observation: current_user=security_agent_v33_discovery_api_login audit-table INSERT privilege=true; product writes use real repository operations only
    connector_rejection_postgres_test.go:134: positive controls: registered role=security_agent_v33_discovery_api_login real security_engineer manage_workflows session; GitHub=201, generic-webhook=201
=== RUN   TestConnectorRejectedAuthorityOverridesPostgres/unauthenticated
=== RUN   TestConnectorRejectedAuthorityOverridesPostgres/csrf
=== RUN   TestConnectorRejectedAuthorityOverridesPostgres/foreign_scope
=== RUN   TestConnectorRejectedAuthorityOverridesPostgres/foreign_target
=== RUN   TestConnectorRejectedAuthorityOverridesPostgres/POST_nango_url
    connector_rejection_postgres_test.go:222: authorized rejection: HTTP=400 state unchanged; connector dispatch=0 default HTTP=0; scoped rejected audit delta=0 records=[]
    connector_rejection_postgres_test.go:225: missing durable safe scoped rejection audit: want one authorized-attempt event with correlation pid_8b000000-0000-4000-8000-000000000001; got delta=0 matching=0
=== RUN   TestConnectorRejectedAuthorityOverridesPostgres/POST_nango_base_url
    connector_rejection_postgres_test.go:222: authorized rejection: HTTP=400 state unchanged; connector dispatch=0 default HTTP=0; scoped rejected audit delta=0 records=[]
    connector_rejection_postgres_test.go:225: missing durable safe scoped rejection audit: want one authorized-attempt event with correlation pid_8b000000-0000-4000-8000-000000000002; got delta=0 matching=0
=== RUN   TestConnectorRejectedAuthorityOverridesPostgres/POST_proxy_url
    connector_rejection_postgres_test.go:222: authorized rejection: HTTP=400 state unchanged; connector dispatch=0 default HTTP=0; scoped rejected audit delta=0 records=[]
    connector_rejection_postgres_test.go:225: missing durable safe scoped rejection audit: want one authorized-attempt event with correlation pid_8b000000-0000-4000-8000-000000000003; got delta=0 matching=0
=== RUN   TestConnectorRejectedAuthorityOverridesPostgres/POST_provider_url
    connector_rejection_postgres_test.go:222: authorized rejection: HTTP=400 state unchanged; connector dispatch=0 default HTTP=0; scoped rejected audit delta=0 records=[]
    connector_rejection_postgres_test.go:225: missing durable safe scoped rejection audit: want one authorized-attempt event with correlation pid_8b000000-0000-4000-8000-000000000004; got delta=0 matching=0
=== RUN   TestConnectorRejectedAuthorityOverridesPostgres/POST_provider_url_with_secret
    connector_rejection_postgres_test.go:222: authorized rejection: HTTP=400 state unchanged; connector dispatch=0 default HTTP=0; scoped rejected audit delta=0 records=[]
    connector_rejection_postgres_test.go:225: missing durable safe scoped rejection audit: want one authorized-attempt event with correlation pid_8b000000-0000-4000-8000-000000000005; got delta=0 matching=0
=== RUN   TestConnectorRejectedAuthorityOverridesPostgres/PATCH_nango_url
    connector_rejection_postgres_test.go:222: authorized rejection: HTTP=400 state unchanged; connector dispatch=0 default HTTP=0; scoped rejected audit delta=0 records=[]
    connector_rejection_postgres_test.go:225: missing durable safe scoped rejection audit: want one authorized-attempt event with correlation pid_8b000000-0000-4000-8000-000000000006; got delta=0 matching=0
=== RUN   TestConnectorRejectedAuthorityOverridesPostgres/PATCH_nango_base_url
    connector_rejection_postgres_test.go:222: authorized rejection: HTTP=400 state unchanged; connector dispatch=0 default HTTP=0; scoped rejected audit delta=0 records=[]
    connector_rejection_postgres_test.go:225: missing durable safe scoped rejection audit: want one authorized-attempt event with correlation pid_8b000000-0000-4000-8000-000000000007; got delta=0 matching=0
=== RUN   TestConnectorRejectedAuthorityOverridesPostgres/PATCH_proxy_url
    connector_rejection_postgres_test.go:222: authorized rejection: HTTP=400 state unchanged; connector dispatch=0 default HTTP=0; scoped rejected audit delta=0 records=[]
    connector_rejection_postgres_test.go:225: missing durable safe scoped rejection audit: want one authorized-attempt event with correlation pid_8b000000-0000-4000-8000-000000000008; got delta=0 matching=0
=== RUN   TestConnectorRejectedAuthorityOverridesPostgres/PATCH_provider_url
    connector_rejection_postgres_test.go:222: authorized rejection: HTTP=400 state unchanged; connector dispatch=0 default HTTP=0; scoped rejected audit delta=0 records=[]
    connector_rejection_postgres_test.go:225: missing durable safe scoped rejection audit: want one authorized-attempt event with correlation pid_8b000000-0000-4000-8000-000000000009; got delta=0 matching=0
=== RUN   TestConnectorRejectedAuthorityOverridesPostgres/PATCH_provider_url_with_secret
    connector_rejection_postgres_test.go:222: authorized rejection: HTTP=400 state unchanged; connector dispatch=0 default HTTP=0; scoped rejected audit delta=0 records=[]
    connector_rejection_postgres_test.go:225: missing durable safe scoped rejection audit: want one authorized-attempt event with correlation pid_8b000000-0000-4000-8000-000000000010; got delta=0 matching=0
=== NAME  TestConnectorRejectedAuthorityOverridesPostgres
    postgres_integration_test.go:1342: joined owned PostgreSQL pid=23 data=/tmp/TestConnectorRejectedAuthorityOverridesPostgres12153241/001/data: pg_ctl exit=0 server Wait exit=0 normal-exit
--- FAIL: TestConnectorRejectedAuthorityOverridesPostgres (5.14s)
    --- PASS: TestConnectorRejectedAuthorityOverridesPostgres/unauthenticated (0.00s)
    --- PASS: TestConnectorRejectedAuthorityOverridesPostgres/csrf (0.00s)
    --- PASS: TestConnectorRejectedAuthorityOverridesPostgres/foreign_scope (0.00s)
    --- PASS: TestConnectorRejectedAuthorityOverridesPostgres/foreign_target (0.00s)
    --- FAIL: TestConnectorRejectedAuthorityOverridesPostgres/POST_nango_url (0.00s)
    --- FAIL: TestConnectorRejectedAuthorityOverridesPostgres/POST_nango_base_url (0.00s)
    --- FAIL: TestConnectorRejectedAuthorityOverridesPostgres/POST_proxy_url (0.00s)
    --- FAIL: TestConnectorRejectedAuthorityOverridesPostgres/POST_provider_url (0.00s)
    --- FAIL: TestConnectorRejectedAuthorityOverridesPostgres/POST_provider_url_with_secret (0.00s)
    --- FAIL: TestConnectorRejectedAuthorityOverridesPostgres/PATCH_nango_url (0.00s)
    --- FAIL: TestConnectorRejectedAuthorityOverridesPostgres/PATCH_nango_base_url (0.00s)
    --- FAIL: TestConnectorRejectedAuthorityOverridesPostgres/PATCH_proxy_url (0.00s)
    --- FAIL: TestConnectorRejectedAuthorityOverridesPostgres/PATCH_provider_url (0.00s)
    --- FAIL: TestConnectorRejectedAuthorityOverridesPostgres/PATCH_provider_url_with_secret (0.00s)
FAIL
