TAP version 13
# Subtest: executable bootstrap preserves exact SHA with bounded reads and refuses identity/short-read faults
not ok 1 - executable bootstrap preserves exact SHA with bounded reads and refuses identity/short-read faults
  ---
  duration_ms: 2.117522
  type: 'test'
  location: '/tmp/native379-bounded-executable-hash-source-z9xmeo59/ordered-current-native379-executable-hash.test.mjs:29:1'
  failureType: 'testCodeFailure'
  error: 'eager executable read refused by allocation oracle'
  code: 'ERR_TEST_FAILURE'
  stack: |-
    Object.readFileSync (file:///tmp/native379-bounded-executable-hash-source-z9xmeo59/ordered-current-native379-executable-hash.test.mjs:31:44)
    evalmachine.<anonymous>:1:140
    TestContext.<anonymous> (file:///tmp/native379-bounded-executable-hash-source-z9xmeo59/ordered-current-native379-executable-hash.test.mjs:32:18)
    Test.runInAsyncScope (node:async_hooks:214:14)
    Test.run (node:internal/test_runner/test:1047:25)
    Test.start (node:internal/test_runner/test:944:17)
    startSubtestAfterBootstrap (node:internal/test_runner/harness:296:17)
  ...
1..1
# tests 1
# suites 0
# pass 0
# fail 1
# cancelled 0
# skipped 0
# todo 0
# duration_ms 56.089836
