
> zasp-agent-security-console@0.1.0 lint
> node --test scripts/eslint-scope.test.mjs && eslint . --ignore-pattern dist --ignore-pattern .next

TAP version 13
# Subtest: lint excludes local agent evidence without excluding product code or durable tests
ok 1 - lint excludes local agent evidence without excluding product code or durable tests
  ---
  duration_ms: 1567.07601
  type: 'test'
  ...
# Subtest: recovery confirmation component satisfies active UI lint rules
ok 2 - recovery confirmation component satisfies active UI lint rules
  ---
  duration_ms: 398.577086
  type: 'test'
  ...
# Subtest: ordinary product scripts still reject accidental control-byte regexes
ok 3 - ordinary product scripts still reject accidental control-byte regexes
  ---
  duration_ms: 23.680137
  type: 'test'
  ...
# Subtest: the two archived Node evidence files retain lint coverage without the Next-only module rule
ok 4 - the two archived Node evidence files retain lint coverage without the Next-only module rule
  ---
  duration_ms: 277.627265
  type: 'test'
  ...
# Subtest: ordinary web modules retain the module-name and raw-fetch security rules
ok 5 - ordinary web modules retain the module-name and raw-fetch security rules
  ---
  duration_ms: 21.990415
  type: 'test'
  ...
# Subtest: unreviewed evidence neighbors and later dates retain the Next-only module rule
ok 6 - unreviewed evidence neighbors and later dates retain the Next-only module rule
  ---
  duration_ms: 27.783272
  type: 'test'
  ...
# Subtest: both archived Node paths still reject control-byte regexes
ok 7 - both archived Node paths still reject control-byte regexes
  ---
  duration_ms: 37.658685
  type: 'test'
  ...
1..7
# tests 7
# suites 0
# pass 7
# fail 0
# cancelled 0
# skipped 0
# todo 0
# duration_ms 2518.975533
