TAP version 13
# Subtest: lint excludes local agent evidence without excluding product code or durable tests
ok 1 - lint excludes local agent evidence without excluding product code or durable tests
  ---
  duration_ms: 1699.984023
  type: 'test'
  ...
# Subtest: recovery confirmation component satisfies active UI lint rules
ok 2 - recovery confirmation component satisfies active UI lint rules
  ---
  duration_ms: 452.462515
  type: 'test'
  ...
# Subtest: ordinary product scripts still reject accidental control-byte regexes
ok 3 - ordinary product scripts still reject accidental control-byte regexes
  ---
  duration_ms: 22.390778
  type: 'test'
  ...
# Subtest: the two archived Node evidence files retain lint coverage without the Next-only module rule
not ok 4 - the two archived Node evidence files retain lint coverage without the Next-only module rule
  ---
  duration_ms: 222.163171
  type: 'test'
  location: '/workspace/.zasp-cloud-owned/lint-archive-scope-t6kgpszp/source/scripts/eslint-scope.test.mjs:34:1'
  failureType: 'testCodeFailure'
  error: |-
    [{"ruleId":"@next/next/no-assign-module-variable","severity":2,"message":"Do not assign to the variable `module`. See: https://nextjs.org/docs/messages/no-assign-module-variable","line":226,"column":2,"nodeType":"VariableDeclaration","endLine":226,"endColumn":155}]
    
    1 !== 0
    
  code: 'ERR_ASSERTION'
  name: 'AssertionError'
  expected: 0
  actual: 1
  operator: 'strictEqual'
  stack: |-
    TestContext.<anonymous> (file:///workspace/.zasp-cloud-owned/lint-archive-scope-t6kgpszp/source/scripts/eslint-scope.test.mjs:39:12)
    async Test.run (node:internal/test_runner/test:1054:7)
    async Test.processPendingSubtests (node:internal/test_runner/test:744:7)
  ...
# Subtest: ordinary web modules retain the module-name and raw-fetch security rules
ok 5 - ordinary web modules retain the module-name and raw-fetch security rules
  ---
  duration_ms: 19.235029
  type: 'test'
  ...
# Subtest: unreviewed evidence neighbors and later dates retain the Next-only module rule
ok 6 - unreviewed evidence neighbors and later dates retain the Next-only module rule
  ---
  duration_ms: 30.628005
  type: 'test'
  ...
# Subtest: both archived Node paths still reject control-byte regexes
not ok 7 - both archived Node paths still reject control-byte regexes
  ---
  duration_ms: 28.104777
  type: 'test'
  location: '/workspace/.zasp-cloud-owned/lint-archive-scope-t6kgpszp/source/scripts/eslint-scope.test.mjs:63:1'
  failureType: 'testCodeFailure'
  error: |-
    Expected values to be strictly equal:
    
    true !== false
    
  code: 'ERR_ASSERTION'
  name: 'AssertionError'
  expected: false
  actual: true
  operator: 'strictEqual'
  stack: |-
    TestContext.<anonymous> (file:///workspace/.zasp-cloud-owned/lint-archive-scope-t6kgpszp/source/scripts/eslint-scope.test.mjs:68:12)
    async Test.run (node:internal/test_runner/test:1054:7)
    async Test.processPendingSubtests (node:internal/test_runner/test:744:7)
  ...
1..7
# tests 7
# suites 0
# pass 5
# fail 2
# cancelled 0
# skipped 0
# todo 0
# duration_ms 2664.448912
