TAP version 13
# Subtest: portable locked semver source refuses drift
    # Subtest: valid
    ok 1 - valid
      ---
      duration_ms: 21.164224
      type: 'test'
      ...
    # Subtest: version
    ok 2 - version
      ---
      duration_ms: 1.930319
      type: 'test'
      ...
    # Subtest: integrity
    ok 3 - integrity
      ---
      duration_ms: 1.44846
      type: 'test'
      ...
    # Subtest: file-hash
    ok 4 - file-hash
      ---
      duration_ms: 3.216033
      type: 'test'
      ...
    # Subtest: membership
    ok 5 - membership
      ---
      duration_ms: 2.46674
      type: 'test'
      ...
    # Subtest: symlink
    ok 6 - symlink
      ---
      duration_ms: 2.553411
      type: 'test'
      ...
    1..6
ok 1 - portable locked semver source refuses drift
  ---
  duration_ms: 34.921618
  type: 'test'
  ...
# Subtest: callable public npm producer boundaries stay closed
    # Subtest: valid-deterministic
    ok 1 - valid-deterministic
      ---
      duration_ms: 216.446161
      type: 'test'
      ...
    # Subtest: unknown-arg
    ok 2 - unknown-arg
      ---
      duration_ms: 84.957461
      type: 'test'
      ...
    # Subtest: duplicate-arg
    ok 3 - duplicate-arg
      ---
      duration_ms: 90.660775
      type: 'test'
      ...
    # Subtest: relative-arg
    ok 4 - relative-arg
      ---
      duration_ms: 81.125101
      type: 'test'
      ...
    # Subtest: missing-receipt
    ok 5 - missing-receipt
      ---
      duration_ms: 90.698192
      type: 'test'
      ...
    # Subtest: unknown-receipt
    ok 6 - unknown-receipt
      ---
      duration_ms: 93.810658
      type: 'test'
      ...
    # Subtest: duplicate-receipt
    ok 7 - duplicate-receipt
      ---
      duration_ms: 107.895638
      type: 'test'
      ...
    # Subtest: wrong-repository
    ok 8 - wrong-repository
      ---
      duration_ms: 90.444419
      type: 'test'
      ...
    # Subtest: wrong-full-roster
    ok 9 - wrong-full-roster
      ---
      duration_ms: 93.499244
      type: 'test'
      ...
    # Subtest: wrong-lock
    ok 10 - wrong-lock
      ---
      duration_ms: 76.851028
      type: 'test'
      ...
    # Subtest: existing-output
    ok 11 - existing-output
      ---
      duration_ms: 97.44563
      type: 'test'
      ...
    # Subtest: mixed-corpus-record
    ok 12 - mixed-corpus-record
      ---
      duration_ms: 84.617888
      type: 'test'
      ...
    # Subtest: local-promisor-missing-object
    ok 13 - local-promisor-missing-object
      ---
      duration_ms: 111.761098
      type: 'test'
      ...
    # Subtest: local-promisor-config
    ok 14 - local-promisor-config
      ---
      duration_ms: 85.337306
      type: 'test'
      ...
    # Subtest: local-partial-config
    ok 15 - local-partial-config
      ---
      duration_ms: 92.138095
      type: 'test'
      ...
    # Subtest: local-include-config
    ok 16 - local-include-config
      ---
      duration_ms: 97.017748
      type: 'test'
      ...
    # Subtest: local-worktree-config
    ok 17 - local-worktree-config
      ---
      duration_ms: 84.34834
      type: 'test'
      ...
    1..17
ok 2 - callable public npm producer boundaries stay closed
  ---
  duration_ms: 1682.139508
  type: 'test'
  ...
# Subtest: materializes exact-lock npm findings from full pinned record bytes
ok 3 - materializes exact-lock npm findings from full pinned record bytes
  ---
  duration_ms: 3.225266
  type: 'test'
  ...
# Subtest: real npm semver boundaries remain sensitive
    # Subtest: introduced inclusive
    ok 1 - introduced inclusive
      ---
      duration_ms: 0.78016
      type: 'test'
      ...
    # Subtest: fixed exclusive
    ok 2 - fixed exclusive
      ---
      duration_ms: 0.538073
      type: 'test'
      ...
    # Subtest: below introduced
    ok 3 - below introduced
      ---
      duration_ms: 0.468278
      type: 'test'
      ...
    # Subtest: build metadata preserved
    ok 4 - build metadata preserved
      ---
      duration_ms: 0.578395
      type: 'test'
      ...
    # Subtest: last affected inclusive
    ok 5 - last affected inclusive
      ---
      duration_ms: 0.545885
      type: 'test'
      ...
    # Subtest: limit exclusive
    ok 6 - limit exclusive
      ---
      duration_ms: 0.359534
      type: 'test'
      ...
    # Subtest: reopened interval
    ok 7 - reopened interval
      ---
      duration_ms: 0.545355
      type: 'test'
      ...
    # Subtest: prerelease ordered
    ok 8 - prerelease ordered
      ---
      duration_ms: 0.736393
      type: 'test'
      ...
    # Subtest: explicit versions
    ok 9 - explicit versions
      ---
      duration_ms: 0.374146
      type: 'test'
      ...
    1..9
ok 4 - real npm semver boundaries remain sensitive
  ---
  duration_ms: 6.938912
  type: 'test'
  ...
# Subtest: missing stale corrupt unsupported or ambiguous inputs refuse instead of zero clearance
    # Subtest: missing corpus
    ok 1 - missing corpus
      ---
      duration_ms: 0.592606
      type: 'test'
      ...
    # Subtest: stale corpus
    ok 2 - stale corpus
      ---
      duration_ms: 0.159652
      type: 'test'
      ...
    # Subtest: future corpus
    ok 3 - future corpus
      ---
      duration_ms: 0.146591
      type: 'test'
      ...
    # Subtest: wrong corpus digest
    ok 4 - wrong corpus digest
      ---
      duration_ms: 0.345332
      type: 'test'
      ...
    # Subtest: duplicate advisory
    ok 5 - duplicate advisory
      ---
      duration_ms: 0.328306
      type: 'test'
      ...
    # Subtest: wrong repository
    ok 6 - wrong repository
      ---
      duration_ms: 0.124018
      type: 'test'
      ...
    # Subtest: unsupported ecosystem
    ok 7 - unsupported ecosystem
      ---
      duration_ms: 0.266263
      type: 'test'
      ...
    # Subtest: unsupported range
    ok 8 - unsupported range
      ---
      duration_ms: 0.276368
      type: 'test'
      ...
    # Subtest: invalid version
    ok 9 - invalid version
      ---
      duration_ms: 0.192692
      type: 'test'
      ...
    # Subtest: linked production alias cannot omit dev target
    ok 10 - linked production alias cannot omit dev target
      ---
      duration_ms: 0.295346
      type: 'test'
      ...
    # Subtest: overlapping events
    ok 11 - overlapping events
      ---
      duration_ms: 0.238721
      type: 'test'
      ...
    # Subtest: unknown range event
    ok 12 - unknown range event
      ---
      duration_ms: 0.226372
      type: 'test'
      ...
    # Subtest: duplicate raw JSON key
    ok 13 - duplicate raw JSON key
      ---
      duration_ms: 0.197358
      type: 'test'
      ...
    1..13
ok 5 - missing stale corrupt unsupported or ambiguous inputs refuse instead of zero clearance
  ---
  duration_ms: 4.624944
  type: 'test'
  ...
# Subtest: actual read-only producer binds complete local Git corpus without network
ok 6 - actual read-only producer binds complete local Git corpus without network
  ---
  duration_ms: 29.624027
  type: 'test'
  ...
# Subtest: current product lock inventory is consumed without disclosure
ok 7 - current product lock inventory is consumed without disclosure
  ---
  duration_ms: 79.331283
  type: 'test'
  ...
# Subtest: actual producer reservation helper refuses before raw retention
    # Subtest: complete corpus row bound
    ok 1 - complete corpus row bound
      ---
      duration_ms: 2.215109
      type: 'test'
      ...
    # Subtest: selected npm byte bound
    ok 2 - selected npm byte bound
      ---
      duration_ms: 0.174283
      type: 'test'
      ...
    1..2
ok 8 - actual producer reservation helper refuses before raw retention
  ---
  duration_ms: 2.63873
  type: 'test'
  ...
# Subtest: evidence byte reservations refuse before row or match retention
    # Subtest: rows
    ok 1 - rows
      ---
      duration_ms: 0.12602
      type: 'test'
      ...
    # Subtest: matches
    ok 2 - matches
      ---
      duration_ms: 0.056826
      type: 'test'
      ...
    1..2
ok 9 - evidence byte reservations refuse before row or match retention
  ---
  duration_ms: 0.501699
  type: 'test'
  ...
1..9
# tests 58
# suites 0
# pass 58
# fail 0
# cancelled 0
# skipped 0
# todo 0
# duration_ms 1787.432977
