=== RUN   TestAuditExportRegisterWorkersRequiresBothReadinessChecks
=== RUN   TestAuditExportRegisterWorkersRequiresBothReadinessChecks/healthy
=== RUN   TestAuditExportRegisterWorkersRequiresBothReadinessChecks/registration-refused
=== RUN   TestAuditExportRegisterWorkersRequiresBothReadinessChecks/final-drift
--- PASS: TestAuditExportRegisterWorkersRequiresBothReadinessChecks (0.03s)
    --- PASS: TestAuditExportRegisterWorkersRequiresBothReadinessChecks/healthy (0.01s)
    --- PASS: TestAuditExportRegisterWorkersRequiresBothReadinessChecks/registration-refused (0.01s)
    --- PASS: TestAuditExportRegisterWorkersRequiresBothReadinessChecks/final-drift (0.01s)
=== RUN   TestAuditExportConfigurationOnBudgetReleasePinsAuthority
=== RUN   TestAuditExportConfigurationOnBudgetReleasePinsAuthority/configure/healthy
=== RUN   TestAuditExportConfigurationOnBudgetReleasePinsAuthority/configure/lower-version
=== RUN   TestAuditExportConfigurationOnBudgetReleasePinsAuthority/configure/future
=== RUN   TestAuditExportConfigurationOnBudgetReleasePinsAuthority/configure/wrong-checksum
=== RUN   TestAuditExportConfigurationOnBudgetReleasePinsAuthority/configure/wrong-selected-checksum
=== RUN   TestAuditExportConfigurationOnBudgetReleasePinsAuthority/configure/initial-drift
=== RUN   TestAuditExportConfigurationOnBudgetReleasePinsAuthority/configure/final-drift
=== RUN   TestAuditExportConfigurationOnBudgetReleasePinsAuthority/register/healthy
=== RUN   TestAuditExportConfigurationOnBudgetReleasePinsAuthority/register/lower-version
=== RUN   TestAuditExportConfigurationOnBudgetReleasePinsAuthority/register/future
=== RUN   TestAuditExportConfigurationOnBudgetReleasePinsAuthority/register/wrong-checksum
=== RUN   TestAuditExportConfigurationOnBudgetReleasePinsAuthority/register/wrong-selected-checksum
=== RUN   TestAuditExportConfigurationOnBudgetReleasePinsAuthority/register/initial-drift
=== RUN   TestAuditExportConfigurationOnBudgetReleasePinsAuthority/register/final-drift
=== RUN   TestAuditExportConfigurationOnBudgetReleasePinsAuthority/api/healthy
=== RUN   TestAuditExportConfigurationOnBudgetReleasePinsAuthority/api/lower-version
=== RUN   TestAuditExportConfigurationOnBudgetReleasePinsAuthority/api/future
=== RUN   TestAuditExportConfigurationOnBudgetReleasePinsAuthority/api/wrong-checksum
=== RUN   TestAuditExportConfigurationOnBudgetReleasePinsAuthority/api/wrong-selected-checksum
=== RUN   TestAuditExportConfigurationOnBudgetReleasePinsAuthority/api/initial-drift
=== RUN   TestAuditExportConfigurationOnBudgetReleasePinsAuthority/api/final-drift
=== RUN   TestAuditExportConfigurationOnBudgetReleasePinsAuthority/configure/healthy#01
=== RUN   TestAuditExportConfigurationOnBudgetReleasePinsAuthority/configure/lower-version#01
=== RUN   TestAuditExportConfigurationOnBudgetReleasePinsAuthority/configure/future#01
=== RUN   TestAuditExportConfigurationOnBudgetReleasePinsAuthority/configure/wrong-checksum#01
=== RUN   TestAuditExportConfigurationOnBudgetReleasePinsAuthority/configure/wrong-selected-checksum#01
=== RUN   TestAuditExportConfigurationOnBudgetReleasePinsAuthority/configure/initial-drift#01
=== RUN   TestAuditExportConfigurationOnBudgetReleasePinsAuthority/configure/final-drift#01
=== RUN   TestAuditExportConfigurationOnBudgetReleasePinsAuthority/register/healthy#01
=== RUN   TestAuditExportConfigurationOnBudgetReleasePinsAuthority/register/lower-version#01
=== RUN   TestAuditExportConfigurationOnBudgetReleasePinsAuthority/register/future#01
=== RUN   TestAuditExportConfigurationOnBudgetReleasePinsAuthority/register/wrong-checksum#01
=== RUN   TestAuditExportConfigurationOnBudgetReleasePinsAuthority/register/wrong-selected-checksum#01
=== RUN   TestAuditExportConfigurationOnBudgetReleasePinsAuthority/register/initial-drift#01
=== RUN   TestAuditExportConfigurationOnBudgetReleasePinsAuthority/register/final-drift#01
=== RUN   TestAuditExportConfigurationOnBudgetReleasePinsAuthority/api/healthy#01
=== RUN   TestAuditExportConfigurationOnBudgetReleasePinsAuthority/api/lower-version#01
=== RUN   TestAuditExportConfigurationOnBudgetReleasePinsAuthority/api/future#01
=== RUN   TestAuditExportConfigurationOnBudgetReleasePinsAuthority/api/wrong-checksum#01
=== RUN   TestAuditExportConfigurationOnBudgetReleasePinsAuthority/api/wrong-selected-checksum#01
=== RUN   TestAuditExportConfigurationOnBudgetReleasePinsAuthority/api/initial-drift#01
=== RUN   TestAuditExportConfigurationOnBudgetReleasePinsAuthority/api/final-drift#01
=== RUN   TestAuditExportConfigurationOnBudgetReleasePinsAuthority/configure/healthy#02
=== RUN   TestAuditExportConfigurationOnBudgetReleasePinsAuthority/configure/lower-version#02
=== RUN   TestAuditExportConfigurationOnBudgetReleasePinsAuthority/configure/future#02
=== RUN   TestAuditExportConfigurationOnBudgetReleasePinsAuthority/configure/wrong-checksum#02
=== RUN   TestAuditExportConfigurationOnBudgetReleasePinsAuthority/configure/wrong-selected-checksum#02
=== RUN   TestAuditExportConfigurationOnBudgetReleasePinsAuthority/configure/initial-drift#02
=== RUN   TestAuditExportConfigurationOnBudgetReleasePinsAuthority/configure/final-drift#02
=== RUN   TestAuditExportConfigurationOnBudgetReleasePinsAuthority/register/healthy#02
=== RUN   TestAuditExportConfigurationOnBudgetReleasePinsAuthority/register/lower-version#02
=== RUN   TestAuditExportConfigurationOnBudgetReleasePinsAuthority/register/future#02
=== RUN   TestAuditExportConfigurationOnBudgetReleasePinsAuthority/register/wrong-checksum#02
=== RUN   TestAuditExportConfigurationOnBudgetReleasePinsAuthority/register/wrong-selected-checksum#02
=== RUN   TestAuditExportConfigurationOnBudgetReleasePinsAuthority/register/initial-drift#02
=== RUN   TestAuditExportConfigurationOnBudgetReleasePinsAuthority/register/final-drift#02
=== RUN   TestAuditExportConfigurationOnBudgetReleasePinsAuthority/api/healthy#02
=== RUN   TestAuditExportConfigurationOnBudgetReleasePinsAuthority/api/lower-version#02
=== RUN   TestAuditExportConfigurationOnBudgetReleasePinsAuthority/api/future#02
=== RUN   TestAuditExportConfigurationOnBudgetReleasePinsAuthority/api/wrong-checksum#02
=== RUN   TestAuditExportConfigurationOnBudgetReleasePinsAuthority/api/wrong-selected-checksum#02
=== RUN   TestAuditExportConfigurationOnBudgetReleasePinsAuthority/api/initial-drift#02
=== RUN   TestAuditExportConfigurationOnBudgetReleasePinsAuthority/api/final-drift#02
--- PASS: TestAuditExportConfigurationOnBudgetReleasePinsAuthority (3.22s)
    --- PASS: TestAuditExportConfigurationOnBudgetReleasePinsAuthority/configure/healthy (0.04s)
    --- PASS: TestAuditExportConfigurationOnBudgetReleasePinsAuthority/configure/lower-version (0.01s)
    --- PASS: TestAuditExportConfigurationOnBudgetReleasePinsAuthority/configure/future (0.01s)
    --- PASS: TestAuditExportConfigurationOnBudgetReleasePinsAuthority/configure/wrong-checksum (0.03s)
    --- PASS: TestAuditExportConfigurationOnBudgetReleasePinsAuthority/configure/wrong-selected-checksum (0.03s)
    --- PASS: TestAuditExportConfigurationOnBudgetReleasePinsAuthority/configure/initial-drift (0.04s)
    --- PASS: TestAuditExportConfigurationOnBudgetReleasePinsAuthority/configure/final-drift (0.04s)
    --- PASS: TestAuditExportConfigurationOnBudgetReleasePinsAuthority/register/healthy (0.04s)
    --- PASS: TestAuditExportConfigurationOnBudgetReleasePinsAuthority/register/lower-version (0.01s)
    --- PASS: TestAuditExportConfigurationOnBudgetReleasePinsAuthority/register/future (0.01s)
    --- PASS: TestAuditExportConfigurationOnBudgetReleasePinsAuthority/register/wrong-checksum (0.03s)
    --- PASS: TestAuditExportConfigurationOnBudgetReleasePinsAuthority/register/wrong-selected-checksum (0.03s)
    --- PASS: TestAuditExportConfigurationOnBudgetReleasePinsAuthority/register/initial-drift (0.03s)
    --- PASS: TestAuditExportConfigurationOnBudgetReleasePinsAuthority/register/final-drift (0.03s)
    --- PASS: TestAuditExportConfigurationOnBudgetReleasePinsAuthority/api/healthy (0.03s)
    --- PASS: TestAuditExportConfigurationOnBudgetReleasePinsAuthority/api/lower-version (0.01s)
    --- PASS: TestAuditExportConfigurationOnBudgetReleasePinsAuthority/api/future (0.01s)
    --- PASS: TestAuditExportConfigurationOnBudgetReleasePinsAuthority/api/wrong-checksum (0.03s)
    --- PASS: TestAuditExportConfigurationOnBudgetReleasePinsAuthority/api/wrong-selected-checksum (0.03s)
    --- PASS: TestAuditExportConfigurationOnBudgetReleasePinsAuthority/api/initial-drift (0.03s)
    --- PASS: TestAuditExportConfigurationOnBudgetReleasePinsAuthority/api/final-drift (0.03s)
    --- PASS: TestAuditExportConfigurationOnBudgetReleasePinsAuthority/configure/healthy#01 (0.05s)
    --- PASS: TestAuditExportConfigurationOnBudgetReleasePinsAuthority/configure/lower-version#01 (0.01s)
    --- PASS: TestAuditExportConfigurationOnBudgetReleasePinsAuthority/configure/future#01 (0.02s)
    --- PASS: TestAuditExportConfigurationOnBudgetReleasePinsAuthority/configure/wrong-checksum#01 (0.04s)
    --- PASS: TestAuditExportConfigurationOnBudgetReleasePinsAuthority/configure/wrong-selected-checksum#01 (0.04s)
    --- PASS: TestAuditExportConfigurationOnBudgetReleasePinsAuthority/configure/initial-drift#01 (0.04s)
    --- PASS: TestAuditExportConfigurationOnBudgetReleasePinsAuthority/configure/final-drift#01 (0.05s)
    --- PASS: TestAuditExportConfigurationOnBudgetReleasePinsAuthority/register/healthy#01 (0.05s)
    --- PASS: TestAuditExportConfigurationOnBudgetReleasePinsAuthority/register/lower-version#01 (0.02s)
    --- PASS: TestAuditExportConfigurationOnBudgetReleasePinsAuthority/register/future#01 (0.02s)
    --- PASS: TestAuditExportConfigurationOnBudgetReleasePinsAuthority/register/wrong-checksum#01 (0.04s)
    --- PASS: TestAuditExportConfigurationOnBudgetReleasePinsAuthority/register/wrong-selected-checksum#01 (0.04s)
    --- PASS: TestAuditExportConfigurationOnBudgetReleasePinsAuthority/register/initial-drift#01 (0.03s)
    --- PASS: TestAuditExportConfigurationOnBudgetReleasePinsAuthority/register/final-drift#01 (0.05s)
    --- PASS: TestAuditExportConfigurationOnBudgetReleasePinsAuthority/api/healthy#01 (0.05s)
    --- PASS: TestAuditExportConfigurationOnBudgetReleasePinsAuthority/api/lower-version#01 (0.01s)
    --- PASS: TestAuditExportConfigurationOnBudgetReleasePinsAuthority/api/future#01 (0.02s)
    --- PASS: TestAuditExportConfigurationOnBudgetReleasePinsAuthority/api/wrong-checksum#01 (0.04s)
    --- PASS: TestAuditExportConfigurationOnBudgetReleasePinsAuthority/api/wrong-selected-checksum#01 (0.04s)
    --- PASS: TestAuditExportConfigurationOnBudgetReleasePinsAuthority/api/initial-drift#01 (0.04s)
    --- PASS: TestAuditExportConfigurationOnBudgetReleasePinsAuthority/api/final-drift#01 (0.05s)
    --- PASS: TestAuditExportConfigurationOnBudgetReleasePinsAuthority/configure/healthy#02 (0.14s)
    --- PASS: TestAuditExportConfigurationOnBudgetReleasePinsAuthority/configure/lower-version#02 (0.04s)
    --- PASS: TestAuditExportConfigurationOnBudgetReleasePinsAuthority/configure/future#02 (0.05s)
    --- PASS: TestAuditExportConfigurationOnBudgetReleasePinsAuthority/configure/wrong-checksum#02 (0.11s)
    --- PASS: TestAuditExportConfigurationOnBudgetReleasePinsAuthority/configure/wrong-selected-checksum#02 (0.10s)
    --- PASS: TestAuditExportConfigurationOnBudgetReleasePinsAuthority/configure/initial-drift#02 (0.10s)
    --- PASS: TestAuditExportConfigurationOnBudgetReleasePinsAuthority/configure/final-drift#02 (0.15s)
    --- PASS: TestAuditExportConfigurationOnBudgetReleasePinsAuthority/register/healthy#02 (0.14s)
    --- PASS: TestAuditExportConfigurationOnBudgetReleasePinsAuthority/register/lower-version#02 (0.04s)
    --- PASS: TestAuditExportConfigurationOnBudgetReleasePinsAuthority/register/future#02 (0.04s)
    --- PASS: TestAuditExportConfigurationOnBudgetReleasePinsAuthority/register/wrong-checksum#02 (0.10s)
    --- PASS: TestAuditExportConfigurationOnBudgetReleasePinsAuthority/register/wrong-selected-checksum#02 (0.10s)
    --- PASS: TestAuditExportConfigurationOnBudgetReleasePinsAuthority/register/initial-drift#02 (0.11s)
    --- PASS: TestAuditExportConfigurationOnBudgetReleasePinsAuthority/register/final-drift#02 (0.14s)
    --- PASS: TestAuditExportConfigurationOnBudgetReleasePinsAuthority/api/healthy#02 (0.13s)
    --- PASS: TestAuditExportConfigurationOnBudgetReleasePinsAuthority/api/lower-version#02 (0.04s)
    --- PASS: TestAuditExportConfigurationOnBudgetReleasePinsAuthority/api/future#02 (0.04s)
    --- PASS: TestAuditExportConfigurationOnBudgetReleasePinsAuthority/api/wrong-checksum#02 (0.10s)
    --- PASS: TestAuditExportConfigurationOnBudgetReleasePinsAuthority/api/wrong-selected-checksum#02 (0.10s)
    --- PASS: TestAuditExportConfigurationOnBudgetReleasePinsAuthority/api/initial-drift#02 (0.10s)
    --- PASS: TestAuditExportConfigurationOnBudgetReleasePinsAuthority/api/final-drift#02 (0.13s)
=== RUN   TestComplianceRegistrationTransaction
=== RUN   TestComplianceRegistrationTransaction/healthy
=== RUN   TestComplianceRegistrationTransaction/lower-release
=== RUN   TestComplianceRegistrationTransaction/future-release
=== RUN   TestComplianceRegistrationTransaction/wrong-checksum
=== RUN   TestComplianceRegistrationTransaction/initial-drift
=== RUN   TestComplianceRegistrationTransaction/registration-false
=== RUN   TestComplianceRegistrationTransaction/registration-error
=== RUN   TestComplianceRegistrationTransaction/final-drift
=== RUN   TestComplianceRegistrationTransaction/final-error
=== RUN   TestComplianceRegistrationTransaction/commit-error
=== RUN   TestComplianceRegistrationTransaction/rollback-error
=== RUN   TestComplianceRegistrationTransaction/cancel-registration
=== RUN   TestComplianceRegistrationTransaction/cancel-final
--- PASS: TestComplianceRegistrationTransaction (2.65s)
    --- PASS: TestComplianceRegistrationTransaction/healthy (0.22s)
    --- PASS: TestComplianceRegistrationTransaction/lower-release (0.15s)
    --- PASS: TestComplianceRegistrationTransaction/future-release (0.15s)
    --- PASS: TestComplianceRegistrationTransaction/wrong-checksum (0.16s)
    --- PASS: TestComplianceRegistrationTransaction/initial-drift (0.19s)
    --- PASS: TestComplianceRegistrationTransaction/registration-false (0.23s)
    --- PASS: TestComplianceRegistrationTransaction/registration-error (0.24s)
    --- PASS: TestComplianceRegistrationTransaction/final-drift (0.21s)
    --- PASS: TestComplianceRegistrationTransaction/final-error (0.22s)
    --- PASS: TestComplianceRegistrationTransaction/commit-error (0.25s)
    --- PASS: TestComplianceRegistrationTransaction/rollback-error (0.21s)
    --- PASS: TestComplianceRegistrationTransaction/cancel-registration (0.21s)
    --- PASS: TestComplianceRegistrationTransaction/cancel-final (0.21s)
=== RUN   TestComplianceRegistrationInvalidRunnerAndContext
--- PASS: TestComplianceRegistrationInvalidRunnerAndContext (0.00s)
PASS
ok  	github.com/zasp-ai/zasp-sec/services/platform/migrations	7.570s
=== RUN   TestAuditExportConfigurationBinaryPreflight
--- PASS: TestAuditExportConfigurationBinaryPreflight (1.47s)
=== RUN   TestAuditExportWorkerRegistrationConfiguration
--- PASS: TestAuditExportWorkerRegistrationConfiguration (0.00s)
=== RUN   TestComplianceExplicitReleaseCommands
--- PASS: TestComplianceExplicitReleaseCommands (0.00s)
=== RUN   TestComplianceRegistrationBinaryOwnedPostgres
    compliance_registration_postgres_test.go:22: requires owned Linux PostgreSQL fixture and mounted migration CLI
--- SKIP: TestComplianceRegistrationBinaryOwnedPostgres (0.00s)
=== RUN   TestComplianceRegistrationBinaryPreflight
=== RUN   TestComplianceRegistrationBinaryPreflight/missing-both
=== RUN   TestComplianceRegistrationBinaryPreflight/missing-worker
=== RUN   TestComplianceRegistrationBinaryPreflight/missing-cleanup
=== RUN   TestComplianceRegistrationBinaryPreflight/duplicate
=== RUN   TestComplianceRegistrationBinaryPreflight/reserved-worker
=== RUN   TestComplianceRegistrationBinaryPreflight/reserved-cleanup
=== RUN   TestComplianceRegistrationBinaryPreflight/uppercase
=== RUN   TestComplianceRegistrationBinaryPreflight/whitespace
=== RUN   TestComplianceRegistrationBinaryPreflight/injection
=== RUN   TestComplianceRegistrationBinaryPreflight/short-worker
=== RUN   TestComplianceRegistrationBinaryPreflight/long-cleanup
=== RUN   TestComplianceRegistrationBinaryPreflight/extra-argument
=== RUN   TestComplianceRegistrationBinaryPreflight/valid-boundaries
--- PASS: TestComplianceRegistrationBinaryPreflight (1.20s)
    --- PASS: TestComplianceRegistrationBinaryPreflight/missing-both (0.35s)
    --- PASS: TestComplianceRegistrationBinaryPreflight/missing-worker (0.01s)
    --- PASS: TestComplianceRegistrationBinaryPreflight/missing-cleanup (0.01s)
    --- PASS: TestComplianceRegistrationBinaryPreflight/duplicate (0.01s)
    --- PASS: TestComplianceRegistrationBinaryPreflight/reserved-worker (0.01s)
    --- PASS: TestComplianceRegistrationBinaryPreflight/reserved-cleanup (0.01s)
    --- PASS: TestComplianceRegistrationBinaryPreflight/uppercase (0.01s)
    --- PASS: TestComplianceRegistrationBinaryPreflight/whitespace (0.01s)
    --- PASS: TestComplianceRegistrationBinaryPreflight/injection (0.01s)
    --- PASS: TestComplianceRegistrationBinaryPreflight/short-worker (0.01s)
    --- PASS: TestComplianceRegistrationBinaryPreflight/long-cleanup (0.01s)
    --- PASS: TestComplianceRegistrationBinaryPreflight/extra-argument (0.01s)
    --- PASS: TestComplianceRegistrationBinaryPreflight/valid-boundaries (0.01s)
PASS
ok  	github.com/zasp-ai/zasp-sec/services/platform/agentsec-migrate	4.338s
