TAP version 13
# Subtest: separate Linux source assembly retains all eight outputs and source-derived facts
ok 1 - separate Linux source assembly retains all eight outputs and source-derived facts
  ---
  duration_ms: 198.883518
  type: 'test'
  ...
# Subtest: source fact/SQL delta explains only reserved build mutation and unchanged private routine bodies
not ok 2 - source fact/SQL delta explains only reserved build mutation and unchanged private routine bodies
  ---
  duration_ms: 15595.59552
  type: 'test'
  location: '/workspace/zasp-sec/services/platform/migrations/tools/build-ordered-current-linux-successor-v1.test.mjs:12:1'
  failureType: 'testCodeFailure'
  error: "Cannot read properties of undefined (reading 'length')"
  code: 'ERR_TEST_FAILURE'
  name: 'TypeError'
  stack: |-
    file:///workspace/zasp-sec/services/platform/migrations/tools/build-ordered-current-linux-successor-v1.mjs:477:855
    Array.reduce (<anonymous>)
    analyzeOrderedCurrentLinuxSuccessorV1 (file:///workspace/zasp-sec/services/platform/migrations/tools/build-ordered-current-linux-successor-v1.mjs:477:831)
    TestContext.<anonymous> (file:///workspace/zasp-sec/services/platform/migrations/tools/build-ordered-current-linux-successor-v1.test.mjs:13:10)
    Test.runInAsyncScope (node:async_hooks:214:14)
    Test.run (node:internal/test_runner/test:1047:25)
    Test.processPendingSubtests (node:internal/test_runner/test:744:18)
    Test.postRun (node:internal/test_runner/test:1173:19)
    Test.run (node:internal/test_runner/test:1101:12)
    async startSubtestAfterBootstrap (node:internal/test_runner/harness:296:3)
  ...
# Subtest: outputs and facts are detached and deterministic; malformed caller baselines cannot assert delta
ok 3 - outputs and facts are detached and deterministic; malformed caller baselines cannot assert delta
  ---
  duration_ms: 585.441186
  type: 'test'
  ...
1..3
# tests 3
# suites 0
# pass 2
# fail 1
# cancelled 0
# skipped 0
# todo 0
# duration_ms 29652.790056
