TAP version 13
# Subtest: actual Linux witness admission retains observed build identity and pending flags
ok 1 - actual Linux witness admission retains observed build identity and pending flags
  ---
  duration_ms: 1.231873
  type: 'test'
  ...
# Subtest: forged version/build/cleanup/source authority is refused even with recomputed inner digest
not ok 2 - forged version/build/cleanup/source authority is refused even with recomputed inner digest
  ---
  duration_ms: 0.7642
  type: 'test'
  location: '/workspace/zasp-sec/services/platform/migrations/tools/ordered-current-linux-provenance-v1.test.mjs:10:1'
  failureType: 'testCodeFailure'
  error: 'Missing expected exception.'
  code: 'ERR_ASSERTION'
  name: 'AssertionError'
  operator: 'throws'
  stack: |-
    TestContext.<anonymous> (file:///workspace/zasp-sec/services/platform/migrations/tools/ordered-current-linux-provenance-v1.test.mjs:12:35)
    Test.runInAsyncScope (node:async_hooks:214:14)
    Test.run (node:internal/test_runner/test:1047:25)
    Test.processPendingSubtests (node:internal/test_runner/test:744:18)
    Test.postRun (node:internal/test_runner/test:1173:19)
    Test.run (node:internal/test_runner/test:1101:12)
    async startSubtestAfterBootstrap (node:internal/test_runner/harness:296:3)
  ...
# Subtest: unknown/duplicate/trailing/noncanonical/invalid UTF8 caller bytes never become capture authority
not ok 3 - unknown/duplicate/trailing/noncanonical/invalid UTF8 caller bytes never become capture authority
  ---
  duration_ms: 0.480533
  type: 'test'
  location: '/workspace/zasp-sec/services/platform/migrations/tools/ordered-current-linux-provenance-v1.test.mjs:16:1'
  failureType: 'testCodeFailure'
  error: 'Missing expected exception.'
  code: 'ERR_ASSERTION'
  name: 'AssertionError'
  operator: 'throws'
  stack: |-
    TestContext.<anonymous> (file:///workspace/zasp-sec/services/platform/migrations/tools/ordered-current-linux-provenance-v1.test.mjs:17:155)
    Test.runInAsyncScope (node:async_hooks:214:14)
    Test.run (node:internal/test_runner/test:1047:25)
    Test.processPendingSubtests (node:internal/test_runner/test:744:18)
    Test.postRun (node:internal/test_runner/test:1173:19)
    Test.run (node:internal/test_runner/test:1101:12)
    async Test.processPendingSubtests (node:internal/test_runner/test:744:7)
  ...
# Subtest: returned capture descriptor is detached; caller/env cannot select version
not ok 4 - returned capture descriptor is detached; caller/env cannot select version
  ---
  duration_ms: 0.541745
  type: 'test'
  location: '/workspace/zasp-sec/services/platform/migrations/tools/ordered-current-linux-provenance-v1.test.mjs:20:1'
  failureType: 'testCodeFailure'
  error: 'Missing expected exception.'
  code: 'ERR_ASSERTION'
  name: 'AssertionError'
  operator: 'throws'
  stack: |-
    TestContext.<anonymous> (file:///workspace/zasp-sec/services/platform/migrations/tools/ordered-current-linux-provenance-v1.test.mjs:21:104)
    Test.runInAsyncScope (node:async_hooks:214:14)
    Test.run (node:internal/test_runner/test:1047:25)
    Test.processPendingSubtests (node:internal/test_runner/test:744:18)
    Test.postRun (node:internal/test_runner/test:1173:19)
    Test.run (node:internal/test_runner/test:1101:12)
    async Test.processPendingSubtests (node:internal/test_runner/test:744:7)
  ...
1..4
# tests 4
# suites 0
# pass 1
# fail 3
# cancelled 0
# skipped 0
# todo 0
# duration_ms 56.870003
