TAP version 13
# node:internal/modules/esm/resolve:275
#     throw new ERR_MODULE_NOT_FOUND(
#           ^
# Error [ERR_MODULE_NOT_FOUND]: Cannot find module '/workspace/zasp-sec/services/platform/migrations/tools/ordered-current-linux-provenance-v1.mjs' imported from /workspace/zasp-sec/services/platform/migrations/tools/ordered-current-linux-provenance-v1.test.mjs
#     at finalizeResolution (node:internal/modules/esm/resolve:275:11)
#     at moduleResolve (node:internal/modules/esm/resolve:861:10)
#     at defaultResolve (node:internal/modules/esm/resolve:985:11)
#     at \#cachedDefaultResolve (node:internal/modules/esm/loader:747:20)
#     at ModuleLoader.resolve (node:internal/modules/esm/loader:724:38)
#     at ModuleLoader.getModuleJobForImport (node:internal/modules/esm/loader:320:38)
#     at ModuleJob._link (node:internal/modules/esm/module_job:182:49) {
#   code: 'ERR_MODULE_NOT_FOUND',
#   url: 'file:///workspace/zasp-sec/services/platform/migrations/tools/ordered-current-linux-provenance-v1.mjs'
# }
# Node.js v22.23.1
# Subtest: /workspace/zasp-sec/services/platform/migrations/tools/ordered-current-linux-provenance-v1.test.mjs
not ok 1 - /workspace/zasp-sec/services/platform/migrations/tools/ordered-current-linux-provenance-v1.test.mjs
  ---
  duration_ms: 41.534164
  type: 'test'
  location: '/workspace/zasp-sec/services/platform/migrations/tools/ordered-current-linux-provenance-v1.test.mjs:1:1'
  failureType: 'testCodeFailure'
  exitCode: 1
  signal: ~
  error: 'test failed'
  code: 'ERR_TEST_FAILURE'
  ...
1..1
# tests 1
# suites 0
# pass 0
# fail 1
# cancelled 0
# skipped 0
# todo 0
# duration_ms 48.630634
