TAP version 13
# Subtest: actual Linux witness admission retains observed build identity and pending flags
ok 1 - actual Linux witness admission retains observed build identity and pending flags
  ---
  duration_ms: 1.781641
  type: 'test'
  ...
# Subtest: forged version/build/cleanup/source authority is refused even with recomputed inner digest
ok 2 - forged version/build/cleanup/source authority is refused even with recomputed inner digest
  ---
  duration_ms: 8.882478
  type: 'test'
  ...
# Subtest: unknown/duplicate/trailing/noncanonical/invalid UTF8 caller bytes never become capture authority
ok 3 - unknown/duplicate/trailing/noncanonical/invalid UTF8 caller bytes never become capture authority
  ---
  duration_ms: 2.198929
  type: 'test'
  ...
# Subtest: returned capture descriptor is detached; caller/env cannot select version
ok 4 - returned capture descriptor is detached; caller/env cannot select version
  ---
  duration_ms: 0.783799
  type: 'test'
  ...
1..4
# tests 4
# suites 0
# pass 4
# fail 0
# cancelled 0
# skipped 0
# todo 0
# duration_ms 67.822197
