TAP version 13
# Subtest: actual Linux witness admission retains observed build identity and pending flags
ok 1 - actual Linux witness admission retains observed build identity and pending flags
  ---
  duration_ms: 1.534138
  type: 'test'
  ...
# Subtest: forged version/build/cleanup/source authority is refused even with recomputed inner digest
ok 2 - forged version/build/cleanup/source authority is refused even with recomputed inner digest
  ---
  duration_ms: 8.916047
  type: 'test'
  ...
# Subtest: unknown/duplicate/trailing/noncanonical/invalid UTF8 caller bytes never become capture authority
ok 3 - unknown/duplicate/trailing/noncanonical/invalid UTF8 caller bytes never become capture authority
  ---
  duration_ms: 1.781511
  type: 'test'
  ...
# Subtest: returned capture descriptor is detached; caller/env cannot select version
ok 4 - returned capture descriptor is detached; caller/env cannot select version
  ---
  duration_ms: 0.62467
  type: 'test'
  ...
# Subtest: borrowed array properties, holes and accessors cannot bypass closed admission
not ok 5 - borrowed array properties, holes and accessors cannot bypass closed admission
  ---
  duration_ms: 0.956549
  type: 'test'
  location: '/workspace/zasp-sec/services/platform/migrations/tools/ordered-current-linux-provenance-v1.test.mjs:24:1'
  failureType: 'testCodeFailure'
  error: 'Missing expected exception.'
  code: 'ERR_ASSERTION'
  name: 'AssertionError'
  operator: 'throws'
  stack: |-
    TestContext.<anonymous> (file:///workspace/zasp-sec/services/platform/migrations/tools/ordered-current-linux-provenance-v1.test.mjs:25:51)
    Test.runInAsyncScope (node:async_hooks:214:14)
    Test.run (node:internal/test_runner/test:1047:25)
    Test.processPendingSubtests (node:internal/test_runner/test:744:18)
    Test.postRun (node:internal/test_runner/test:1173:19)
    Test.run (node:internal/test_runner/test:1101:12)
    async Test.processPendingSubtests (node:internal/test_runner/test:744:7)
  ...
1..5
# tests 5
# suites 0
# pass 4
# fail 1
# cancelled 0
# skipped 0
# todo 0
# duration_ms 63.326616
