TAP version 13
# Subtest: staging retains all three original queue contracts independently of Red Team
not ok 1 - staging retains all three original queue contracts independently of Red Team
  ---
  duration_ms: 3.011667
  type: 'test'
  location: '/Users/manishmaheshwari/Projects/zasp-sec/.worktrees/cached-runtime-ship-20260917/deploy/staging/queue-contract.test.mjs:62:1'
  failureType: 'testCodeFailure'
  error: |-
    original tests queue must use its canonical contract
    + actual - expected
    
    + undefined
    - {
    -   max_receive: 5,
    -   schema: 'agentsec.tests.v1',
    -   visibility: 900
    - }
    
  code: 'ERR_ASSERTION'
  name: 'AssertionError'
  expected:
    visibility: 900
    max_receive: 5
    schema: 'agentsec.tests.v1'
  operator: 'deepStrictEqual'
  stack: |-
    assertOriginalQueues (file:///Users/manishmaheshwari/Projects/zasp-sec/.worktrees/cached-runtime-ship-20260917/deploy/staging/queue-contract.test.mjs:32:12)
    TestContext.<anonymous> (file:///Users/manishmaheshwari/Projects/zasp-sec/.worktrees/cached-runtime-ship-20260917/deploy/staging/queue-contract.test.mjs:63:3)
    Test.runInAsyncScope (node:async_hooks:214:14)
    Test.run (node:internal/test_runner/test:1047:25)
    Test.start (node:internal/test_runner/test:944:17)
    startSubtestAfterBootstrap (node:internal/test_runner/harness:296:17)
  ...
# Subtest: shared staging resources bind each queue to its encrypted DLQ and output
ok 2 - shared staging resources bind each queue to its encrypted DLQ and output
  ---
  duration_ms: 0.54775
  type: 'test'
  ...
# Subtest: Red Team consumer authority stays on its separate queue
ok 3 - Red Team consumer authority stays on its separate queue
  ---
  duration_ms: 0.152666
  type: 'test'
  ...
# Subtest: original queue guard rejects missing tests and changed schema or delivery settings
ok 4 - original queue guard rejects missing tests and changed schema or delivery settings
  ---
  duration_ms: 0.942125
  type: 'test'
  ...
# Subtest: shared-resource guard rejects crossed DLQs, redrive widening and missing output membership
ok 5 - shared-resource guard rejects crossed DLQs, redrive widening and missing output membership
  ---
  duration_ms: 1.001666
  type: 'test'
  ...
1..5
# tests 5
# suites 0
# pass 4
# fail 1
# cancelled 0
# skipped 0
# todo 0
# duration_ms 64.266833
