TAP version 13
# Subtest: automatic inventory distinguishes seeded rows and requires the collected target
not ok 1 - automatic inventory distinguishes seeded rows and requires the collected target
  ---
  duration_ms: 5.240625
  type: 'test'
  location: '/Users/manishmaheshwari/Projects/zasp-sec/.worktrees/cached-runtime-ship-20260917/scripts/production-combined-e2e.test.mjs:14:1'
  failureType: 'testCodeFailure'
  error: |-
    Expected values to be strictly deep-equal:
    + actual - expected
    
    + [
    +   {
    +     id: 'seed',
    +     name: 'Authorized prior inventory'
    +   }
    + ]
    - []
    
  code: 'ERR_ASSERTION'
  name: 'AssertionError'
  expected:
  actual:
    0:
      id: 'seed'
      name: 'Authorized prior inventory'
  operator: 'deepStrictEqual'
  stack: |-
    assertAutomaticDiscoveryInventory (evalmachine.<anonymous>:2:10)
    TestContext.<anonymous> (file:///Users/manishmaheshwari/Projects/zasp-sec/.worktrees/cached-runtime-ship-20260917/scripts/production-combined-e2e.test.mjs:19:16)
    async Test.run (node:internal/test_runner/test:1054:7)
    async startSubtestAfterBootstrap (node:internal/test_runner/harness:296:3)
  ...
1..1
# tests 1
# suites 0
# pass 0
# fail 1
# cancelled 0
# skipped 0
# todo 0
# duration_ms 63.529375
