TAP version 13
# Subtest: bridge stop rejects numeric failure and signals it did not issue
    # Subtest: exit7
    not ok 1 - exit7
      ---
      duration_ms: 6.591125
      type: 'test'
      location: '/Users/manishmaheshwari/Projects/zasp-sec/.worktrees/cached-runtime-ship-20260917/scripts/isolated-postgres-bridge.test.mjs:10:140'
      failureType: 'testCodeFailure'
      error: 'Missing expected rejection.'
      code: 'ERR_ASSERTION'
      name: 'AssertionError'
      stack: |-
        process.processTicksAndRejections (node:internal/process/task_queues:103:5)
        async TestContext.<anonymous> (file:///Users/manishmaheshwari/Projects/zasp-sec/.worktrees/cached-runtime-ship-20260917/scripts/isolated-postgres-bridge.test.mjs:25:7)
        async Test.run (node:internal/test_runner/test:1054:7)
        async TestContext.<anonymous> (file:///Users/manishmaheshwari/Projects/zasp-sec/.worktrees/cached-runtime-ship-20260917/scripts/isolated-postgres-bridge.test.mjs:10:132)
        async Test.run (node:internal/test_runner/test:1054:7)
        async startSubtestAfterBootstrap (node:internal/test_runner/harness:296:3)
      ...
    # Subtest: unissued-term
    not ok 2 - unissued-term
      ---
      duration_ms: 2.736541
      type: 'test'
      location: '/Users/manishmaheshwari/Projects/zasp-sec/.worktrees/cached-runtime-ship-20260917/scripts/isolated-postgres-bridge.test.mjs:10:140'
      failureType: 'testCodeFailure'
      error: 'Missing expected rejection.'
      code: 'ERR_ASSERTION'
      name: 'AssertionError'
      stack: |-
        process.processTicksAndRejections (node:internal/process/task_queues:103:5)
        async TestContext.<anonymous> (file:///Users/manishmaheshwari/Projects/zasp-sec/.worktrees/cached-runtime-ship-20260917/scripts/isolated-postgres-bridge.test.mjs:25:7)
        async Test.run (node:internal/test_runner/test:1054:7)
        async TestContext.<anonymous> (file:///Users/manishmaheshwari/Projects/zasp-sec/.worktrees/cached-runtime-ship-20260917/scripts/isolated-postgres-bridge.test.mjs:10:132)
        async Test.run (node:internal/test_runner/test:1054:7)
        async startSubtestAfterBootstrap (node:internal/test_runner/harness:296:3)
      ...
    # Subtest: unissued-kill
    not ok 3 - unissued-kill
      ---
      duration_ms: 1.3945
      type: 'test'
      location: '/Users/manishmaheshwari/Projects/zasp-sec/.worktrees/cached-runtime-ship-20260917/scripts/isolated-postgres-bridge.test.mjs:10:140'
      failureType: 'testCodeFailure'
      error: 'Missing expected rejection.'
      code: 'ERR_ASSERTION'
      name: 'AssertionError'
      stack: |-
        process.processTicksAndRejections (node:internal/process/task_queues:103:5)
        async TestContext.<anonymous> (file:///Users/manishmaheshwari/Projects/zasp-sec/.worktrees/cached-runtime-ship-20260917/scripts/isolated-postgres-bridge.test.mjs:25:7)
        async Test.run (node:internal/test_runner/test:1054:7)
        async TestContext.<anonymous> (file:///Users/manishmaheshwari/Projects/zasp-sec/.worktrees/cached-runtime-ship-20260917/scripts/isolated-postgres-bridge.test.mjs:10:132)
        async Test.run (node:internal/test_runner/test:1054:7)
        async startSubtestAfterBootstrap (node:internal/test_runner/harness:296:3)
      ...
    1..3
not ok 1 - bridge stop rejects numeric failure and signals it did not issue
  ---
  duration_ms: 11.618167
  type: 'test'
  location: '/Users/manishmaheshwari/Projects/zasp-sec/.worktrees/cached-runtime-ship-20260917/scripts/isolated-postgres-bridge.test.mjs:9:1'
  failureType: 'subtestsFailed'
  error: '3 subtests failed'
  code: 'ERR_TEST_FAILURE'
  ...
1..1
# tests 4
# suites 0
# pass 0
# fail 4
# cancelled 0
# skipped 0
# todo 0
# duration_ms 62.406666
