TAP version 13
# Subtest: bridge accepts SIGPIPE only after its own peer-close path
    # Subtest: owned-pipe
    ok 1 - owned-pipe
      ---
      duration_ms: 8.365958
      type: 'test'
      ...
    # Subtest: spontaneous-pipe
    ok 2 - spontaneous-pipe
      ---
      duration_ms: 2.736541
      type: 'test'
      ...
    # Subtest: spontaneous-nonzero
    ok 3 - spontaneous-nonzero
      ---
      duration_ms: 0.873292
      type: 'test'
      ...
    1..3
ok 1 - bridge accepts SIGPIPE only after its own peer-close path
  ---
  duration_ms: 12.661375
  type: 'test'
  ...
# Subtest: bridge forwards raw bytes only through its owned container and joins on stop
ok 2 - bridge forwards raw bytes only through its owned container and joins on stop
  ---
  duration_ms: 1.701042
  type: 'test'
  ...
# Subtest: bridge rejects foreign container identity and invalid bounds before listening
ok 3 - bridge rejects foreign container identity and invalid bounds before listening
  ---
  duration_ms: 0.213791
  type: 'test'
  ...
# Subtest: bridge kills and joins an owned relay CLI that ignores EOF and SIGTERM
ok 4 - bridge kills and joins an owned relay CLI that ignores EOF and SIGTERM
  ---
  duration_ms: 1284.852416
  type: 'test'
  ...
1..4
# tests 7
# suites 0
# pass 7
# fail 0
# cancelled 0
# skipped 0
# todo 0
# duration_ms 1341.240875
