TAP version 13
# Subtest: bridge accepts SIGPIPE only after its own peer-close path
    # Subtest: owned-pipe
    not ok 1 - owned-pipe
      ---
      duration_ms: 7.368625
      type: 'test'
      location: '/Users/manishmaheshwari/Projects/zasp-sec/.worktrees/cached-runtime-ship-20260917/scripts/isolated-postgres-bridge.test.mjs:10:92'
      failureType: 'testCodeFailure'
      error: 'owned PostgreSQL bridge failed'
      code: 'ERR_TEST_FAILURE'
      name: 'AggregateError'
      stack: |-
        file:///Users/manishmaheshwari/Projects/zasp-sec/.worktrees/cached-runtime-ship-20260917/scripts/isolated-postgres-bridge.mjs:61:34
        process.processTicksAndRejections (node:internal/process/task_queues:103:5)
        async TestContext.<anonymous> (file:///Users/manishmaheshwari/Projects/zasp-sec/.worktrees/cached-runtime-ship-20260917/scripts/isolated-postgres-bridge.test.mjs:33:31)
        async Test.run (node:internal/test_runner/test:1054:7)
        async TestContext.<anonymous> (file:///Users/manishmaheshwari/Projects/zasp-sec/.worktrees/cached-runtime-ship-20260917/scripts/isolated-postgres-bridge.test.mjs:10:84)
        async Test.run (node:internal/test_runner/test:1054:7)
        async startSubtestAfterBootstrap (node:internal/test_runner/harness:296:3)
      ...
    # Subtest: spontaneous-pipe
    ok 2 - spontaneous-pipe
      ---
      duration_ms: 3.3375
      type: 'test'
      ...
    # Subtest: spontaneous-nonzero
    ok 3 - spontaneous-nonzero
      ---
      duration_ms: 1.024917
      type: 'test'
      ...
    1..3
not ok 1 - bridge accepts SIGPIPE only after its own peer-close path
  ---
  duration_ms: 12.664375
  type: 'test'
  location: '/Users/manishmaheshwari/Projects/zasp-sec/.worktrees/cached-runtime-ship-20260917/scripts/isolated-postgres-bridge.test.mjs:9:1'
  failureType: 'subtestsFailed'
  error: '1 subtest failed'
  code: 'ERR_TEST_FAILURE'
  ...
1..1
# tests 4
# suites 0
# pass 2
# fail 2
# cancelled 0
# skipped 0
# todo 0
# duration_ms 57.708125
