combined E2E: disposable PostgreSQL ready
combined E2E: schema 14 typed_inventory_cutover verified
combined E2E: schema 15 runtime_data_plane verified
combined E2E: schema 17 runtime_ingest_reconciliation verified
combined E2E: schema 18 security_agent_execution verified
combined E2E: schema 19 identity_administration verified
combined E2E: schema 20 security_agent_controls verified
combined E2E: schema 21 security_agent_autonomous_response verified
combined E2E: schema 24 security_agent_session_isolation verified
combined E2E: schema 27 production_recovery verified
combined E2E: schema 28 production_policy_deployment verified
combined E2E: schema 29 production_home_attention verified
combined E2E: schema 30 production_approval_notification verified
combined E2E: schema 31 production_workflow_compatibility verified
combined E2E: schema 32 production_security_agent_planner verified
combined E2E: schema 33 production_security_agent_attack_path verified
combined E2E: schema 34 production_integration_setup verified
combined E2E: schema 35 production_integration_webhook verified
combined E2E: schema 37 production_red_team_safety verified
combined E2E: schema 39 production_red_team_artifacts verified
combined E2E: schema 40 production_runtime_sessions verified
combined E2E: schema 41 production_runtime_session_reads verified
combined E2E: schema 42 production_runtime_session_search verified
combined E2E: schema 43 production_runtime_session_query verified
combined E2E: schema 44 production_runtime_session_evidence verified
combined E2E: schema 45 production_runtime_enrollment_pairing verified
combined E2E: schema 46 production_reconciliation_lane_plan verified
combined E2E: schema 47 production_runtime_candidate_authority verified
combined E2E: schema 48 production_runtime_acceptance verified
combined E2E: migrations and durable seed ready
automatic discovery evidence directory: /var/folders/0v/qngy01614391_pdtwjmwbcvm0000gn/T/zasp-automatic-discovery-evidence-O14kyb
automatic discovery: waiting for real due time 2026-09-20T02:28:11.704141Z
combined E2E: cleanup browser
combined E2E: cleanup Task4 workers
combined E2E: cleanup api
combined E2E: cleanup proxy
combined E2E: cleanup identity
combined E2E: cleanup policy history
combined E2E: cleanup web
combined E2E: cleanup postgres
combined E2E: cleanup remaining processes
file:///Users/manishmaheshwari/Projects/zasp-sec/.worktrees/cached-runtime-ship-20260917/scripts/production-combined-e2e.mjs:3158
  if (cleanupErrors.length) throw new AggregateError(cleanupErrors, `owned resource cleanup failed; temporary root retained: ${temporaryRoot}`);
                                  ^

AggregateError: owned resource cleanup failed; temporary root retained: /private/var/folders/0v/qngy01614391_pdtwjmwbcvm0000gn/T/zasp-production-e2e-hpivq7
    at cleanupOwnedResources (file:///Users/manishmaheshwari/Projects/zasp-sec/.worktrees/cached-runtime-ship-20260917/scripts/production-combined-e2e.mjs:3158:35)
    at async file:///Users/manishmaheshwari/Projects/zasp-sec/.worktrees/cached-runtime-ship-20260917/scripts/production-combined-e2e.mjs:1313:2 {
  [errors]: [
    AggregateError: owned PostgreSQL cleanup failed: 95336816526d5e6053f844f6c07708b29acbfebddde97ed87fc39290d0e7eac1
        at file:///Users/manishmaheshwari/Projects/zasp-sec/.worktrees/cached-runtime-ship-20260917/scripts/owned-browser-postgres.mjs:137:30
        at process.processTicksAndRejections (node:internal/process/task_queues:103:5)
        at async stopPostgres (file:///Users/manishmaheshwari/Projects/zasp-sec/.worktrees/cached-runtime-ship-20260917/scripts/production-combined-e2e.mjs:3189:3)
        at async attempt (file:///Users/manishmaheshwari/Projects/zasp-sec/.worktrees/cached-runtime-ship-20260917/scripts/production-combined-e2e.mjs:3114:11)
        at async cleanupOwnedResources (file:///Users/manishmaheshwari/Projects/zasp-sec/.worktrees/cached-runtime-ship-20260917/scripts/production-combined-e2e.mjs:3151:17)
        at async file:///Users/manishmaheshwari/Projects/zasp-sec/.worktrees/cached-runtime-ship-20260917/scripts/production-combined-e2e.mjs:1313:2 {
      [errors]: [
        AggregateError: owned PostgreSQL bridge failed
            at file:///Users/manishmaheshwari/Projects/zasp-sec/.worktrees/cached-runtime-ship-20260917/scripts/isolated-postgres-bridge.mjs:61:34
            at process.processTicksAndRejections (node:internal/process/task_queues:103:5)
            at async attempt (file:///Users/manishmaheshwari/Projects/zasp-sec/.worktrees/cached-runtime-ship-20260917/scripts/owned-browser-postgres.mjs:112:48)
            at async file:///Users/manishmaheshwari/Projects/zasp-sec/.worktrees/cached-runtime-ship-20260917/scripts/owned-browser-postgres.mjs:115:17
            at async stopPostgres (file:///Users/manishmaheshwari/Projects/zasp-sec/.worktrees/cached-runtime-ship-20260917/scripts/production-combined-e2e.mjs:3189:3)
            at async attempt (file:///Users/manishmaheshwari/Projects/zasp-sec/.worktrees/cached-runtime-ship-20260917/scripts/production-combined-e2e.mjs:3114:11)
            at async cleanupOwnedResources (file:///Users/manishmaheshwari/Projects/zasp-sec/.worktrees/cached-runtime-ship-20260917/scripts/production-combined-e2e.mjs:3151:17)
            at async file:///Users/manishmaheshwari/Projects/zasp-sec/.worktrees/cached-runtime-ship-20260917/scripts/production-combined-e2e.mjs:1313:2 {
          [errors]: [
            Error: owned relay exited null/SIGPIPE: 
                at ChildProcess.<anonymous> (file:///Users/manishmaheshwari/Projects/zasp-sec/.worktrees/cached-runtime-ship-20260917/scripts/isolated-postgres-bridge.mjs:33:47)
                at Object.onceWrapper (node:events:634:26)
                at ChildProcess.emit (node:events:519:28)
                at maybeClose (node:internal/child_process:1101:16)
                at ChildProcess._handle.onexit (node:internal/child_process:304:5)
          ]
        }
      ]
    }
  ]
}

Node.js v22.23.1
