Automatic discovery connected attempt14. One authorized launch, no retries.
Retained attempt12 failed public ID query; retained attempt13 clean but withdrawal-incomplete. Neither overwritten nor relabeled.
Task4 corrected brief SHA256 50f71993842a493a28e8491ae95042896e70feaacc21b13eb4197d37bb45850e
Public disabled response next_run_at:null; exact scoped stored due read through public integration identity and returned disable version/state. Existing +10s bound and +1s observation margin unchanged.
Node v22.23.1; Go GOTOOLCHAIN=local GOPROXY=off GOSUMDB=off.
Pinned PostgreSQL postgres@sha256:80630f83606d8db77d30b3851b16a9f78be2d0d4dda6f7b82a1fdca5ebe3acba
Inspected image arm64, config sha256:0984215845c9203725ec1049ec2b1bdd2e8f5e0eeb4a82cfea4d9928a952ad40.
Release60 checksum 37956023196757f30a7ecb415e9d7d7e6f76cfa32a3ffa2d45445c172f6313ab
Release60 fingerprint 1ed52fb5f9a83384e1d3fecbc3bc116d3981a36479e9b3b1f6ec04b5cd4f3b36
Harness SHA256 c64c19092e45cdb595aecf0e7ac105bd8392783012df4800119a590c9e4a34ac
Harness test SHA256 c11ffcdb89ea329af59588caa3fcccdba78f23d44b46ac6c7d40d70197f968b7
Withdrawal direct RED:7 records,5 pass,2 fail (accepted leaf and parent),0 skip. Focused GREEN32/32,0 fail/skip,0.127s.
Grouped harness152 tests,150 pass,0 fail,2 existing opt-in skips,10.673s; ESLint0 and scoped diff check0.
RED /tmp/zasp-release60-task4.W4Atku/withdrawal-due-red.log SHA256 30196b62ef82533fe7ede84ec9fa18fef79204b7b42607de4b8bdb3ef4fd08f5
GREEN /tmp/zasp-release60-task4.W4Atku/withdrawal-due-green.log SHA256 dd6f2a7bc67e95b301e532f0a4dc2059839abe58de02079bab7d741b7200536e

Launch cwd /Users/manishmaheshwari/Projects/zasp-sec/.worktrees/cached-runtime-ship-20260917
PATH=/Users/manishmaheshwari/.nvm/versions/node/v22.23.1/bin:/opt/homebrew/bin:/usr/local/bin:/usr/bin:/bin GOTOOLCHAIN=local GOPROXY=off GOSUMDB=off GOCACHE=/private/tmp/zasp-budget-go-cache ZASP_COMBINED_E2E_AUTOMATIC_DISCOVERY=true /Users/manishmaheshwari/.nvm/versions/node/v22.23.1/bin/node scripts/production-combined-e2e.mjs

combined E2E: disposable PostgreSQL ready
combined E2E: schema 14 typed_inventory_cutover verified
combined E2E: schema 15 runtime_data_plane verified
combined E2E: schema 17 runtime_ingest_reconciliation verified
combined E2E: schema 18 security_agent_execution verified
combined E2E: schema 19 identity_administration verified
combined E2E: schema 20 security_agent_controls verified
combined E2E: schema 21 security_agent_autonomous_response verified
combined E2E: schema 24 security_agent_session_isolation verified
combined E2E: schema 27 production_recovery verified
combined E2E: schema 28 production_policy_deployment verified
combined E2E: schema 29 production_home_attention verified
combined E2E: schema 30 production_approval_notification verified
combined E2E: schema 31 production_workflow_compatibility verified
combined E2E: schema 32 production_security_agent_planner verified
combined E2E: schema 33 production_security_agent_attack_path verified
combined E2E: schema 34 production_integration_setup verified
combined E2E: schema 35 production_integration_webhook verified
combined E2E: schema 37 production_red_team_safety verified
combined E2E: schema 39 production_red_team_artifacts verified
combined E2E: schema 40 production_runtime_sessions verified
combined E2E: schema 41 production_runtime_session_reads verified
combined E2E: schema 42 production_runtime_session_search verified
combined E2E: schema 43 production_runtime_session_query verified
combined E2E: schema 44 production_runtime_session_evidence verified
combined E2E: schema 45 production_runtime_enrollment_pairing verified
combined E2E: schema 46 production_reconciliation_lane_plan verified
combined E2E: schema 47 production_runtime_candidate_authority verified
combined E2E: schema 48 production_runtime_acceptance verified
combined E2E: migrations and durable seed ready
automatic discovery evidence directory: /var/folders/0v/qngy01614391_pdtwjmwbcvm0000gn/T/zasp-automatic-discovery-evidence-02halw
automatic discovery: waiting for real due time 2026-09-20T06:22:16.219966Z
automatic discovery: observing disabled schedule through 2026-09-20T06:27:21.869063Z
automatic discovery: real cadence, scheduler restart replay, Kubernetes collection, mounted reload, retention and public withdrawal passed; live providers NOT RUN
combined E2E: cleanup browser
combined E2E: cleanup Task4 workers
combined E2E: cleanup api
combined E2E: cleanup proxy
combined E2E: cleanup identity
combined E2E: cleanup policy history
combined E2E: cleanup web
combined E2E: cleanup postgres
combined E2E: cleanup remaining processes
combined E2E: cleanup files
