Automatic discovery connected attempt12. One launch, no retries.
Node v22.23.1; Go GOTOOLCHAIN=local GOPROXY=off GOSUMDB=off.
Pinned PostgreSQL postgres@sha256:80630f83606d8db77d30b3851b16a9f78be2d0d4dda6f7b82a1fdca5ebe3acba
Inspected image architecture arm64, config sha256:0984215845c9203725ec1049ec2b1bdd2e8f5e0eeb4a82cfea4d9928a952ad40.
Read-only container, network none, owned collector/relay mounts.
Release60 checksum 37956023196757f30a7ecb415e9d7d7e6f76cfa32a3ffa2d45445c172f6313ab
Release60 fingerprint 1ed52fb5f9a83384e1d3fecbc3bc116d3981a36479e9b3b1f6ec04b5cd4f3b36
Harness SHA256 2cb3cf37bee3bfaa31f74649cc04aa85aca75611bd50c402356e0b500fb640bb
Harness test SHA256 a4ff81ca50d17b1a68d6dd85bf18d3279f4c39d8df5dd0660d8689da314ab973
Focused RED 22 failing records,0 pass,0 skip; final focused GREEN22/22,0 fail/skip.
Grouped harness143 tests,141 pass,0 fail,2 existing opt-in skips,10.557s; ESLint0.
RED log /tmp/zasp-release60-task4.W4Atku/harness-red-final.log SHA256 cbe98180b4609ff421c1cd6740972ada76b29b200030b19786bf669461135e81
GREEN log /tmp/zasp-release60-task4.W4Atku/harness-focused-green.log SHA256 805e756e1aac19deb436200439a869df16ed6337fd9c79908090d410ee18a63d
Grouped log /tmp/zasp-release60-task4.W4Atku/harness-grouped-final.log SHA256 dd2c50358d72af4e519b6c6d0635560f5eba0aaa5d3469512dcd1de0a229ebfc

Launch cwd /Users/manishmaheshwari/Projects/zasp-sec/.worktrees/cached-runtime-ship-20260917
PATH=/Users/manishmaheshwari/.nvm/versions/node/v22.23.1/bin:/opt/homebrew/bin:/usr/local/bin:/usr/bin:/bin GOTOOLCHAIN=local GOPROXY=off GOSUMDB=off GOCACHE=/private/tmp/zasp-budget-go-cache ZASP_COMBINED_E2E_AUTOMATIC_DISCOVERY=true /Users/manishmaheshwari/.nvm/versions/node/v22.23.1/bin/node scripts/production-combined-e2e.mjs

combined E2E: disposable PostgreSQL ready
combined E2E: schema 14 typed_inventory_cutover verified
combined E2E: schema 15 runtime_data_plane verified
combined E2E: schema 17 runtime_ingest_reconciliation verified
combined E2E: schema 18 security_agent_execution verified
combined E2E: schema 19 identity_administration verified
combined E2E: schema 20 security_agent_controls verified
combined E2E: schema 21 security_agent_autonomous_response verified
combined E2E: schema 24 security_agent_session_isolation verified
combined E2E: schema 27 production_recovery verified
combined E2E: schema 28 production_policy_deployment verified
combined E2E: schema 29 production_home_attention verified
combined E2E: schema 30 production_approval_notification verified
combined E2E: schema 31 production_workflow_compatibility verified
combined E2E: schema 32 production_security_agent_planner verified
combined E2E: schema 33 production_security_agent_attack_path verified
combined E2E: schema 34 production_integration_setup verified
combined E2E: schema 35 production_integration_webhook verified
combined E2E: schema 37 production_red_team_safety verified
combined E2E: schema 39 production_red_team_artifacts verified
combined E2E: schema 40 production_runtime_sessions verified
combined E2E: schema 41 production_runtime_session_reads verified
combined E2E: schema 42 production_runtime_session_search verified
combined E2E: schema 43 production_runtime_session_query verified
combined E2E: schema 44 production_runtime_session_evidence verified
combined E2E: schema 45 production_runtime_enrollment_pairing verified
combined E2E: schema 46 production_reconciliation_lane_plan verified
combined E2E: schema 47 production_runtime_candidate_authority verified
combined E2E: schema 48 production_runtime_acceptance verified
combined E2E: migrations and durable seed ready
automatic discovery evidence directory: /var/folders/0v/qngy01614391_pdtwjmwbcvm0000gn/T/zasp-automatic-discovery-evidence-VsAJ33
automatic discovery: waiting for real due time 2026-09-20T05:53:10.238646Z
combined E2E: cleanup browser
combined E2E: cleanup Task4 workers
combined E2E: cleanup api
combined E2E: cleanup proxy
combined E2E: cleanup identity
combined E2E: cleanup policy history
combined E2E: cleanup web
combined E2E: cleanup postgres
combined E2E: cleanup remaining processes
combined E2E: cleanup files
node:internal/modules/run_main:123
    triggerUncaughtException(
    ^

AssertionError [ERR_ASSERTION]: scheduled occurrence absent or duplicated

0 !== 1

    at exerciseAutomaticDiscoveryBrowser (file:///Users/manishmaheshwari/Projects/zasp-sec/.worktrees/cached-runtime-ship-20260917/scripts/production-combined-e2e.mjs:2490:12)
    at process.processTicksAndRejections (node:internal/process/task_queues:103:5)
    at async file:///Users/manishmaheshwari/Projects/zasp-sec/.worktrees/cached-runtime-ship-20260917/scripts/production-combined-e2e.mjs:338:5 {
  generatedMessage: false,
  code: 'ERR_ASSERTION',
  actual: 0,
  expected: 1,
  operator: 'strictEqual',
  diff: 'simple'
}

Node.js v22.23.1
