TAP version 13
# Subtest: starts only pinned loopback ephemeral PostgreSQL and joins its exact container
ok 1 - starts only pinned loopback ephemeral PostgreSQL and joins its exact container
  ---
  duration_ms: 2.120917
  type: 'test'
  ...
# Subtest: rejects invalid ports before dispatch
ok 2 - rejects invalid ports before dispatch
  ---
  duration_ms: 0.617791
  type: 'test'
  ...
# Subtest: optional discovery helper is one exact readonly regular executable mount
ok 3 - optional discovery helper is one exact readonly regular executable mount
  ---
  duration_ms: 6.081417
  type: 'test'
  ...
# Subtest: isolated browser PostgreSQL has no published port and joins its raw-wire bridge
ok 4 - isolated browser PostgreSQL has no published port and joins its raw-wire bridge
  ---
  duration_ms: 0.488667
  type: 'test'
  ...
# Subtest: initializes the same C UTF8 database as the pinned migration reference fixture
ok 5 - initializes the same C UTF8 database as the pinned migration reference fixture
  ---
  duration_ms: 0.758875
  type: 'test'
  ...
# Subtest: default startup leaves function instrumentation off
ok 6 - default startup leaves function instrumentation off
  ---
  duration_ms: 0.193333
  type: 'test'
  ...
# Subtest: readiness failure still removes the created container
ok 7 - readiness failure still removes the created container
  ---
  duration_ms: 40.519
  type: 'test'
  ...
# Subtest: early server exit fails readiness even if the CLI already exited successfully
ok 8 - early server exit fails readiness even if the CLI already exited successfully
  ---
  duration_ms: 0.267708
  type: 'test'
  ...
# Subtest: failed start removes the exact created resource
ok 9 - failed start removes the exact created resource
  ---
  duration_ms: 0.445125
  type: 'test'
  ...
# Subtest: lost create response recovers only the invocation name and matching ownership label
ok 10 - lost create response recovers only the invocation name and matching ownership label
  ---
  duration_ms: 0.452667
  type: 'test'
  ...
# Subtest: ambiguous create cannot remove a container without matching ownership
ok 11 - ambiguous create cannot remove a container without matching ownership
  ---
  duration_ms: 0.320083
  type: 'test'
  ...
# Subtest: concurrent and repeated stop perform one exact cleanup
ok 12 - concurrent and repeated stop perform one exact cleanup
  ---
  duration_ms: 0.17775
  type: 'test'
  ...
# Subtest: cancellation joins an in-flight create then recovers and removes its resource
ok 13 - cancellation joins an in-flight create then recovers and removes its resource
  ---
  duration_ms: 0.200833
  type: 'test'
  ...
# Subtest: hung commands are bounded and joined before cleanup
ok 14 - hung commands are bounded and joined before cleanup
  ---
  duration_ms: 29.772417
  type: 'test'
  ...
# Subtest: cleanup failure stays rejected even when repeated and absence checks still run
ok 15 - cleanup failure stays rejected even when repeated and absence checks still run
  ---
  duration_ms: 0.260375
  type: 'test'
  ...
# Subtest: successful CLI removal without observed container absence fails the join
ok 16 - successful CLI removal without observed container absence fails the join
  ---
  duration_ms: 0.095959
  type: 'test'
  ...
# Subtest: automatic inventory distinguishes seeded rows and requires the collected target
ok 17 - automatic inventory distinguishes seeded rows and requires the collected target
  ---
  duration_ms: 7.852167
  type: 'test'
  ...
# Subtest: automatic discovery proof refuses malformed or mixed modes before resource allocation
ok 18 - automatic discovery proof refuses malformed or mixed modes before resource allocation
  ---
  duration_ms: 7.903125
  type: 'test'
  ...
# Subtest: export browser mode refuses mixed or malformed selections before allocating resources
ok 19 - export browser mode refuses mixed or malformed selections before allocating resources
  ---
  duration_ms: 4.459709
  type: 'test'
  ...
# Subtest: export callback authenticates distinct author approver and foreign provider sessions without cookie injection
ok 20 - export callback authenticates distinct author approver and foreign provider sessions without cookie injection
  ---
  duration_ms: 3.567417
  type: 'test'
  ...
# Subtest: export API leaves shutdown margin inside the owned five second grace
ok 21 - export API leaves shutdown margin inside the owned five second grace
  ---
  duration_ms: 6.445917
  type: 'test'
  ...
# Subtest: export API persists clean slow shutdown and forced kill before acceptance checks
    # Subtest: owned drain 1100ms
    ok 1 - owned drain 1100ms
      ---
      duration_ms: 1144.663416
      type: 'test'
      ...
    # Subtest: owned drain 5100ms
    ok 2 - owned drain 5100ms
      ---
      duration_ms: 5034.049333
      type: 'test'
      ...
    1..2
ok 22 - export API persists clean slow shutdown and forced kill before acceptance checks
  ---
  duration_ms: 6181.116625
  type: 'test'
  ...
# Subtest: export API shutdown rejects nonzero and signaled restart and final lifetimes
    # Subtest: restart status=7 signal=null
    ok 1 - restart status=7 signal=null
      ---
      duration_ms: 2.82525
      type: 'test'
      ...
    # Subtest: restart status=null signal=SIGKILL
    ok 2 - restart status=null signal=SIGKILL
      ---
      duration_ms: 3.074542
      type: 'test'
      ...
    # Subtest: restart status=0 signal=SIGTERM
    ok 3 - restart status=0 signal=SIGTERM
      ---
      duration_ms: 4.013667
      type: 'test'
      ...
    # Subtest: final status=7 signal=null
    ok 4 - final status=7 signal=null
      ---
      duration_ms: 2.631875
      type: 'test'
      ...
    # Subtest: final status=null signal=SIGKILL
    ok 5 - final status=null signal=SIGKILL
      ---
      duration_ms: 2.906
      type: 'test'
      ...
    # Subtest: final status=0 signal=SIGTERM
    ok 6 - final status=0 signal=SIGTERM
      ---
      duration_ms: 6.2995
      type: 'test'
      ...
    1..6
ok 23 - export API shutdown rejects nonzero and signaled restart and final lifetimes
  ---
  duration_ms: 22.628625
  type: 'test'
  ...
# Subtest: export manifest completion waits for console proxy mutation and receipt acceptance
    # Subtest: console
    ok 1 - console
      ---
      duration_ms: 4.971625
      type: 'test'
      ...
    # Subtest: proxy
    ok 2 - proxy
      ---
      duration_ms: 2.167125
      type: 'test'
      ...
    # Subtest: mutation
    ok 3 - mutation
      ---
      duration_ms: 2.361542
      type: 'test'
      ...
    # Subtest: receipt
    ok 4 - receipt
      ---
      duration_ms: 3.21275
      type: 'test'
      ...
    # Subtest: accepted with cleanup still pending
    ok 5 - accepted with cleanup still pending
      ---
      duration_ms: 3.356791
      type: 'test'
      ...
    1..5
ok 24 - export manifest completion waits for console proxy mutation and receipt acceptance
  ---
  duration_ms: 16.59225
  type: 'test'
  ...
# Subtest: temporary policy child budget covers lease recovery and preserves failures
ok 25 - temporary policy child budget covers lease recovery and preserves failures
  ---
  duration_ms: 3.957125
  type: 'test'
  ...
# Subtest: broad release helper rejects migration or readback failure
ok 26 - broad release helper rejects migration or readback failure
  ---
  duration_ms: 1.926042
  type: 'test'
  ...
# Subtest: broad lifecycle orchestration gates migration and startup on the joined historical proof
ok 27 - broad lifecycle orchestration gates migration and startup on the joined historical proof
  ---
  duration_ms: 5.951875
  type: 'test'
  ...
# Subtest: broad lifecycle orchestration detects missing joins and bypassed mode or release guards
ok 28 - broad lifecycle orchestration detects missing joins and bypassed mode or release guards
  ---
  duration_ms: 5.8655
  type: 'test'
  ...
# Subtest: automatic fixture selects concurrency from exact scoped trigger inventory
ok 29 - automatic fixture selects concurrency from exact scoped trigger inventory
  ---
  duration_ms: 2.262333
  type: 'test'
  ...
# Subtest: pagination seed retains102 paths but grants verified trigger state only to canonical path1
ok 30 - pagination seed retains102 paths but grants verified trigger state only to canonical path1
  ---
  duration_ms: 3.232375
  type: 'test'
  ...
# Subtest: scoped path readback rejects lost pagination evidence, duplicate IDs and any extra verified trigger
ok 31 - scoped path readback rejects lost pagination evidence, duplicate IDs and any extra verified trigger
  ---
  duration_ms: 9.067584
  type: 'test'
  ...
# Subtest: automatic fixture reconciles only its owned create receipt at v1 before public activation
ok 32 - automatic fixture reconciles only its owned create receipt at v1 before public activation
  ---
  duration_ms: 6.342584
  type: 'test'
  ...
# Subtest: automatic fixture rejects mismatched receipts and readbacks without ACK or activation
ok 33 - automatic fixture rejects mismatched receipts and readbacks without ACK or activation
  ---
  duration_ms: 36.768916
  type: 'test'
  ...
# Subtest: automatic fixture rejects failed ACK or altered pending receipts before activation
ok 34 - automatic fixture rejects failed ACK or altered pending receipts before activation
  ---
  duration_ms: 19.127834
  type: 'test'
  ...
# Subtest: automatic fixture control setup preserves global authority and uses each tenant CAS version
ok 35 - automatic fixture control setup preserves global authority and uses each tenant CAS version
  ---
  duration_ms: 1.589125
  type: 'test'
  ...
# Subtest: automatic fixture authenticates exact scope and sends fresh CAS browser authority
ok 36 - automatic fixture authenticates exact scope and sends fresh CAS browser authority
  ---
  duration_ms: 1.496666
  type: 'test'
  ...
# Subtest: automatic fixture permits headerless204 only for the exact receipt ACK protocol
ok 37 - automatic fixture permits headerless204 only for the exact receipt ACK protocol
  ---
  duration_ms: 2.462375
  type: 'test'
  ...
# Subtest: automatic fixture preserves every scenario and never seeds execution or resets admitted budgets
ok 38 - automatic fixture preserves every scenario and never seeds execution or resets admitted budgets
  ---
  duration_ms: 1.496125
  type: 'test'
  ...
# Subtest: Security Agent simulation mode rejects invalid and conflicting flags before allocating resources
ok 39 - Security Agent simulation mode rejects invalid and conflicting flags before allocating resources
  ---
  duration_ms: 623.864667
  type: 'test'
  ...
# Subtest: Security Agent simulation selection bypasses broad dependencies and propagates failure
ok 40 - Security Agent simulation selection bypasses broad dependencies and propagates failure
  ---
  duration_ms: 5.047875
  type: 'test'
  ...
# Subtest: selected lost-create proof waits for enabled retry after the real response settles
ok 41 - selected lost-create proof waits for enabled retry after the real response settles
  ---
  duration_ms: 2.395125
  type: 'test'
  ...
# Subtest: actual audit adapter replaces the principal through public login and logs out the owned reader
ok 42 - actual audit adapter replaces the principal through public login and logs out the owned reader
  ---
  duration_ms: 3.297833
  type: 'test'
  ...
# Subtest: audit principal restoration failure does not skip owned paging cleanup
ok 43 - audit principal restoration failure does not skip owned paging cleanup
  ---
  duration_ms: 1.409583
  type: 'test'
  ...
# Subtest: selected audit setup runs compiled53 and real API registration before policy configuration
ok 44 - selected audit setup runs compiled53 and real API registration before policy configuration
  ---
  duration_ms: 3.833084
  type: 'test'
  ...
# Subtest: actual combined API environment keeps separate logins and removes ambient audit presence
ok 45 - actual combined API environment keeps separate logins and removes ambient audit presence
  ---
  duration_ms: 1.57
  type: 'test'
  ...
# Subtest: audit browser mode refuses before PostgreSQL discovery or resource allocation
ok 46 - audit browser mode refuses before PostgreSQL discovery or resource allocation
  ---
  duration_ms: 202.844916
  type: 'test'
  ...
# Subtest: precise browser rejects every missing prerequisite before dependency allocation
ok 47 - precise browser rejects every missing prerequisite before dependency allocation
  ---
  duration_ms: 524.780375
  type: 'test'
  ...
# Subtest: precision proof rejects missing prerequisite flags before starting dependencies
ok 48 - precision proof rejects missing prerequisite flags before starting dependencies
  ---
  duration_ms: 183.330542
  type: 'test'
  ...
# Subtest: sandbox search cutover rejects broad harness mode before starting dependencies
ok 49 - sandbox search cutover rejects broad harness mode before starting dependencies
  ---
  duration_ms: 57.871667
  type: 'test'
  ...
# Subtest: combined product proof requires the forward reconciliation migration
ok 50 - combined product proof requires the forward reconciliation migration
  ---
  duration_ms: 1.538792
  type: 'test'
  ...
# Subtest: enrollment pairing proof requires schema45 and real browser lifecycle
ok 51 - enrollment pairing proof requires schema45 and real browser lifecycle
  ---
  duration_ms: 1.753834
  type: 'test'
  ...
# Subtest: observed lineage composition separates v1 preservation from local v2 correlation
ok 52 - observed lineage composition separates v1 preservation from local v2 correlation
  ---
  duration_ms: 1.33125
  type: 'test'
  ...
# Subtest: confidence display fixture cannot claim production correlation reachability
ok 53 - confidence display fixture cannot claim production correlation reachability
  ---
  duration_ms: 1.401375
  type: 'test'
  ...
# Subtest: mixed evidence browser acceptance uses worker data and visible confidence
ok 54 - mixed evidence browser acceptance uses worker data and visible confidence
  ---
  duration_ms: 2.032375
  type: 'test'
  ...
# Subtest: six-class evidence proof requires schema44 and worker-backed scoped links
ok 55 - six-class evidence proof requires schema44 and worker-backed scoped links
  ---
  duration_ms: 1.470083
  type: 'test'
  ...
# Subtest: session indexing composition requires schema42 and production checkpoint proof
ok 56 - session indexing composition requires schema42 and production checkpoint proof
  ---
  duration_ms: 0.800625
  type: 'test'
  ...
# Subtest: runtime query composition requires schema43 and real indexed HTTP search
ok 57 - runtime query composition requires schema43 and real indexed HTTP search
  ---
  duration_ms: 1.132958
  type: 'test'
  ...
# Subtest: audit-only policy fixture refuses session reads when no runtime engine is configured
ok 58 - audit-only policy fixture refuses session reads when no runtime engine is configured
  ---
  duration_ms: 24.242041
  type: 'test'
  ...
# Subtest: runtime proxy forwards only fixed target1 and target2 read routes to the owned engine
ok 59 - runtime proxy forwards only fixed target1 and target2 read routes to the owned engine
  ---
  duration_ms: 65.471458
  type: 'test'
  ...
# Subtest: precise callback readiness accepts authorized empty inventory and still checks fresh session authority
ok 60 - precise callback readiness accepts authorized empty inventory and still checks fresh session authority
  ---
  duration_ms: 8.329292
  type: 'test'
  ...
# Subtest: a pending deadline after server allocation leaves the server owned by parent cleanup
ok 61 - a pending deadline after server allocation leaves the server owned by parent cleanup
  ---
  duration_ms: 2.184583
  type: 'test'
  ...
# Subtest: runtime timeline proves reverse-ingress canonical order across real UI pages
ok 62 - runtime timeline proves reverse-ingress canonical order across real UI pages
  ---
  duration_ms: 1.320042
  type: 'test'
  ...
# Subtest: runtime Sessions UI filters worker-written evidence and resets on scope change
ok 63 - runtime Sessions UI filters worker-written evidence and resets on scope change
  ---
  duration_ms: 1.212208
  type: 'test'
  ...
# Subtest: runtime recovery proof owns authenticated TLS Neo4j instead of a graph stub
ok 64 - runtime recovery proof owns authenticated TLS Neo4j instead of a graph stub
  ---
  duration_ms: 1.301
  type: 'test'
  ...
# Subtest: runtime candidate recovery requires production-created v2 jobs without fixture relabeling
ok 65 - runtime candidate recovery requires production-created v2 jobs without fixture relabeling
  ---
  duration_ms: 1.369666
  type: 'test'
  ...
# Subtest: runtime session browser proof reads worker-written evidence without seeding sessions
ok 66 - runtime session browser proof reads worker-written evidence without seeding sessions
  ---
  duration_ms: 2.351375
  type: 'test'
  ...
# Subtest: session search proof requires committed evidence and real-engine filter completeness
ok 67 - session search proof requires committed evidence and real-engine filter completeness
  ---
  duration_ms: 1.740833
  type: 'test'
  ...
# Subtest: Home exposure E2E waits for loaded rows, not the persistent navigation title
ok 68 - Home exposure E2E waits for loaded rows, not the persistent navigation title
  ---
  duration_ms: 0.936709
  type: 'test'
  ...
# Subtest: webhook browser E2E verifies real persisted outcome across response loss and reload
ok 69 - webhook browser E2E verifies real persisted outcome across response loss and reload
  ---
  duration_ms: 1.187167
  type: 'test'
  ...
# Subtest: Red Team response recovery proves committed authority without duplicate work
ok 70 - Red Team response recovery proves committed authority without duplicate work
  ---
  duration_ms: 1.798667
  type: 'test'
  ...
# Subtest: recommendation browser proof uses discovered targets without granting execution
ok 71 - recommendation browser proof uses discovered targets without granting execution
  ---
  duration_ms: 1.483625
  type: 'test'
  ...
# Subtest: Red Team runtime proof preserves real composition and exact evidence claims
ok 72 - Red Team runtime proof preserves real composition and exact evidence claims
  ---
  duration_ms: 2.466792
  type: 'test'
  ...
# Subtest: Red Team outcome browser proof reaches safety review without granting execution
ok 73 - Red Team outcome browser proof reaches safety review without granting execution
  ---
  duration_ms: 1.10975
  type: 'test'
  ...
# Subtest: combined production E2E owns every local boundary and fixed assertion
ok 74 - combined production E2E owns every local boundary and fixed assertion
  ---
  duration_ms: 21.357333
  type: 'test'
  ...
# Subtest: mounted acceptance rejects Docker pull and build before allocating an owned command
ok 75 - mounted acceptance rejects Docker pull and build before allocating an owned command
  ---
  duration_ms: 2.021667
  type: 'test'
  ...
# Subtest: owned cleanup is idempotent
ok 76 - owned cleanup is idempotent
  ---
  duration_ms: 0.335791
  type: 'test'
  ...
# Subtest: failed checkpoint or provider joins retain errors and files while other owned resources close
    # Subtest: checkpoint
    ok 1 - checkpoint
      ---
      duration_ms: 2.05975
      type: 'test'
      ...
    # Subtest: mounted first
    ok 2 - mounted first
      ---
      duration_ms: 2.82625
      type: 'test'
      ...
    # Subtest: provider
    ok 3 - provider
      ---
      duration_ms: 1.020875
      type: 'test'
      ...
    # Subtest: graph
    ok 4 - graph
      ---
      duration_ms: 1.302833
      type: 'test'
      ...
    # Subtest: browser
    ok 5 - browser
      ---
      duration_ms: 1.09225
      type: 'test'
      ...
    # Subtest: audit provider
    ok 6 - audit provider
      ---
      duration_ms: 0.73475
      type: 'test'
      ...
    # Subtest: postgres
    ok 7 - postgres
      ---
      duration_ms: 0.711209
      type: 'test'
      ...
    # Subtest: all closed
    ok 8 - all closed
      ---
      duration_ms: 1.259792
      type: 'test'
      ...
    1..8
ok 77 - failed checkpoint or provider joins retain errors and files while other owned resources close
  ---
  duration_ms: 14.241667
  type: 'test'
  ...
# Subtest: combined PostgreSQL startup registers its owner before readiness rejects
ok 78 - combined PostgreSQL startup registers its owner before readiness rejects
  ---
  duration_ms: 1.799833
  type: 'test'
  ...
# Subtest: retirement diagnostic rejects dead owned container despite a live Docker CLI child
ok 79 - retirement diagnostic rejects dead owned container despite a live Docker CLI child
  ---
  duration_ms: 1.871042
  type: 'test'
  ...
# Subtest: combined production E2E removes owned processes and temp root on SIGTERM
ok 80 - combined production E2E removes owned processes and temp root on SIGTERM
  ---
  duration_ms: 1926.7965
  type: 'test'
  ...
# Subtest: combined runtime proof removes owned containers and processes on real SIGTERM
ok 81 - combined runtime proof removes owned containers and processes on real SIGTERM # SKIP
  ---
  duration_ms: 0.11875
  type: 'test'
  ...
# Subtest: composed Red Team runtime removes its owned container on real SIGTERM
ok 82 - composed Red Team runtime removes its owned container on real SIGTERM # SKIP
  ---
  duration_ms: 0.02825
  type: 'test'
  ...
1..82
# tests 103
# suites 0
# pass 101
# fail 0
# cancelled 0
# skipped 2
# todo 0
# duration_ms 10146.431166
