=== RUN   TestAutomaticDiscoverySchedulerRecoversTransientRelayDisconnect
--- PASS: TestAutomaticDiscoverySchedulerRecoversTransientRelayDisconnect (0.10s)
=== RUN   TestScheduledOccurrenceIdentitySurvivesExpiredLeaseReclaim
--- PASS: TestScheduledOccurrenceIdentitySurvivesExpiredLeaseReclaim (0.00s)
=== RUN   TestSchedulerProcessorRequestsDeterministicSyncBeforeAdvancing
--- PASS: TestSchedulerProcessorRequestsDeterministicSyncBeforeAdvancing (0.00s)
=== RUN   TestNextScheduledRunSkipsLargeBacklogArithmetically
--- PASS: TestNextScheduledRunSkipsLargeBacklogArithmetically (0.00s)
=== RUN   TestSchedulerProcessorStartsEveryClaimedLeaseBeforeWaiting
--- PASS: TestSchedulerProcessorStartsEveryClaimedLeaseBeforeWaiting (0.00s)
=== RUN   TestExistingTestSchedulerRotatesAfterFailureAndWraps
--- PASS: TestExistingTestSchedulerRotatesAfterFailureAndWraps (0.20s)
=== RUN   TestExistingTestSchedulerEmptyAndInvalidDependencies
--- PASS: TestExistingTestSchedulerEmptyAndInvalidDependencies (0.02s)
=== RUN   TestExistingTestSchedulerCancelsAndJoinsBeforeClose
--- PASS: TestExistingTestSchedulerCancelsAndJoinsBeforeClose (0.07s)
=== RUN   TestExistingTestSchedulerFreshInstanceRediscovers
--- PASS: TestExistingTestSchedulerFreshInstanceRediscovers (0.09s)
PASS
ok  	github.com/zasp-ai/zasp-sec/services/platform/agentsec-worker	2.810s
