TAP version 13
# Subtest: Go test launch preserves setup-go PATH and configured cache without ambient credentials
not ok 1 - Go test launch preserves setup-go PATH and configured cache without ambient credentials
  ---
  duration_ms: 0.716708
  type: 'test'
  location: '/Users/manishmaheshwari/Projects/zasp-sec/.worktrees/cached-runtime-ship-20260917/deploy/production/compliance-export-toolchain.test.mjs:9:1'
  failureType: 'testCodeFailure'
  error: |-
    portable Go launch selection is required
    + actual - expected
    
    + 'undefined'
    - 'function'
    
  code: 'ERR_ASSERTION'
  name: 'AssertionError'
  expected: 'function'
  actual: 'undefined'
  operator: 'strictEqual'
  stack: |-
    TestContext.<anonymous> (file:///Users/manishmaheshwari/Projects/zasp-sec/.worktrees/cached-runtime-ship-20260917/deploy/production/compliance-export-toolchain.test.mjs:10:10)
    Test.runInAsyncScope (node:async_hooks:214:14)
    Test.run (node:internal/test_runner/test:1047:25)
    Test.start (node:internal/test_runner/test:944:17)
    startSubtestAfterBootstrap (node:internal/test_runner/harness:296:17)
  ...
# Subtest: Go test launch accepts an explicit executable outside Homebrew and leaves default cache portable
not ok 2 - Go test launch accepts an explicit executable outside Homebrew and leaves default cache portable
  ---
  duration_ms: 0.277209
  type: 'test'
  location: '/Users/manishmaheshwari/Projects/zasp-sec/.worktrees/cached-runtime-ship-20260917/deploy/production/compliance-export-toolchain.test.mjs:16:1'
  failureType: 'testCodeFailure'
  error: |-
    portable Go launch selection is required
    + actual - expected
    
    + 'undefined'
    - 'function'
    
  code: 'ERR_ASSERTION'
  name: 'AssertionError'
  expected: 'function'
  actual: 'undefined'
  operator: 'strictEqual'
  stack: |-
    TestContext.<anonymous> (file:///Users/manishmaheshwari/Projects/zasp-sec/.worktrees/cached-runtime-ship-20260917/deploy/production/compliance-export-toolchain.test.mjs:17:10)
    Test.runInAsyncScope (node:async_hooks:214:14)
    Test.run (node:internal/test_runner/test:1047:25)
    Test.processPendingSubtests (node:internal/test_runner/test:744:18)
    Test.postRun (node:internal/test_runner/test:1173:19)
    Test.run (node:internal/test_runner/test:1101:12)
    async startSubtestAfterBootstrap (node:internal/test_runner/harness:296:3)
  ...
# Subtest: Go test launch refuses an unpinned or malformed toolchain version
not ok 3 - Go test launch refuses an unpinned or malformed toolchain version
  ---
  duration_ms: 0.153958
  type: 'test'
  location: '/Users/manishmaheshwari/Projects/zasp-sec/.worktrees/cached-runtime-ship-20260917/deploy/production/compliance-export-toolchain.test.mjs:24:1'
  failureType: 'testCodeFailure'
  error: |-
    Go version gate is required
    + actual - expected
    
    + 'undefined'
    - 'function'
    
  code: 'ERR_ASSERTION'
  name: 'AssertionError'
  expected: 'function'
  actual: 'undefined'
  operator: 'strictEqual'
  stack: |-
    TestContext.<anonymous> (file:///Users/manishmaheshwari/Projects/zasp-sec/.worktrees/cached-runtime-ship-20260917/deploy/production/compliance-export-toolchain.test.mjs:25:10)
    Test.runInAsyncScope (node:async_hooks:214:14)
    Test.run (node:internal/test_runner/test:1047:25)
    Test.processPendingSubtests (node:internal/test_runner/test:744:18)
    Test.postRun (node:internal/test_runner/test:1173:19)
    Test.run (node:internal/test_runner/test:1101:12)
    async Test.processPendingSubtests (node:internal/test_runner/test:744:7)
  ...
1..3
# tests 3
# suites 0
# pass 0
# fail 3
# cancelled 0
# skipped 0
# todo 0
# duration_ms 56.5705
