TAP version 13
# Subtest: Go test launch preserves setup-go PATH and configured cache without ambient credentials
ok 1 - Go test launch preserves setup-go PATH and configured cache without ambient credentials
  ---
  duration_ms: 0.56975
  type: 'test'
  ...
# Subtest: Go test launch accepts an explicit executable outside Homebrew and leaves default cache portable
ok 2 - Go test launch accepts an explicit executable outside Homebrew and leaves default cache portable
  ---
  duration_ms: 0.176625
  type: 'test'
  ...
# Subtest: Go test launch refuses an unpinned or malformed toolchain version
ok 3 - Go test launch refuses an unpinned or malformed toolchain version
  ---
  duration_ms: 0.288542
  type: 'test'
  ...
1..3
# tests 3
# suites 0
# pass 3
# fail 0
# cancelled 0
# skipped 0
# todo 0
# duration_ms 54.551084
