
> zasp-agent-security-console@0.1.0 build
> WRANGLER_LOG_PATH=.wrangler/wrangler.log vinext build


  vinext build  (Vite 8.0.16)

[33m▲ [43;33m[[43;30mWARNING[43;33m][0m [1mProxy environment variables detected. We'll use your proxy for fetch requests.[0m


[1/5] analyze client references...
[2Ktransforming...✓ 223 modules transformed.
rendering chunks...
✓ built in 2.10s
[2/5] analyze server references...
[2Ktransforming...✓ 172 modules transformed.
rendering chunks...
✓ built in 658ms
[3/5] build rsc environment...
[2Ktransforming...✓ 221 modules transformed.
rendering chunks...
computing gzip size...
✓ built in 1.61s
[4/5] build client environment...
[2Ktransforming...✓ 2043 modules transformed.
rendering chunks...
computing gzip size...
✓ built in 2.15s
[5/5] build ssr environment...
[2Ktransforming...✓ 178 modules transformed.
rendering chunks...
computing gzip size...
✓ built in 1.01s
  Generated standalone output in dist/standalone/
  Start it with: node dist/standalone/server.js

