=== RUN   TestNative379V2RawJSONRefusesAmbiguousWire
--- PASS: TestNative379V2RawJSONRefusesAmbiguousWire (0.00s)
=== RUN   TestNative379V2UnreviewedAnchorsRefuseBeforeSubprocess
--- PASS: TestNative379V2UnreviewedAnchorsRefuseBeforeSubprocess (0.00s)
=== RUN   TestNative379V2RawBoundaryRefusesUnknownNoncanonicalAndForgedStatuses
--- PASS: TestNative379V2RawBoundaryRefusesUnknownNoncanonicalAndForgedStatuses (0.00s)
=== RUN   TestNative379V2PacketWireAndEveryRecordedControl
    authorization_worker_ordered_current_native379_v2_test.go:3366: complete authenticated-packet source-model ledger: rows=12908 bytes=15035885 forged_rows=1923 forged_bytes=3303847 (mock snapshots/session, not native observations)
=== RUN   TestNative379V2PacketWireAndEveryRecordedControl/zero-row-assertions-preserve-complete-physical-feasibility
=== RUN   TestNative379V2PacketWireAndEveryRecordedControl/all-declared-error-recovery-families
--- PASS: TestNative379V2PacketWireAndEveryRecordedControl (53.21s)
    --- PASS: TestNative379V2PacketWireAndEveryRecordedControl/zero-row-assertions-preserve-complete-physical-feasibility (0.00s)
    --- PASS: TestNative379V2PacketWireAndEveryRecordedControl/all-declared-error-recovery-families (1.99s)
=== RUN   TestNative379V2CanonicalWirePreservesJSStringBoundaries
=== RUN   TestNative379V2CanonicalWirePreservesJSStringBoundaries/struct-map-receipt-canonical-equivalence
--- PASS: TestNative379V2CanonicalWirePreservesJSStringBoundaries (0.00s)
    --- PASS: TestNative379V2CanonicalWirePreservesJSStringBoundaries/struct-map-receipt-canonical-equivalence (0.00s)
=== RUN   TestNative379V2RuntimeBudgetRefusesBeforeRetention
--- PASS: TestNative379V2RuntimeBudgetRefusesBeforeRetention (0.00s)
=== RUN   TestNative379V2RowStreamClosesAtBudget
--- PASS: TestNative379V2RowStreamClosesAtBudget (0.00s)
=== RUN   TestNative379V2AssertionReceiptClosedBindings
--- PASS: TestNative379V2AssertionReceiptClosedBindings (0.00s)
=== RUN   TestNative379V2AssertionCompletionAndDistinctRefusals
=== RUN   TestNative379V2AssertionCompletionAndDistinctRefusals/zero
=== RUN   TestNative379V2AssertionCompletionAndDistinctRefusals/row
=== RUN   TestNative379V2AssertionCompletionAndDistinctRefusals/tag
=== RUN   TestNative379V2AssertionCompletionAndDistinctRefusals/mismatch
=== RUN   TestNative379V2AssertionCompletionAndDistinctRefusals/timeout
=== RUN   TestNative379V2AssertionCompletionAndDistinctRefusals/poison
=== RUN   TestNative379V2AssertionCompletionAndDistinctRefusals/cancel
--- PASS: TestNative379V2AssertionCompletionAndDistinctRefusals (0.00s)
    --- PASS: TestNative379V2AssertionCompletionAndDistinctRefusals/zero (0.00s)
    --- PASS: TestNative379V2AssertionCompletionAndDistinctRefusals/row (0.00s)
    --- PASS: TestNative379V2AssertionCompletionAndDistinctRefusals/tag (0.00s)
    --- PASS: TestNative379V2AssertionCompletionAndDistinctRefusals/mismatch (0.00s)
    --- PASS: TestNative379V2AssertionCompletionAndDistinctRefusals/timeout (0.00s)
    --- PASS: TestNative379V2AssertionCompletionAndDistinctRefusals/poison (0.00s)
    --- PASS: TestNative379V2AssertionCompletionAndDistinctRefusals/cancel (0.00s)
=== RUN   TestNative379V2CollectorSafeFailureMetadata
=== RUN   TestNative379V2CollectorSafeFailureMetadata/postgres
=== RUN   TestNative379V2CollectorSafeFailureMetadata/wrapped-postgres
=== RUN   TestNative379V2CollectorSafeFailureMetadata/invalid-state
=== RUN   TestNative379V2CollectorSafeFailureMetadata/driver
=== RUN   TestNative379V2CollectorSafeFailureMetadata/deadline
=== RUN   TestNative379V2CollectorSafeFailureMetadata/cancel
--- PASS: TestNative379V2CollectorSafeFailureMetadata (0.00s)
    --- PASS: TestNative379V2CollectorSafeFailureMetadata/postgres (0.00s)
    --- PASS: TestNative379V2CollectorSafeFailureMetadata/wrapped-postgres (0.00s)
    --- PASS: TestNative379V2CollectorSafeFailureMetadata/invalid-state (0.00s)
    --- PASS: TestNative379V2CollectorSafeFailureMetadata/driver (0.00s)
    --- PASS: TestNative379V2CollectorSafeFailureMetadata/deadline (0.00s)
    --- PASS: TestNative379V2CollectorSafeFailureMetadata/cancel (0.00s)
=== RUN   TestNative379V2CollectorDeferredStreamAndPartialCounts
=== RUN   TestNative379V2CollectorDeferredStreamAndPartialCounts/stream
=== RUN   TestNative379V2CollectorDeferredStreamAndPartialCounts/scan
=== RUN   TestNative379V2CollectorDeferredStreamAndPartialCounts/charge
=== RUN   TestNative379V2CollectorDeferredStreamAndPartialCounts/encoding
--- PASS: TestNative379V2CollectorDeferredStreamAndPartialCounts (0.00s)
    --- PASS: TestNative379V2CollectorDeferredStreamAndPartialCounts/stream (0.00s)
    --- PASS: TestNative379V2CollectorDeferredStreamAndPartialCounts/scan (0.00s)
    --- PASS: TestNative379V2CollectorDeferredStreamAndPartialCounts/charge (0.00s)
    --- PASS: TestNative379V2CollectorDeferredStreamAndPartialCounts/encoding (0.00s)
=== RUN   TestNative379V2CollectorContextAndReadOnlyBudgetSnapshot
--- PASS: TestNative379V2CollectorContextAndReadOnlyBudgetSnapshot (0.00s)
=== RUN   TestNative379V2CleanupFailureLogUsesActualSnapshot
--- PASS: TestNative379V2CleanupFailureLogUsesActualSnapshot (0.00s)
PASS
ok  	github.com/zasp-ai/zasp-sec/services/platform/apiserver	53.249s
