=== RUN   TestAdministrationTimeCursorCanonicalizesNumericOffsets
--- PASS: TestAdministrationTimeCursorCanonicalizesNumericOffsets (0.00s)
=== RUN   TestAdministrationExpiryAcceptsValidDateTimeInstantFormatting
--- PASS: TestAdministrationExpiryAcceptsValidDateTimeInstantFormatting (0.00s)
=== RUN   TestConnectorRejectionClassification
=== RUN   TestConnectorRejectionClassification/override
=== RUN   TestConnectorRejectionClassification/webhook
=== RUN   TestConnectorRejectionClassification/malformed
=== RUN   TestConnectorRejectionClassification/wrong_type
=== RUN   TestConnectorRejectionClassification/missing_name
=== RUN   TestConnectorRejectionClassification/other_operation
--- PASS: TestConnectorRejectionClassification (0.00s)
    --- PASS: TestConnectorRejectionClassification/override (0.00s)
    --- PASS: TestConnectorRejectionClassification/webhook (0.00s)
    --- PASS: TestConnectorRejectionClassification/malformed (0.00s)
    --- PASS: TestConnectorRejectionClassification/wrong_type (0.00s)
    --- PASS: TestConnectorRejectionClassification/missing_name (0.00s)
    --- PASS: TestConnectorRejectionClassification/other_operation (0.00s)
=== RUN   TestConnectorRejectionHTTPBoundary
=== RUN   TestConnectorRejectionHTTPBoundary/commit
=== RUN   TestConnectorRejectionHTTPBoundary/authentication
=== RUN   TestConnectorRejectionHTTPBoundary/authorization
=== RUN   TestConnectorRejectionHTTPBoundary/target
=== RUN   TestConnectorRejectionHTTPBoundary/raw_database_error
=== RUN   TestConnectorRejectionHTTPBoundary/other_typed_error
=== RUN   TestConnectorRejectionHTTPBoundary/missing_auditor
--- PASS: TestConnectorRejectionHTTPBoundary (0.00s)
    --- PASS: TestConnectorRejectionHTTPBoundary/commit (0.00s)
    --- PASS: TestConnectorRejectionHTTPBoundary/authentication (0.00s)
    --- PASS: TestConnectorRejectionHTTPBoundary/authorization (0.00s)
    --- PASS: TestConnectorRejectionHTTPBoundary/target (0.00s)
    --- PASS: TestConnectorRejectionHTTPBoundary/raw_database_error (0.00s)
    --- PASS: TestConnectorRejectionHTTPBoundary/other_typed_error (0.00s)
    --- PASS: TestConnectorRejectionHTTPBoundary/missing_auditor (0.00s)
=== RUN   TestWorkflowHandlerTestsOnlyStoredWebhookDestinationAndReadsRedactedStatus
--- PASS: TestWorkflowHandlerTestsOnlyStoredWebhookDestinationAndReadsRedactedStatus (0.00s)
=== RUN   TestWorkflowHandlerRejectsActionTimeWebhookDestinationBeforeSideEffect
--- PASS: TestWorkflowHandlerRejectsActionTimeWebhookDestinationBeforeSideEffect (0.00s)
=== RUN   TestPostgresJSONDatabaseRunsSchemaReadAndWriteBoundaries
--- PASS: TestPostgresJSONDatabaseRunsSchemaReadAndWriteBoundaries (0.00s)
=== RUN   TestPostgresJSONDatabaseUsesV13ReadinessOnlyForV13Marker
--- PASS: TestPostgresJSONDatabaseUsesV13ReadinessOnlyForV13Marker (0.00s)
=== RUN   TestPostgresJSONDatabaseUsesV14ReadinessOnlyForV14Marker
--- PASS: TestPostgresJSONDatabaseUsesV14ReadinessOnlyForV14Marker (0.00s)
=== RUN   TestPostgresJSONDatabaseUsesV27ReadinessOnlyForV27Marker
--- PASS: TestPostgresJSONDatabaseUsesV27ReadinessOnlyForV27Marker (0.00s)
=== RUN   TestPostgresJSONDatabaseUsesV15ReadinessOnlyForV15Marker
=== RUN   TestPostgresJSONDatabaseUsesV15ReadinessOnlyForV15Marker/15
=== RUN   TestPostgresJSONDatabaseUsesV15ReadinessOnlyForV15Marker/16
=== RUN   TestPostgresJSONDatabaseUsesV15ReadinessOnlyForV15Marker/17
--- PASS: TestPostgresJSONDatabaseUsesV15ReadinessOnlyForV15Marker (0.00s)
    --- PASS: TestPostgresJSONDatabaseUsesV15ReadinessOnlyForV15Marker/15 (0.00s)
    --- PASS: TestPostgresJSONDatabaseUsesV15ReadinessOnlyForV15Marker/16 (0.00s)
    --- PASS: TestPostgresJSONDatabaseUsesV15ReadinessOnlyForV15Marker/17 (0.00s)
=== RUN   TestPostgresJSONDatabaseUsesV18ReadinessOnlyForV18Marker
--- PASS: TestPostgresJSONDatabaseUsesV18ReadinessOnlyForV18Marker (0.00s)
=== RUN   TestPostgresJSONDatabaseUsesV20ReadinessOnlyForV20Marker
--- PASS: TestPostgresJSONDatabaseUsesV20ReadinessOnlyForV20Marker (0.00s)
=== RUN   TestPostgresJSONDatabaseUsesV21ReadinessOnlyForV21Marker
--- PASS: TestPostgresJSONDatabaseUsesV21ReadinessOnlyForV21Marker (0.00s)
=== RUN   TestPostgresJSONDatabaseUsesV22ReadinessOnlyForV22Marker
--- PASS: TestPostgresJSONDatabaseUsesV22ReadinessOnlyForV22Marker (0.00s)
=== RUN   TestPostgresJSONDatabaseClassifiesMissingValidationAndConflict
=== RUN   TestPostgresJSONDatabaseClassifiesMissingValidationAndConflict/no_rows
=== RUN   TestPostgresJSONDatabaseClassifiesMissingValidationAndConflict/null_payload
=== RUN   TestPostgresJSONDatabaseClassifiesMissingValidationAndConflict/validation
=== RUN   TestPostgresJSONDatabaseClassifiesMissingValidationAndConflict/conflict
=== RUN   TestPostgresJSONDatabaseClassifiesMissingValidationAndConflict/workflow_missing
--- PASS: TestPostgresJSONDatabaseClassifiesMissingValidationAndConflict (0.00s)
    --- PASS: TestPostgresJSONDatabaseClassifiesMissingValidationAndConflict/no_rows (0.00s)
    --- PASS: TestPostgresJSONDatabaseClassifiesMissingValidationAndConflict/null_payload (0.00s)
    --- PASS: TestPostgresJSONDatabaseClassifiesMissingValidationAndConflict/validation (0.00s)
    --- PASS: TestPostgresJSONDatabaseClassifiesMissingValidationAndConflict/conflict (0.00s)
    --- PASS: TestPostgresJSONDatabaseClassifiesMissingValidationAndConflict/workflow_missing (0.00s)
=== RUN   TestPostgresJSONDatabaseFailsClosedOnDriverErrors
--- PASS: TestPostgresJSONDatabaseFailsClosedOnDriverErrors (0.00s)
=== RUN   TestPostgresJSONDatabaseCloseWaitsForInflightQuery
--- PASS: TestPostgresJSONDatabaseCloseWaitsForInflightQuery (0.03s)
=== RUN   TestWorkflowHandlerNonemptyDeletesLeavePostgresMutationAuditAndReceiptsUntouched
    postgres_integration_test.go:1342: joined owned PostgreSQL pid=64766 data=/var/folders/0v/qngy01614391_pdtwjmwbcvm0000gn/T/TestWorkflowHandlerNonemptyDeletesLeavePostgresMutationAuditAndR312126293/001/data: pg_ctl exit=0 server Wait exit=0 normal-exit
--- PASS: TestWorkflowHandlerNonemptyDeletesLeavePostgresMutationAuditAndReceiptsUntouched (2.23s)
=== RUN   TestWorkflowHandlerReplaysLostRolloutResponseBeforeMutablePolicyRead
--- PASS: TestWorkflowHandlerReplaysLostRolloutResponseBeforeMutablePolicyRead (0.00s)
=== RUN   TestWorkflowHandlerUsesOpaqueScopeBoundSecurityAgentCursor
--- PASS: TestWorkflowHandlerUsesOpaqueScopeBoundSecurityAgentCursor (0.00s)
=== RUN   TestWorkflowHandlerPagesEveryUnboundedWorkflowListWithKindBoundCursors
=== RUN   TestWorkflowHandlerPagesEveryUnboundedWorkflowListWithKindBoundCursors/listPolicies
=== RUN   TestWorkflowHandlerPagesEveryUnboundedWorkflowListWithKindBoundCursors/listIntegrations
--- PASS: TestWorkflowHandlerPagesEveryUnboundedWorkflowListWithKindBoundCursors (0.00s)
    --- PASS: TestWorkflowHandlerPagesEveryUnboundedWorkflowListWithKindBoundCursors/listPolicies (0.00s)
    --- PASS: TestWorkflowHandlerPagesEveryUnboundedWorkflowListWithKindBoundCursors/listIntegrations (0.00s)
=== RUN   TestWorkflowHandlerRejectsUndeclaredDuplicateAndMalformedListQueries
--- PASS: TestWorkflowHandlerRejectsUndeclaredDuplicateAndMalformedListQueries (0.00s)
=== RUN   TestWorkflowHandlerCreatesPolicyWithExactIdempotencyAuditAndVersion
--- PASS: TestWorkflowHandlerCreatesPolicyWithExactIdempotencyAuditAndVersion (0.00s)
=== RUN   TestWorkflowHandlerRejectsIdempotencyKeysOutsideThePublishedPattern
--- PASS: TestWorkflowHandlerRejectsIdempotencyKeysOutsideThePublishedPattern (0.00s)
=== RUN   TestWorkflowHandlerPATMutationAndReplayNeverCreateBrowserReceipts
=== RUN   TestWorkflowHandlerPATMutationAndReplayNeverCreateBrowserReceipts/false
=== RUN   TestWorkflowHandlerPATMutationAndReplayNeverCreateBrowserReceipts/true
--- PASS: TestWorkflowHandlerPATMutationAndReplayNeverCreateBrowserReceipts (0.00s)
    --- PASS: TestWorkflowHandlerPATMutationAndReplayNeverCreateBrowserReceipts/false (0.00s)
    --- PASS: TestWorkflowHandlerPATMutationAndReplayNeverCreateBrowserReceipts/true (0.00s)
=== RUN   TestWorkflowHandlerListsAndAcknowledgesExactAuthenticatedReceipts
--- PASS: TestWorkflowHandlerListsAndAcknowledgesExactAuthenticatedReceipts (0.00s)
=== RUN   TestWorkflowHandlerReceiptAcknowledgementIsNondisclosing
--- PASS: TestWorkflowHandlerReceiptAcknowledgementIsNondisclosing (0.00s)
=== RUN   TestWorkflowHandlerRequiresVersionAndMapsConflictWithoutMutationSuccess
--- PASS: TestWorkflowHandlerRequiresVersionAndMapsConflictWithoutMutationSuccess (0.00s)
=== RUN   TestWorkflowHandlerRolloutPersistsUpdatedPolicyButReturnsRolloutReceipt
--- PASS: TestWorkflowHandlerRolloutPersistsUpdatedPolicyButReturnsRolloutReceipt (0.00s)
=== RUN   TestWorkflowHandlerRejectsInvalidPolicyTransitionBeforeMutation
--- PASS: TestWorkflowHandlerRejectsInvalidPolicyTransitionBeforeMutation (0.00s)
=== RUN   TestWorkflowHandlerDeleteRequiresExactEmptyWireBodyBeforeReplayOrMutation
=== RUN   TestWorkflowHandlerDeleteRequiresExactEmptyWireBodyBeforeReplayOrMutation/deletePolicy
=== RUN   TestWorkflowHandlerDeleteRequiresExactEmptyWireBodyBeforeReplayOrMutation/deletePolicy/whitespace
=== RUN   TestWorkflowHandlerDeleteRequiresExactEmptyWireBodyBeforeReplayOrMutation/deletePolicy/empty_object
=== RUN   TestWorkflowHandlerDeleteRequiresExactEmptyWireBodyBeforeReplayOrMutation/deletePolicy/extra_field
=== RUN   TestWorkflowHandlerDeleteRequiresExactEmptyWireBodyBeforeReplayOrMutation/deletePolicy/duplicate_field
=== RUN   TestWorkflowHandlerDeleteRequiresExactEmptyWireBodyBeforeReplayOrMutation/deletePolicy/trailing_JSON
=== RUN   TestWorkflowHandlerDeleteRequiresExactEmptyWireBodyBeforeReplayOrMutation/deleteIntegration
=== RUN   TestWorkflowHandlerDeleteRequiresExactEmptyWireBodyBeforeReplayOrMutation/deleteIntegration/whitespace
=== RUN   TestWorkflowHandlerDeleteRequiresExactEmptyWireBodyBeforeReplayOrMutation/deleteIntegration/empty_object
=== RUN   TestWorkflowHandlerDeleteRequiresExactEmptyWireBodyBeforeReplayOrMutation/deleteIntegration/extra_field
=== RUN   TestWorkflowHandlerDeleteRequiresExactEmptyWireBodyBeforeReplayOrMutation/deleteIntegration/duplicate_field
=== RUN   TestWorkflowHandlerDeleteRequiresExactEmptyWireBodyBeforeReplayOrMutation/deleteIntegration/trailing_JSON
=== RUN   TestWorkflowHandlerDeleteRequiresExactEmptyWireBodyBeforeReplayOrMutation/deleteSecurityAgent
=== RUN   TestWorkflowHandlerDeleteRequiresExactEmptyWireBodyBeforeReplayOrMutation/deleteSecurityAgent/whitespace
=== RUN   TestWorkflowHandlerDeleteRequiresExactEmptyWireBodyBeforeReplayOrMutation/deleteSecurityAgent/empty_object
=== RUN   TestWorkflowHandlerDeleteRequiresExactEmptyWireBodyBeforeReplayOrMutation/deleteSecurityAgent/extra_field
=== RUN   TestWorkflowHandlerDeleteRequiresExactEmptyWireBodyBeforeReplayOrMutation/deleteSecurityAgent/duplicate_field
=== RUN   TestWorkflowHandlerDeleteRequiresExactEmptyWireBodyBeforeReplayOrMutation/deleteSecurityAgent/trailing_JSON
--- PASS: TestWorkflowHandlerDeleteRequiresExactEmptyWireBodyBeforeReplayOrMutation (0.00s)
    --- PASS: TestWorkflowHandlerDeleteRequiresExactEmptyWireBodyBeforeReplayOrMutation/deletePolicy (0.00s)
        --- PASS: TestWorkflowHandlerDeleteRequiresExactEmptyWireBodyBeforeReplayOrMutation/deletePolicy/whitespace (0.00s)
        --- PASS: TestWorkflowHandlerDeleteRequiresExactEmptyWireBodyBeforeReplayOrMutation/deletePolicy/empty_object (0.00s)
        --- PASS: TestWorkflowHandlerDeleteRequiresExactEmptyWireBodyBeforeReplayOrMutation/deletePolicy/extra_field (0.00s)
        --- PASS: TestWorkflowHandlerDeleteRequiresExactEmptyWireBodyBeforeReplayOrMutation/deletePolicy/duplicate_field (0.00s)
        --- PASS: TestWorkflowHandlerDeleteRequiresExactEmptyWireBodyBeforeReplayOrMutation/deletePolicy/trailing_JSON (0.00s)
    --- PASS: TestWorkflowHandlerDeleteRequiresExactEmptyWireBodyBeforeReplayOrMutation/deleteIntegration (0.00s)
        --- PASS: TestWorkflowHandlerDeleteRequiresExactEmptyWireBodyBeforeReplayOrMutation/deleteIntegration/whitespace (0.00s)
        --- PASS: TestWorkflowHandlerDeleteRequiresExactEmptyWireBodyBeforeReplayOrMutation/deleteIntegration/empty_object (0.00s)
        --- PASS: TestWorkflowHandlerDeleteRequiresExactEmptyWireBodyBeforeReplayOrMutation/deleteIntegration/extra_field (0.00s)
        --- PASS: TestWorkflowHandlerDeleteRequiresExactEmptyWireBodyBeforeReplayOrMutation/deleteIntegration/duplicate_field (0.00s)
        --- PASS: TestWorkflowHandlerDeleteRequiresExactEmptyWireBodyBeforeReplayOrMutation/deleteIntegration/trailing_JSON (0.00s)
    --- PASS: TestWorkflowHandlerDeleteRequiresExactEmptyWireBodyBeforeReplayOrMutation/deleteSecurityAgent (0.00s)
        --- PASS: TestWorkflowHandlerDeleteRequiresExactEmptyWireBodyBeforeReplayOrMutation/deleteSecurityAgent/whitespace (0.00s)
        --- PASS: TestWorkflowHandlerDeleteRequiresExactEmptyWireBodyBeforeReplayOrMutation/deleteSecurityAgent/empty_object (0.00s)
        --- PASS: TestWorkflowHandlerDeleteRequiresExactEmptyWireBodyBeforeReplayOrMutation/deleteSecurityAgent/extra_field (0.00s)
        --- PASS: TestWorkflowHandlerDeleteRequiresExactEmptyWireBodyBeforeReplayOrMutation/deleteSecurityAgent/duplicate_field (0.00s)
        --- PASS: TestWorkflowHandlerDeleteRequiresExactEmptyWireBodyBeforeReplayOrMutation/deleteSecurityAgent/trailing_JSON (0.00s)
=== RUN   TestWorkflowHandlerIntegrationDeleteReportsDurableRevocationProgress
--- PASS: TestWorkflowHandlerIntegrationDeleteReportsDurableRevocationProgress (0.00s)
=== RUN   TestWorkflowHandlerRejectsUnmountedPolicySimulationWithoutPersistence
--- PASS: TestWorkflowHandlerRejectsUnmountedPolicySimulationWithoutPersistence (0.00s)
=== RUN   TestWorkflowHandlerUpdatesPreserveServerOwnedIntegrationState
--- PASS: TestWorkflowHandlerUpdatesPreserveServerOwnedIntegrationState (0.00s)
=== RUN   TestWorkflowHandlerUsesServerScopeAndNondisclosingFixedErrors
--- PASS: TestWorkflowHandlerUsesServerScopeAndNondisclosingFixedErrors (0.00s)
=== RUN   TestWorkflowHandlerDecodesSecurityAgentContractAndBuildsDurableDefinition
--- PASS: TestWorkflowHandlerDecodesSecurityAgentContractAndBuildsDurableDefinition (0.00s)
=== RUN   TestWorkflowHandlerRejectsUnservedSecurityAction
--- PASS: TestWorkflowHandlerRejectsUnservedSecurityAction (0.00s)
=== RUN   TestWorkflowHandlerPublishesOnlyLocallyCompleteCatalogAndTemplates
--- PASS: TestWorkflowHandlerPublishesOnlyLocallyCompleteCatalogAndTemplates (0.00s)
=== RUN   TestWorkflowHandlerHidesAndRejectsSessionIsolationWithoutV24Authority
--- PASS: TestWorkflowHandlerHidesAndRejectsSessionIsolationWithoutV24Authority (0.00s)
=== RUN   TestWorkflowHandlerHidesAndRejectsConnectorRevocationWithoutV23Authority
--- PASS: TestWorkflowHandlerHidesAndRejectsConnectorRevocationWithoutV23Authority (0.00s)
=== RUN   TestWorkflowHandlerIsolatesProviderCapabilityDegradation
--- PASS: TestWorkflowHandlerIsolatesProviderCapabilityDegradation (0.00s)
=== RUN   TestWorkflowHandlerPublishesReferenceConnectorsOnlyWhenTheirLiveCapabilityIsReady
--- PASS: TestWorkflowHandlerPublishesReferenceConnectorsOnlyWhenTheirLiveCapabilityIsReady (0.00s)
=== RUN   TestWorkflowHandlerCreatesOAuthIntegrationPendingAuthorizationWithoutCredentialReference
--- PASS: TestWorkflowHandlerCreatesOAuthIntegrationPendingAuthorizationWithoutCredentialReference (0.00s)
PASS
ok  	github.com/zasp-ai/zasp-sec/services/platform/apiserver	4.965s
=== RUN   TestTracedDatabasePreservesExistingTestDraftAuthority
--- PASS: TestTracedDatabasePreservesExistingTestDraftAuthority (0.00s)
=== RUN   TestOperationalMetricsNormalizeAndBoundHostileLabels
--- PASS: TestOperationalMetricsNormalizeAndBoundHostileLabels (0.02s)
=== RUN   TestOperationalSLOHistogramsSurviveDetailedSeriesOverflow
--- PASS: TestOperationalSLOHistogramsSurviveDetailedSeriesOverflow (0.00s)
=== RUN   TestOperationalMiddlewareRedactsAndBoundsTraffic
--- PASS: TestOperationalMiddlewareRedactsAndBoundsTraffic (0.00s)
=== RUN   TestOperationalMiddlewarePropagatesBoundedRequestDeadline
--- PASS: TestOperationalMiddlewarePropagatesBoundedRequestDeadline (0.01s)
=== RUN   TestTracedDatabasePreservesRunContextAuthority
=== RUN   TestTracedDatabasePreservesRunContextAuthority/legacy
=== RUN   TestTracedDatabasePreservesRunContextAuthority/registered54
=== RUN   TestTracedDatabasePreservesRunContextAuthority/corrupt54
--- PASS: TestTracedDatabasePreservesRunContextAuthority (0.00s)
    --- PASS: TestTracedDatabasePreservesRunContextAuthority/legacy (0.00s)
    --- PASS: TestTracedDatabasePreservesRunContextAuthority/registered54 (0.00s)
    --- PASS: TestTracedDatabasePreservesRunContextAuthority/corrupt54 (0.00s)
PASS
ok  	github.com/zasp-ai/zasp-sec/services/platform/agentsec-api	2.231s
