05d68801f896abdc85f58cf31f179622f7c5f12c0dd81a22bfae36b514323dd3  /private/tmp/zasp-connector-rejection-apiserver.test
TestConnectorRejectedAuthorityOverridesPostgres
TestConnectorRejectionClassification
TestConnectorRejectionHTTPBoundary
TestGroupMappingExpectedVersionUpdateMountedPostgres
=== RUN   TestConnectorRejectedAuthorityOverridesPostgres
    connector_rejection_postgres_test.go:40: compiled release56 checksum=f5871c564709034eaf89f325fcb732a3f3314ecc0ff95f7a0ec99f6d674ddfc1 fingerprint=8534cdcdce945aab8f85dce88d9bf8a01b100387490a7cefe5d51f2ae11d8ced
    connector_rejection_postgres_test.go:66: registered API ACL observation: current_user=security_agent_v33_discovery_api_login audit-table INSERT privilege=true; product writes use real repository operations only
    connector_rejection_postgres_test.go:139: positive controls: registered role=security_agent_v33_discovery_api_login real security_engineer manage_workflows session; GitHub=201, generic-webhook=201
=== RUN   TestConnectorRejectedAuthorityOverridesPostgres/unauthenticated
=== RUN   TestConnectorRejectedAuthorityOverridesPostgres/csrf
=== RUN   TestConnectorRejectedAuthorityOverridesPostgres/foreign_scope
=== RUN   TestConnectorRejectedAuthorityOverridesPostgres/foreign_target
=== RUN   TestConnectorRejectedAuthorityOverridesPostgres/POST_nango_url
    connector_rejection_postgres_test.go:227: authorized rejection: HTTP=400 state unchanged; connector dispatch=0 default HTTP=0; scoped rejected audit delta=1 records=[{"id": "pid_3a44f238-88a3-4c0e-babb-63944779b1a7", "action": "integration.setup.rejected", "outcome": "rejected", "actor_id": "pid_6a000009-0000-4000-8000-000000000009", "metadata": {"reason": "invalid_configuration", "operation": "createIntegration", "resource_kind": "integration", "correlation_id": "pid_8b000000-0000-4000-8000-000000000001"}, "target_id": "pid_6a000003-0000-4000-8000-000000000003", "occurred_at": "2026-09-19T04:57:43.954435+00:00", "workspace_id": "pid_6a000002-0000-4000-8000-000000000002", "environment_id": "pid_6a000003-0000-4000-8000-000000000003", "organization_id": "pid_6a000001-0000-4000-8000-000000000001"}]
=== RUN   TestConnectorRejectedAuthorityOverridesPostgres/POST_nango_base_url
    connector_rejection_postgres_test.go:227: authorized rejection: HTTP=400 state unchanged; connector dispatch=0 default HTTP=0; scoped rejected audit delta=1 records=[{"id": "pid_9d15ab95-406c-48f9-a07a-f4c6ace2c516", "action": "integration.setup.rejected", "outcome": "rejected", "actor_id": "pid_6a000009-0000-4000-8000-000000000009", "metadata": {"reason": "invalid_configuration", "operation": "createIntegration", "resource_kind": "integration", "correlation_id": "pid_8b000000-0000-4000-8000-000000000002"}, "target_id": "pid_6a000003-0000-4000-8000-000000000003", "occurred_at": "2026-09-19T04:57:44.120246+00:00", "workspace_id": "pid_6a000002-0000-4000-8000-000000000002", "environment_id": "pid_6a000003-0000-4000-8000-000000000003", "organization_id": "pid_6a000001-0000-4000-8000-000000000001"}]
=== RUN   TestConnectorRejectedAuthorityOverridesPostgres/POST_proxy_url
    connector_rejection_postgres_test.go:227: authorized rejection: HTTP=400 state unchanged; connector dispatch=0 default HTTP=0; scoped rejected audit delta=1 records=[{"id": "pid_584bf499-f601-47fc-b8b1-c59350ebbfc7", "action": "integration.setup.rejected", "outcome": "rejected", "actor_id": "pid_6a000009-0000-4000-8000-000000000009", "metadata": {"reason": "invalid_configuration", "operation": "createIntegration", "resource_kind": "integration", "correlation_id": "pid_8b000000-0000-4000-8000-000000000003"}, "target_id": "pid_6a000003-0000-4000-8000-000000000003", "occurred_at": "2026-09-19T04:57:44.284435+00:00", "workspace_id": "pid_6a000002-0000-4000-8000-000000000002", "environment_id": "pid_6a000003-0000-4000-8000-000000000003", "organization_id": "pid_6a000001-0000-4000-8000-000000000001"}]
=== RUN   TestConnectorRejectedAuthorityOverridesPostgres/POST_provider_url
    connector_rejection_postgres_test.go:227: authorized rejection: HTTP=400 state unchanged; connector dispatch=0 default HTTP=0; scoped rejected audit delta=1 records=[{"id": "pid_7349b647-74b0-4b36-bfed-59de57a2fc88", "action": "integration.setup.rejected", "outcome": "rejected", "actor_id": "pid_6a000009-0000-4000-8000-000000000009", "metadata": {"reason": "invalid_configuration", "operation": "createIntegration", "resource_kind": "integration", "correlation_id": "pid_8b000000-0000-4000-8000-000000000004"}, "target_id": "pid_6a000003-0000-4000-8000-000000000003", "occurred_at": "2026-09-19T04:57:44.467835+00:00", "workspace_id": "pid_6a000002-0000-4000-8000-000000000002", "environment_id": "pid_6a000003-0000-4000-8000-000000000003", "organization_id": "pid_6a000001-0000-4000-8000-000000000001"}]
=== RUN   TestConnectorRejectedAuthorityOverridesPostgres/POST_provider_url_with_secret
    connector_rejection_postgres_test.go:227: authorized rejection: HTTP=400 state unchanged; connector dispatch=0 default HTTP=0; scoped rejected audit delta=1 records=[{"id": "pid_0122e55e-58ba-40c2-941e-8ec96acdf8bc", "action": "integration.setup.rejected", "outcome": "rejected", "actor_id": "pid_6a000009-0000-4000-8000-000000000009", "metadata": {"reason": "invalid_configuration", "operation": "createIntegration", "resource_kind": "integration", "correlation_id": "pid_8b000000-0000-4000-8000-000000000005"}, "target_id": "pid_6a000003-0000-4000-8000-000000000003", "occurred_at": "2026-09-19T04:57:44.672591+00:00", "workspace_id": "pid_6a000002-0000-4000-8000-000000000002", "environment_id": "pid_6a000003-0000-4000-8000-000000000003", "organization_id": "pid_6a000001-0000-4000-8000-000000000001"}]
=== RUN   TestConnectorRejectedAuthorityOverridesPostgres/PATCH_nango_url
    connector_rejection_postgres_test.go:227: authorized rejection: HTTP=400 state unchanged; connector dispatch=0 default HTTP=0; scoped rejected audit delta=1 records=[{"id": "pid_65d29437-fc4e-4924-a91f-6e643b96bf0a", "action": "integration.setup.rejected", "outcome": "rejected", "actor_id": "pid_6a000009-0000-4000-8000-000000000009", "metadata": {"reason": "invalid_configuration", "operation": "updateIntegration", "resource_kind": "integration", "correlation_id": "pid_8b000000-0000-4000-8000-000000000006"}, "target_id": "pid_6de599b9-83c6-4d09-b446-79a1cd0b5d57", "occurred_at": "2026-09-19T04:57:44.832846+00:00", "workspace_id": "pid_6a000002-0000-4000-8000-000000000002", "environment_id": "pid_6a000003-0000-4000-8000-000000000003", "organization_id": "pid_6a000001-0000-4000-8000-000000000001"}]
=== RUN   TestConnectorRejectedAuthorityOverridesPostgres/PATCH_nango_base_url
    connector_rejection_postgres_test.go:227: authorized rejection: HTTP=400 state unchanged; connector dispatch=0 default HTTP=0; scoped rejected audit delta=1 records=[{"id": "pid_1dbcf4b5-7a3c-4c90-99c6-d35e03581503", "action": "integration.setup.rejected", "outcome": "rejected", "actor_id": "pid_6a000009-0000-4000-8000-000000000009", "metadata": {"reason": "invalid_configuration", "operation": "updateIntegration", "resource_kind": "integration", "correlation_id": "pid_8b000000-0000-4000-8000-000000000007"}, "target_id": "pid_6de599b9-83c6-4d09-b446-79a1cd0b5d57", "occurred_at": "2026-09-19T04:57:45.016125+00:00", "workspace_id": "pid_6a000002-0000-4000-8000-000000000002", "environment_id": "pid_6a000003-0000-4000-8000-000000000003", "organization_id": "pid_6a000001-0000-4000-8000-000000000001"}]
=== RUN   TestConnectorRejectedAuthorityOverridesPostgres/PATCH_proxy_url
    connector_rejection_postgres_test.go:227: authorized rejection: HTTP=400 state unchanged; connector dispatch=0 default HTTP=0; scoped rejected audit delta=1 records=[{"id": "pid_95d0ab58-adbe-4e99-b986-6f5d4add6761", "action": "integration.setup.rejected", "outcome": "rejected", "actor_id": "pid_6a000009-0000-4000-8000-000000000009", "metadata": {"reason": "invalid_configuration", "operation": "updateIntegration", "resource_kind": "integration", "correlation_id": "pid_8b000000-0000-4000-8000-000000000008"}, "target_id": "pid_6de599b9-83c6-4d09-b446-79a1cd0b5d57", "occurred_at": "2026-09-19T04:57:45.176272+00:00", "workspace_id": "pid_6a000002-0000-4000-8000-000000000002", "environment_id": "pid_6a000003-0000-4000-8000-000000000003", "organization_id": "pid_6a000001-0000-4000-8000-000000000001"}]
=== RUN   TestConnectorRejectedAuthorityOverridesPostgres/PATCH_provider_url
    connector_rejection_postgres_test.go:227: authorized rejection: HTTP=400 state unchanged; connector dispatch=0 default HTTP=0; scoped rejected audit delta=1 records=[{"id": "pid_751bb96f-8aa4-4a04-a62e-db75b4772ffd", "action": "integration.setup.rejected", "outcome": "rejected", "actor_id": "pid_6a000009-0000-4000-8000-000000000009", "metadata": {"reason": "invalid_configuration", "operation": "updateIntegration", "resource_kind": "integration", "correlation_id": "pid_8b000000-0000-4000-8000-000000000009"}, "target_id": "pid_6de599b9-83c6-4d09-b446-79a1cd0b5d57", "occurred_at": "2026-09-19T04:57:45.335461+00:00", "workspace_id": "pid_6a000002-0000-4000-8000-000000000002", "environment_id": "pid_6a000003-0000-4000-8000-000000000003", "organization_id": "pid_6a000001-0000-4000-8000-000000000001"}]
=== RUN   TestConnectorRejectedAuthorityOverridesPostgres/PATCH_provider_url_with_secret
    connector_rejection_postgres_test.go:227: authorized rejection: HTTP=400 state unchanged; connector dispatch=0 default HTTP=0; scoped rejected audit delta=1 records=[{"id": "pid_494c6415-d2cf-4a49-bafc-ce73aa9880ad", "action": "integration.setup.rejected", "outcome": "rejected", "actor_id": "pid_6a000009-0000-4000-8000-000000000009", "metadata": {"reason": "invalid_configuration", "operation": "updateIntegration", "resource_kind": "integration", "correlation_id": "pid_8b000000-0000-4000-8000-000000000010"}, "target_id": "pid_6de599b9-83c6-4d09-b446-79a1cd0b5d57", "occurred_at": "2026-09-19T04:57:45.491787+00:00", "workspace_id": "pid_6a000002-0000-4000-8000-000000000002", "environment_id": "pid_6a000003-0000-4000-8000-000000000003", "organization_id": "pid_6a000001-0000-4000-8000-000000000001"}]
=== RUN   TestConnectorRejectedAuthorityOverridesPostgres/retry_and_success_key_conflict
=== RUN   TestConnectorRejectedAuthorityOverridesPostgres/audit_read_API
=== RUN   TestConnectorRejectedAuthorityOverridesPostgres/token_permission_intersection
=== RUN   TestConnectorRejectedAuthorityOverridesPostgres/token_permission_intersection/blocked_INSERT_revoked
=== RUN   TestConnectorRejectedAuthorityOverridesPostgres/token_permission_intersection/blocked_INSERT_expired
=== RUN   TestConnectorRejectedAuthorityOverridesPostgres/token_permission_intersection/blocked_INSERT_permission_removed
=== RUN   TestConnectorRejectedAuthorityOverridesPostgres/blocked_INSERT_rechecks_authority
=== RUN   TestConnectorRejectedAuthorityOverridesPostgres/blocked_INSERT_rechecks_authority/revoked
=== RUN   TestConnectorRejectedAuthorityOverridesPostgres/blocked_INSERT_rechecks_authority/expired
=== RUN   TestConnectorRejectedAuthorityOverridesPostgres/blocked_INSERT_rechecks_authority/member_disabled
=== RUN   TestConnectorRejectedAuthorityOverridesPostgres/blocked_INSERT_rechecks_authority/role_removed
=== RUN   TestConnectorRejectedAuthorityOverridesPostgres/blocked_INSERT_rechecks_authority/scope_removed
=== RUN   TestConnectorRejectedAuthorityOverridesPostgres/blocked_INSERT_rechecks_authority/target_deleted
=== RUN   TestConnectorRejectedAuthorityOverridesPostgres/audit_INSERT_cancellation
=== RUN   TestConnectorRejectedAuthorityOverridesPostgres/wall_clock_expiry_after_target_wait
=== RUN   TestConnectorRejectedAuthorityOverridesPostgres/group_permission_and_registered_writers
=== RUN   TestConnectorRejectedAuthorityOverridesPostgres/group_permission_and_registered_writers/resolve_removes_group
=== RUN   TestConnectorRejectedAuthorityOverridesPostgres/group_permission_and_registered_writers/mapping_role_removed
=== RUN   TestConnectorRejectedAuthorityOverridesPostgres/group_permission_and_registered_writers/mapping_removed
=== RUN   TestConnectorRejectedAuthorityOverridesPostgres/group_permission_and_registered_writers/resolve_serializes_on_membership
=== RUN   TestConnectorRejectedAuthorityOverridesPostgres/group_permission_and_registered_writers/deprovision_serializes_on_membership
=== RUN   TestConnectorRejectedAuthorityOverridesPostgres/missing_driver
=== RUN   TestConnectorRejectedAuthorityOverridesPostgres/closed
=== RUN   TestConnectorRejectedAuthorityOverridesPostgres/commit_failure
=== RUN   TestConnectorRejectedAuthorityOverridesPostgres/rollback_error
=== RUN   TestConnectorRejectedAuthorityOverridesPostgres/panic_after_INSERT
=== RUN   TestConnectorRejectedAuthorityOverridesPostgres/canceled_after_INSERT
=== RUN   TestConnectorRejectedAuthorityOverridesPostgres/forged_principal
=== RUN   TestConnectorRejectedAuthorityOverridesPostgres/wrong_credential_kind
=== RUN   TestConnectorRejectedAuthorityOverridesPostgres/wrong_scope
=== RUN   TestConnectorRejectedAuthorityOverridesPostgres/unregistered
=== RUN   TestConnectorRejectedAuthorityOverridesPostgres/actual_production_driver_and_decorator
    connector_rejection_failure_postgres_test.go:108: joined production runtime process: TestConnectorRejectionRuntimePostgres
    connector_rejection_failure_postgres_test.go:108: joined production runtime process: === RUN   TestConnectorRejectionRuntimePostgres
            connector_rejection_runtime_test.go:61: actual pgxpool READ COMMITTED driver + production tracing + repository committed one safe audit; missing/closed capabilities fail unavailable
        --- PASS: TestConnectorRejectionRuntimePostgres (0.42s)
        PASS
=== NAME  TestConnectorRejectedAuthorityOverridesPostgres
    postgres_integration_test.go:1342: joined owned PostgreSQL pid=24 data=/tmp/TestConnectorRejectedAuthorityOverridesPostgres1373948589/001/data: pg_ctl exit=0 server Wait exit=0 normal-exit
--- PASS: TestConnectorRejectedAuthorityOverridesPostgres (14.23s)
    --- PASS: TestConnectorRejectedAuthorityOverridesPostgres/unauthenticated (0.00s)
    --- PASS: TestConnectorRejectedAuthorityOverridesPostgres/csrf (0.00s)
    --- PASS: TestConnectorRejectedAuthorityOverridesPostgres/foreign_scope (0.00s)
    --- PASS: TestConnectorRejectedAuthorityOverridesPostgres/foreign_target (0.00s)
    --- PASS: TestConnectorRejectedAuthorityOverridesPostgres/POST_nango_url (0.17s)
    --- PASS: TestConnectorRejectedAuthorityOverridesPostgres/POST_nango_base_url (0.16s)
    --- PASS: TestConnectorRejectedAuthorityOverridesPostgres/POST_proxy_url (0.17s)
    --- PASS: TestConnectorRejectedAuthorityOverridesPostgres/POST_provider_url (0.19s)
    --- PASS: TestConnectorRejectedAuthorityOverridesPostgres/POST_provider_url_with_secret (0.19s)
    --- PASS: TestConnectorRejectedAuthorityOverridesPostgres/PATCH_nango_url (0.17s)
    --- PASS: TestConnectorRejectedAuthorityOverridesPostgres/PATCH_nango_base_url (0.17s)
    --- PASS: TestConnectorRejectedAuthorityOverridesPostgres/PATCH_proxy_url (0.16s)
    --- PASS: TestConnectorRejectedAuthorityOverridesPostgres/PATCH_provider_url (0.16s)
    --- PASS: TestConnectorRejectedAuthorityOverridesPostgres/PATCH_provider_url_with_secret (0.15s)
    --- PASS: TestConnectorRejectedAuthorityOverridesPostgres/retry_and_success_key_conflict (0.62s)
    --- PASS: TestConnectorRejectedAuthorityOverridesPostgres/audit_read_API (0.19s)
    --- PASS: TestConnectorRejectedAuthorityOverridesPostgres/token_permission_intersection (0.72s)
        --- PASS: TestConnectorRejectedAuthorityOverridesPostgres/token_permission_intersection/blocked_INSERT_revoked (0.18s)
        --- PASS: TestConnectorRejectedAuthorityOverridesPostgres/token_permission_intersection/blocked_INSERT_expired (0.17s)
        --- PASS: TestConnectorRejectedAuthorityOverridesPostgres/token_permission_intersection/blocked_INSERT_permission_removed (0.21s)
    --- PASS: TestConnectorRejectedAuthorityOverridesPostgres/blocked_INSERT_rechecks_authority (1.16s)
        --- PASS: TestConnectorRejectedAuthorityOverridesPostgres/blocked_INSERT_rechecks_authority/revoked (0.18s)
        --- PASS: TestConnectorRejectedAuthorityOverridesPostgres/blocked_INSERT_rechecks_authority/expired (0.19s)
        --- PASS: TestConnectorRejectedAuthorityOverridesPostgres/blocked_INSERT_rechecks_authority/member_disabled (0.20s)
        --- PASS: TestConnectorRejectedAuthorityOverridesPostgres/blocked_INSERT_rechecks_authority/role_removed (0.21s)
        --- PASS: TestConnectorRejectedAuthorityOverridesPostgres/blocked_INSERT_rechecks_authority/scope_removed (0.19s)
        --- PASS: TestConnectorRejectedAuthorityOverridesPostgres/blocked_INSERT_rechecks_authority/target_deleted (0.19s)
    --- PASS: TestConnectorRejectedAuthorityOverridesPostgres/audit_INSERT_cancellation (0.10s)
    --- PASS: TestConnectorRejectedAuthorityOverridesPostgres/wall_clock_expiry_after_target_wait (2.02s)
    --- PASS: TestConnectorRejectedAuthorityOverridesPostgres/group_permission_and_registered_writers (1.20s)
        --- PASS: TestConnectorRejectedAuthorityOverridesPostgres/group_permission_and_registered_writers/resolve_removes_group (0.20s)
        --- PASS: TestConnectorRejectedAuthorityOverridesPostgres/group_permission_and_registered_writers/mapping_role_removed (0.20s)
        --- PASS: TestConnectorRejectedAuthorityOverridesPostgres/group_permission_and_registered_writers/mapping_removed (0.22s)
        --- PASS: TestConnectorRejectedAuthorityOverridesPostgres/group_permission_and_registered_writers/resolve_serializes_on_membership (0.19s)
        --- PASS: TestConnectorRejectedAuthorityOverridesPostgres/group_permission_and_registered_writers/deprovision_serializes_on_membership (0.18s)
    --- PASS: TestConnectorRejectedAuthorityOverridesPostgres/missing_driver (0.00s)
    --- PASS: TestConnectorRejectedAuthorityOverridesPostgres/closed (0.00s)
    --- PASS: TestConnectorRejectedAuthorityOverridesPostgres/commit_failure (0.27s)
    --- PASS: TestConnectorRejectedAuthorityOverridesPostgres/rollback_error (0.21s)
    --- PASS: TestConnectorRejectedAuthorityOverridesPostgres/panic_after_INSERT (0.14s)
    --- PASS: TestConnectorRejectedAuthorityOverridesPostgres/canceled_after_INSERT (0.15s)
    --- PASS: TestConnectorRejectedAuthorityOverridesPostgres/forged_principal (0.13s)
    --- PASS: TestConnectorRejectedAuthorityOverridesPostgres/wrong_credential_kind (0.12s)
    --- PASS: TestConnectorRejectedAuthorityOverridesPostgres/wrong_scope (0.12s)
    --- PASS: TestConnectorRejectedAuthorityOverridesPostgres/unregistered (0.03s)
    --- PASS: TestConnectorRejectedAuthorityOverridesPostgres/actual_production_driver_and_decorator (0.48s)
=== RUN   TestConnectorRejectionClassification
=== RUN   TestConnectorRejectionClassification/override
=== RUN   TestConnectorRejectionClassification/webhook
=== RUN   TestConnectorRejectionClassification/malformed
=== RUN   TestConnectorRejectionClassification/wrong_type
=== RUN   TestConnectorRejectionClassification/missing_name
=== RUN   TestConnectorRejectionClassification/other_operation
--- PASS: TestConnectorRejectionClassification (0.00s)
    --- PASS: TestConnectorRejectionClassification/override (0.00s)
    --- PASS: TestConnectorRejectionClassification/webhook (0.00s)
    --- PASS: TestConnectorRejectionClassification/malformed (0.00s)
    --- PASS: TestConnectorRejectionClassification/wrong_type (0.00s)
    --- PASS: TestConnectorRejectionClassification/missing_name (0.00s)
    --- PASS: TestConnectorRejectionClassification/other_operation (0.00s)
=== RUN   TestConnectorRejectionHTTPBoundary
=== RUN   TestConnectorRejectionHTTPBoundary/commit
=== RUN   TestConnectorRejectionHTTPBoundary/authentication
=== RUN   TestConnectorRejectionHTTPBoundary/authorization
=== RUN   TestConnectorRejectionHTTPBoundary/target
=== RUN   TestConnectorRejectionHTTPBoundary/raw_database_error
=== RUN   TestConnectorRejectionHTTPBoundary/other_typed_error
=== RUN   TestConnectorRejectionHTTPBoundary/missing_auditor
--- PASS: TestConnectorRejectionHTTPBoundary (0.00s)
    --- PASS: TestConnectorRejectionHTTPBoundary/commit (0.00s)
    --- PASS: TestConnectorRejectionHTTPBoundary/authentication (0.00s)
    --- PASS: TestConnectorRejectionHTTPBoundary/authorization (0.00s)
    --- PASS: TestConnectorRejectionHTTPBoundary/target (0.00s)
    --- PASS: TestConnectorRejectionHTTPBoundary/raw_database_error (0.00s)
    --- PASS: TestConnectorRejectionHTTPBoundary/other_typed_error (0.00s)
    --- PASS: TestConnectorRejectionHTTPBoundary/missing_auditor (0.00s)
=== RUN   TestGroupMappingExpectedVersionUpdateMountedPostgres
    group_mapping_update_postgres_test.go:30: compiled56 checksum=f5871c564709034eaf89f325fcb732a3f3314ecc0ff95f7a0ec99f6d674ddfc1 fingerprint=8534cdcdce945aab8f85dce88d9bf8a01b100387490a7cefe5d51f2ae11d8ced
    group_mapping_update_postgres_test.go:131: positive create: registered=security_agent_v33_discovery_api_login security_admin/manage_identity HTTP200 role=security_engineer version1 audit1 session revoked
    group_mapping_update_postgres_test.go:146: stale version0 conflict409 and foreign tenant target404 controls passed with no audit or foreign mapping change
    group_mapping_contention_postgres_test.go:65: successive version2→3 update audited/revoked session+PAT; real resolve/CreateSession/Authenticate changes group-only effective manage_workflows from false to true
=== RUN   TestGroupMappingExpectedVersionUpdateMountedPostgres/audit_failure_rolls_back_mapping_and_credentials
=== RUN   TestGroupMappingExpectedVersionUpdateMountedPostgres/registered_mapper_and_rejection_lock_order
    group_mapping_contention_postgres_test.go:168: observed actual registered mapper backend blocked by rejection transaction after real credential share lock
=== NAME  TestGroupMappingExpectedVersionUpdateMountedPostgres
    postgres_integration_test.go:1342: joined owned PostgreSQL pid=95 data=/tmp/TestGroupMappingExpectedVersionUpdateMountedPostgres2786802137/001/data: pg_ctl exit=0 server Wait exit=0 normal-exit
--- PASS: TestGroupMappingExpectedVersionUpdateMountedPostgres (4.60s)
    --- PASS: TestGroupMappingExpectedVersionUpdateMountedPostgres/audit_failure_rolls_back_mapping_and_credentials (0.01s)
    --- PASS: TestGroupMappingExpectedVersionUpdateMountedPostgres/registered_mapper_and_rejection_lock_order (0.43s)
PASS
