Command failed: npm sbom --omit=dev --sbom-format spdx --json
npm error code ESBOMPROBLEMS
npm error missing: @testing-library/jest-dom@^5.11.6, required by @testing-library/dom@10.4.2
npm error missing: browserslist@4.21.8, required by @testing-library/dom@10.4.2
npm error missing: caniuse-lite@1.0.30001502, required by @testing-library/dom@10.4.2
npm error missing: jest-in-case@^1.0.2, required by @testing-library/dom@10.4.2
npm error missing: jest-snapshot-serializer-ansi@^1.0.0, required by @testing-library/dom@10.4.2
npm error missing: jest-watch-select-projects@^2.0.0, required by @testing-library/dom@10.4.2
npm error missing: jsdom@20.0.0, required by @testing-library/dom@10.4.2
npm error missing: kcd-scripts@^13.0.0, required by @testing-library/dom@10.4.2
npm error missing: typescript@^4.1.2, required by @testing-library/dom@10.4.2
npm error missing: @aws-sdk/client-rds-data@^3.549.0, required by drizzle-orm@0.45.2
npm error missing: @cloudflare/workers-types@^4.20241112.0, required by drizzle-orm@0.45.2
npm error missing: @electric-sql/pglite@^0.2.12, required by drizzle-orm@0.45.2
npm error missing: @libsql/client@^0.10.0, required by drizzle-orm@0.45.2
npm error missing: @libsql/client-wasm@^0.10.0, required by drizzle-orm@0.45.2
npm error missing: @miniflare/d1@^2.14.4, required by drizzle-orm@0.45.2
npm error missing: @neondatabase/serverless@^0.10.0, required by drizzle-orm@0.45.2
npm error missing: @op-engineering/op-sqlite@^2.0.16, required by drizzle-orm@0.45.2
npm error missing: @opentelemetry/api@^1.4.1, required by drizzle-orm@0.45.2
npm error missing: @originjs/vite-plugin-commonjs@^1.0.3, required by drizzle-orm@0.45.2
npm error missing: @planetscale/database@^1.16.0, required by drizzle-orm@0.45.2
npm error missing: @prisma/client@5.14.0, required by drizzle-orm@0.45.2
npm error missing: @tidbcloud/serverless@^0.1.1, required by drizzle-orm@0.45.2
npm error missing: @types/better-sqlite3@^7.6.12, required by drizzle-orm@0.45.2
npm error missing: @types/node@^20.2.5, required by drizzle-orm@0.45.2
npm error missing: @types/pg@^8.10.1, required by drizzle-orm@0.45.2
npm error missing: @types/react@^18.2.45, required by drizzle-orm@0.45.2
npm error missing: @types/sql.js@^1.4.4, required by drizzle-orm@0.45.2
npm error missing: @upstash/redis@^1.34.3, required by drizzle-orm@0.45.2
npm error missing: @vercel/postgres@^0.8.0, required by drizzle-orm@0.45.2
npm error missing: @xata.io/client@^0.29.3, required by drizzle-orm@0.45.2
npm error missing: better-sqlite3@^11.9.1, required by drizzle-orm@0.45.2
npm error missing: bun-types@^1.2.0, required by drizzle-orm@0.45.2
npm error missing: cpy@^10.1.0, required by drizzle-orm@0.45.2
npm error missing: expo-sqlite@^14.0.0, required by drizzle-orm@0.45.2
npm error missing: gel@^2.0.0, required by drizzle-orm@0.45.2
npm error missing: glob@^11.0.1, required by drizzle-orm@0.45.2
npm error missing: knex@^2.4.2, required by drizzle-orm@0.45.2
npm error missing: kysely@^0.25.0, required by drizzle-orm@0.45.2
npm error missing: mysql2@^3.14.1, required by drizzle-orm@0.45.2
npm error missing: pg@^8.11.0, required by drizzle-orm@0.45.2
npm error missing: postgres@^3.3.5, required by drizzle-orm@0.45.2
npm error missing: prisma@5.14.0, required by drizzle-orm@0.45.2
npm error missing: react@^18.2.0, required by drizzle-orm@0.45.2
npm error missing: sql.js@^1.8.0, required by drizzle-orm@0.45.2
npm error missing: sqlite3@^5.1.2, required by drizzle-orm@0.45.2
npm error missing: ts-morph@^25.0.1, required by drizzle-orm@0.45.2
npm error missing: tslib@^2.5.2, required by drizzle-orm@0.45.2
npm error missing: tsx@^3.12.7, required by drizzle-orm@0.45.2
npm error missing: vite-tsconfig-paths@^4.3.2, required by drizzle-orm@0.45.2
npm error missing: vitest@^3.1.3, required by drizzle-orm@0.45.2
npm error missing: zod@^3.20.2, required by drizzle-orm@0.45.2
npm error missing: zx@^7.2.2, required by drizzle-orm@0.45.2
npm error missing: @testing-library/jest-dom@^7.0.1, required by lucide-react@1.46.0
npm error missing: @testing-library/react@^16.3.3, required by lucide-react@1.46.0
npm error missing: @types/node@^25.9.1, required by lucide-react@1.46.0
npm error missing: @types/react@^18.3.31, required by lucide-react@1.46.0
npm error missing: @vitejs/plugin-react@^5.2.0, required by lucide-react@1.46.0
npm error missing: jest-serializer-html@^7.1.0, required by lucide-react@1.46.0
npm error missing: react@18.3.1, required by lucide-react@1.46.0
npm error missing: react-dom@18.3.1, required by lucide-react@1.46.0
npm error missing: rollup@^4.63.1, required by lucide-react@1.46.0
npm error missing: rollup-plugin-dts@^6.5.1, required by lucide-react@1.46.0
npm error missing: rollup-plugin-preserve-directives@^0.4.0, required by lucide-react@1.46.0
npm error missing: typescript@^6.0.3, required by lucide-react@1.46.0
npm error missing: vite@^7.3.6, required by lucide-react@1.46.0
npm error missing: @lucide/build-icons@1.1.0, required by lucide-react@1.46.0
npm error missing: @lucide/shared@1.0.0, required by lucide-react@1.46.0
npm error missing: @lucide/rollup-plugins@1.0.0, required by lucide-react@1.46.0
npm error missing: axios@1.13.5, required by openapi-fetch@0.17.0
npm error missing: execa@^9.6.1, required by openapi-fetch@0.17.0
npm error missing: express@5.2.1, required by openapi-fetch@0.17.0
npm error missing: feature-fetch@0.0.51, required by openapi-fetch@0.17.0
npm error missing: node-forge@1.3.1, required by openapi-fetch@0.17.0
npm error missing: openapi-typescript-codegen@0.29.0, required by openapi-fetch@0.17.0
npm error missing: openapi-typescript-fetch@2.2.1, required by openapi-fetch@0.17.0
npm error missing: superagent@10.3.0, required by openapi-fetch@0.17.0
npm error missing: typescript@^5.9.3, required by openapi-fetch@0.17.0
npm error missing: undici@7.16.0, required by openapi-fetch@0.17.0
npm error missing: vite@^7.3.1, required by openapi-fetch@0.17.0
npm error missing: openapi-typescript@^7.13.0, required by openapi-fetch@0.17.0
npm error missing: react@^19.2.8, required by react-dom@19.2.8
npm error missing: @babel/cli@^7.23.0, required by stytch@14.2.0
npm error missing: @babel/core@^7.23.0, required by stytch@14.2.0
npm error missing: @babel/preset-env@^7.22.20, required by stytch@14.2.0
npm error missing: @babel/preset-typescript@^7.23.0, required by stytch@14.2.0
npm error missing: @types/jest@^29.5.5, required by stytch@14.2.0
npm error missing: @types/node@^20.14.8, required by stytch@14.2.0
npm error missing: @typescript-eslint/eslint-plugin@^4.33.0, required by stytch@14.2.0
npm error missing: @typescript-eslint/parser@^4.33.0, required by stytch@14.2.0
npm error missing: eslint@^7.32.0, required by stytch@14.2.0
npm error missing: jest@^29.7.0, required by stytch@14.2.0
npm error missing: prettier@2.4.1, required by stytch@14.2.0
npm error missing: ts-jest@^29.1.1, required by stytch@14.2.0
npm error missing: typescript@^5.5.4, required by stytch@14.2.0
npm error missing: react@^19.2.6, required by vinext@1.0.0-beta.2
npm error missing: react-dom@^19.2.6, required by vinext@1.0.0-beta.2
npm error invalid: image-size@2.0.4, 2.0.2 required by vinext@1.0.0-beta.2
npm error missing: @types/node@^25.9.2, required by vinext@1.0.0-beta.2
npm error missing: @types/react@^19.2.16, required by vinext@1.0.0-beta.2
npm error missing: @types/react-dom@^19.2.3, required by vinext@1.0.0-beta.2
npm error missing: @vitejs/plugin-react@^6.0.1, required by vinext@1.0.0-beta.2
npm error missing: @vitejs/plugin-rsc@^0.5.27, required by vinext@1.0.0-beta.2
npm error missing: am-i-vibing@^0.5.0, required by vinext@1.0.0-beta.2
npm error missing: pathslash@^0.1.0, required by vinext@1.0.0-beta.2
npm error missing: react-server-dom-webpack@^19.2.7, required by vinext@1.0.0-beta.2
npm error missing: vite@npm:@voidzero-dev/vite-plus-core@0.2.2, required by vinext@1.0.0-beta.2
npm error missing: vite-plus@0.2.2, required by vinext@1.0.0-beta.2
npm error missing: react@^17.0.0 || ^18.0.0 || ^19.0.0, required by @unpic/react@1.0.2
npm error missing: react-dom@^17.0.0 || ^18.0.0 || ^19.0.0, required by @unpic/react@1.0.2
npm error missing: @babel/core@^8.0.1, required by webpack@5.111.0
npm error missing: @babel/preset-react@^8.0.1, required by webpack@5.111.0
npm error missing: @changesets/cli@^3.0.1, required by webpack@5.111.0
npm error missing: @changesets/get-github-info@^1.0.1, required by webpack@5.111.0
npm error missing: @codspeed/core@^5.5.0, required by webpack@5.111.0
npm error missing: @mdn/browser-compat-data@^8.0.9, required by webpack@5.111.0
npm error missing: @types/convert-source-map@^2.0.3, required by webpack@5.111.0
npm error missing: @types/graceful-fs@^4.1.9, required by webpack@5.111.0
npm error missing: @types/jest@^30.0.0, required by webpack@5.111.0
npm error missing: @types/mime-db@^1.43.6, required by webpack@5.111.0
npm error missing: @types/node@^26.2.0, required by webpack@5.111.0
npm error missing: @types/xxhashjs@^0.2.4, required by webpack@5.111.0
npm error missing: @webdiscus/pug-loader@^2.11.1, required by webpack@5.111.0
npm error missing: @webref/elements@^2.8.0, required by webpack@5.111.0
npm error missing: @webref/idl@^3.83.1, required by webpack@5.111.0
npm error missing: acorn@^8.16.0, required by webpack@5.111.0
npm error missing: assemblyscript@^0.28.18, required by webpack@5.111.0
npm error missing: babel-loader@^10.0.0, required by webpack@5.111.0
npm error missing: bundle-loader@^0.5.6, required by webpack@5.111.0
npm error missing: coffee-loader@^5.0.0, required by webpack@5.111.0
npm error missing: coffeescript@^2.5.1, required by webpack@5.111.0
npm error missing: color-name@^2.1.1, required by webpack@5.111.0
npm error missing: core-js@^3.47.0, required by webpack@5.111.0
npm error missing: cspell@^10.0.1, required by webpack@5.111.0
npm error missing: css-loader@^7.1.2, required by webpack@5.111.0
npm error missing: date-fns@^4.4.0, required by webpack@5.111.0
npm error missing: es5-ext@^0.10.53, required by webpack@5.111.0
npm error missing: es6-promise-polyfill@^1.2.0, required by webpack@5.111.0
npm error missing: eslint@^9.39.5, required by webpack@5.111.0
npm error missing: eslint-config-webpack@^4.12.0, required by webpack@5.111.0
npm error missing: eslint-scope@^9.1.2, required by webpack@5.111.0
npm error missing: eta@^4.6.0, required by webpack@5.111.0
npm error missing: file-loader@^6.0.0, required by webpack@5.111.0
npm error missing: fork-ts-checker-webpack-plugin@^9.0.2, required by webpack@5.111.0
npm error missing: globals@^17.6.0, required by webpack@5.111.0
npm error missing: hash-wasm@^4.9.0, required by webpack@5.111.0
npm error missing: html-loader@^5.1.0, required by webpack@5.111.0
npm error missing: husky@^9.0.11, required by webpack@5.111.0
npm error missing: istanbul@^0.4.5, required by webpack@5.111.0
npm error missing: jest@^30.3.0, required by webpack@5.111.0
npm error missing: jest-circus@^30.3.0, required by webpack@5.111.0
npm error missing: jest-cli@^30.3.0, required by webpack@5.111.0
npm error missing: jest-diff@^30.3.0, required by webpack@5.111.0
npm error missing: jest-environment-node@^30.3.0, required by webpack@5.111.0
npm error missing: jest-junit@^17.0.0, required by webpack@5.111.0
npm error missing: jest-snapshot@^30.3.0, required by webpack@5.111.0
npm error missing: jest-worker@^30.2.0, required by webpack@5.111.0
npm error missing: json-loader@^0.5.7, required by webpack@5.111.0
npm error missing: json5@^2.1.3, required by webpack@5.111.0
npm error missing: less@^4.6.4, required by webpack@5.111.0
npm error missing: less-loader@^13.0.0, required by webpack@5.111.0
npm error missing: lint-staged@^17.0.7, required by webpack@5.111.0
npm error missing: lodash@^4.17.19, required by webpack@5.111.0
npm error missing: lodash-es@^4.17.15, required by webpack@5.111.0
npm error missing: mdn-data@^2.29.0, required by webpack@5.111.0
npm error missing: memfs@^4.57.6, required by webpack@5.111.0
npm error missing: meriyah@^7.0.0, required by webpack@5.111.0
npm error missing: mini-css-extract-plugin@^2.9.0, required by webpack@5.111.0
npm error missing: mini-svg-data-uri@^1.2.3, required by webpack@5.111.0
npm error missing: node-gyp@^13.0.0, required by webpack@5.111.0
npm error missing: nyc@^18.0.0, required by webpack@5.111.0
npm error missing: open-cli@^9.0.0, required by webpack@5.111.0
npm error missing: oxc-parser@^0.149.0, required by webpack@5.111.0
npm error missing: pkg-pr-new@^0.0.88, required by webpack@5.111.0
npm error missing: prettier@^3.8.2, required by webpack@5.111.0
npm error missing: prettier-2@npm:prettier@^2, required by webpack@5.111.0
npm error missing: pretty-format@^30.0.5, required by webpack@5.111.0
npm error missing: pug@^3.0.3, required by webpack@5.111.0
npm error missing: puppeteer-core@^25.3.0, required by webpack@5.111.0
npm error missing: raw-loader@^4.0.1, required by webpack@5.111.0
npm error missing: react@^19.2.7, required by webpack@5.111.0
npm error missing: react-dom@^19.2.7, required by webpack@5.111.0
npm error missing: rehype-sanitize@^6.0.0, required by webpack@5.111.0
npm error missing: rehype-stringify@^10.0.1, required by webpack@5.111.0
npm error missing: remark-frontmatter@^5.0.0, required by webpack@5.111.0
npm error missing: remark-gfm@^4.0.1, required by webpack@5.111.0
npm error missing: remark-parse@^11.0.0, required by webpack@5.111.0
npm error missing: remark-rehype@^11.1.2, required by webpack@5.111.0
npm error missing: rimraf@^3.0.2, required by webpack@5.111.0
npm error missing: script-loader@^0.7.2, required by webpack@5.111.0
npm error missing: simple-git@^3.28.0, required by webpack@5.111.0
npm error missing: style-loader@^4.0.0, required by webpack@5.111.0
npm error missing: terser@^5.46.2, required by webpack@5.111.0
npm error missing: three@^0.185.1, required by webpack@5.111.0
npm error missing: tinybench@^6.0.1, required by webpack@5.111.0
npm error missing: toml@^5.0.0, required by webpack@5.111.0
npm error missing: tooling@webpack/tooling#v1.28.3, required by webpack@5.111.0
npm error missing: ts-loader@^9.6.0, required by webpack@5.111.0
npm error missing: typescript@^6.0.3, required by webpack@5.111.0
npm error missing: unified@^11.0.5, required by webpack@5.111.0
npm error missing: url-loader@^4.1.0, required by webpack@5.111.0
npm error missing: wast-loader@^1.12.1, required by webpack@5.111.0
npm error missing: webassembly-feature@1.3.0, required by webpack@5.111.0
npm error missing: webpack-cli@^7.2.1, required by webpack@5.111.0
npm error missing: webpack-dev-server@^6.0.0, required by webpack@5.111.0
npm error missing: xxhashjs@^0.2.2, required by webpack@5.111.0
npm error missing: yamljs@^0.3.0, required by webpack@5.111.0
npm error missing: webpack@^5.1.0, required by minimizer-webpack-plugin@5.10.1
npm error missing: @types/node@*, required by jest-worker@27.5.1
npm error A complete log of this run can be found in: /home/agent/.npm/_logs/2026-10-06T03_43_07_744Z-debug-0.log
