=== RUN   TestComplianceCreateFreshAfterWaitPostgres
    postgres_integration_test.go:1342: joined owned PostgreSQL pid=24 data=/tmp/TestComplianceCreateFreshAfterWaitPostgres3221218748/001/data: pg_ctl exit=0 server Wait exit=0 normal-exit
--- PASS: TestComplianceCreateFreshAfterWaitPostgres (6.77s)
=== RUN   TestComplianceGrantFreshAfterWaitPostgres
=== RUN   TestComplianceGrantFreshAfterWaitPostgres/issue_grant_lock_false
=== RUN   TestComplianceGrantFreshAfterWaitPostgres/read_grant_lock_false
=== RUN   TestComplianceGrantFreshAfterWaitPostgres/read_grant_lock_true
=== NAME  TestComplianceGrantFreshAfterWaitPostgres
    postgres_integration_test.go:1342: joined owned PostgreSQL pid=54 data=/tmp/TestComplianceGrantFreshAfterWaitPostgres2370913438/001/data: pg_ctl exit=0 server Wait exit=0 normal-exit
--- PASS: TestComplianceGrantFreshAfterWaitPostgres (5.80s)
    --- PASS: TestComplianceGrantFreshAfterWaitPostgres/issue_grant_lock_false (0.12s)
    --- PASS: TestComplianceGrantFreshAfterWaitPostgres/read_grant_lock_false (0.11s)
    --- PASS: TestComplianceGrantFreshAfterWaitPostgres/read_grant_lock_true (0.14s)
=== RUN   TestComplianceWorkerReplayPostgres
    compliance_exports_fix_postgres_test.go:235: joined worker prepare: === RUN   TestComplianceReplayRestartProcess
            compliance_export_replay_test.go:184: registered worker committed exact v1 intent then exited before I/O
        --- PASS: TestComplianceReplayRestartProcess (0.38s)
        PASS
    compliance_exports_fix_postgres_test.go:253: joined worker replay: === RUN   TestComplianceReplayRestartProcess
            compliance_export_replay_test.go:232: fresh registered worker replayed SQL v1 bytes through NewExport.Put; renderer-v2 calls=0; Finish used renewed lease after original deadline
        --- PASS: TestComplianceReplayRestartProcess (2.11s)
        PASS
    postgres_integration_test.go:1342: joined owned PostgreSQL pid=86 data=/tmp/TestComplianceWorkerReplayPostgres563981445/001/data: pg_ctl exit=0 server Wait exit=0 normal-exit
--- PASS: TestComplianceWorkerReplayPostgres (8.92s)
=== RUN   TestComplianceExportsDurablePostgres
    compliance_exports_postgres_test.go:93: joined fresh owner state-inspection process, state=pending storage=reserved snapshot=false
    compliance_exports_postgres_test.go:144: joined fresh owner state-inspection process, state=pending storage=reserved snapshot=false
    compliance_exports_postgres_test.go:154: joined fresh owner state-inspection process, state=pending storage=reserved snapshot=true
    compliance_exports_postgres_test.go:174: joined fresh owner state-inspection process, state=pending storage=intent snapshot=true
    compliance_exports_postgres_test.go:201: joined fresh owner state-inspection process, state=pending storage=unknown snapshot=true
    compliance_exports_postgres_test.go:219: joined fresh owner state-inspection process, state=failed storage=reconcile_required snapshot=true
    compliance_exports_postgres_test.go:235: joined fresh owner state-inspection process, state=failed storage=verified snapshot=true
    compliance_exports_postgres_test.go:244: joined fresh owner state-inspection process, state=failed storage=delete_pending snapshot=true
    compliance_exports_postgres_test.go:258: joined fresh owner state-inspection process, state=failed storage=deleted snapshot=false
    compliance_exports_postgres_test.go:274: capture denied and snapshot rolled back after observed lock wait, postCapture=false
    compliance_exports_postgres_test.go:274: capture denied and snapshot rolled back after observed lock wait, postCapture=true
    compliance_exports_postgres_test.go:284: concurrent policy/finding transaction captured one source snapshot: map[finding:5 policy:5]
    compliance_exports_postgres_test.go:297: joined fresh owner state-inspection process, state=completed storage=verified snapshot=true
    postgres_integration_test.go:1342: joined owned PostgreSQL pid=128 data=/tmp/TestComplianceExportsDurablePostgres2024754250/001/data: pg_ctl exit=0 server Wait exit=0 normal-exit
--- PASS: TestComplianceExportsDurablePostgres (12.85s)
=== RUN   TestComplianceExportRestartProcess
    compliance_exports_postgres_test.go:576: owned parent launches this subprocess
--- SKIP: TestComplianceExportRestartProcess (0.00s)
=== RUN   TestComplianceConcurrentQuotasPostgres
=== RUN   TestComplianceConcurrentQuotasPostgres/deployment_active_100
    compliance_exports_quotas_postgres_test.go:46: registered concurrent clients: one admitted, one 54000; jobs=100 retained_bytes=12583011
    postgres_integration_test.go:1342: joined owned PostgreSQL pid=219 data=/tmp/TestComplianceConcurrentQuotasPostgresdeployment_active_1003560688129/001/data: pg_ctl exit=0 server Wait exit=0 normal-exit
=== RUN   TestComplianceConcurrentQuotasPostgres/deployment_retained_bytes_16GiB
    compliance_exports_quotas_postgres_test.go:46: registered concurrent clients: one admitted, one 54000; jobs=2049 retained_bytes=17179869184
    postgres_integration_test.go:1342: joined owned PostgreSQL pid=249 data=/tmp/TestComplianceConcurrentQuotasPostgresdeployment_retained_bytes3582336838/001/data: pg_ctl exit=0 server Wait exit=0 normal-exit
=== RUN   TestComplianceConcurrentQuotasPostgres/deployment_retained_jobs_10000
    compliance_exports_quotas_postgres_test.go:46: registered concurrent clients: one admitted, one 54000; jobs=10000 retained_bytes=12592911
    postgres_integration_test.go:1342: joined owned PostgreSQL pid=279 data=/tmp/TestComplianceConcurrentQuotasPostgresdeployment_retained_jobs_292746989/001/data: pg_ctl exit=0 server Wait exit=0 normal-exit
=== RUN   TestComplianceConcurrentQuotasPostgres/scope_retained_jobs_100
    compliance_exports_quotas_postgres_test.go:46: registered concurrent clients: one admitted, one 54000; jobs=100 retained_bytes=12583011
    postgres_integration_test.go:1342: joined owned PostgreSQL pid=309 data=/tmp/TestComplianceConcurrentQuotasPostgresscope_retained_jobs_100240692426/001/data: pg_ctl exit=0 server Wait exit=0 normal-exit
=== RUN   TestComplianceConcurrentQuotasPostgres/principal_scope_grants_20
    compliance_exports_quotas_postgres_test.go:69: registered concurrent clients: principal/S grants=20, target job grants=4; one admitted, one 54000
    postgres_integration_test.go:1342: joined owned PostgreSQL pid=339 data=/tmp/TestComplianceConcurrentQuotasPostgresprincipal_scope_grants_202136368512/001/data: pg_ctl exit=0 server Wait exit=0 normal-exit
--- PASS: TestComplianceConcurrentQuotasPostgres (20.94s)
    --- PASS: TestComplianceConcurrentQuotasPostgres/deployment_active_100 (4.18s)
    --- PASS: TestComplianceConcurrentQuotasPostgres/deployment_retained_bytes_16GiB (4.21s)
    --- PASS: TestComplianceConcurrentQuotasPostgres/deployment_retained_jobs_10000 (4.32s)
    --- PASS: TestComplianceConcurrentQuotasPostgres/scope_retained_jobs_100 (4.14s)
    --- PASS: TestComplianceConcurrentQuotasPostgres/principal_scope_grants_20 (4.10s)
=== RUN   TestComplianceExportsRepository
--- PASS: TestComplianceExportsRepository (0.04s)
=== RUN   TestComplianceRegisteredSourceAuthorityPostgres
=== RUN   TestComplianceRegisteredSourceAuthorityPostgres/revoked_while_blocked_session
    compliance_postgres_test.go:406: observed reader PID 385 blocked by session updater PID 386; committed revocation denied without evidence
=== RUN   TestComplianceRegisteredSourceAuthorityPostgres/revoked_while_blocked_membership
    compliance_postgres_test.go:406: observed reader PID 385 blocked by membership updater PID 387; committed revocation denied without evidence
=== NAME  TestComplianceRegisteredSourceAuthorityPostgres
    postgres_integration_test.go:1342: joined owned PostgreSQL pid=369 data=/tmp/TestComplianceRegisteredSourceAuthorityPostgres4157381226/001/data: pg_ctl exit=0 server Wait exit=0 normal-exit
--- PASS: TestComplianceRegisteredSourceAuthorityPostgres (7.29s)
    --- PASS: TestComplianceRegisteredSourceAuthorityPostgres/revoked_while_blocked_session (0.07s)
    --- PASS: TestComplianceRegisteredSourceAuthorityPostgres/revoked_while_blocked_membership (0.08s)
=== RUN   TestComplianceCompiledFingerprintPostgres
    compliance_postgres_test.go:468: release56 checksum=cb01c3ac468a03b7f069b5f97ddc41c4fde9adf75171ba8b3c2dfd346857a50d fingerprint=4aeb4f9327a33d76ff828dae7bb9aa44fd33ecc864d9833df6775024ab81a5b4
    postgres_integration_test.go:1342: joined owned PostgreSQL pid=402 data=/tmp/TestComplianceCompiledFingerprintPostgres2756027212/001/data: pg_ctl exit=0 server Wait exit=0 normal-exit
--- PASS: TestComplianceCompiledFingerprintPostgres (3.59s)
=== RUN   TestComplianceEvidenceStrictDecoding
--- PASS: TestComplianceEvidenceStrictDecoding (0.00s)
=== RUN   TestComplianceRepositoryBindsScopeAndRejectsUnsafeInput
--- PASS: TestComplianceRepositoryBindsScopeAndRejectsUnsafeInput (0.02s)
PASS
