=== RUN   TestNative379V2RawJSONRefusesAmbiguousWire
--- PASS: TestNative379V2RawJSONRefusesAmbiguousWire (0.00s)
=== RUN   TestNative379V2UnreviewedAnchorsRefuseBeforeSubprocess
--- PASS: TestNative379V2UnreviewedAnchorsRefuseBeforeSubprocess (0.00s)
=== RUN   TestNative379V2RawBoundaryRefusesUnknownNoncanonicalAndForgedStatuses
--- PASS: TestNative379V2RawBoundaryRefusesUnknownNoncanonicalAndForgedStatuses (0.00s)
=== RUN   TestNative379V2PacketWireAndEveryRecordedControl
    authorization_worker_ordered_current_native379_v2_test.go:3221: native379 v2 budget preimage refused
--- FAIL: TestNative379V2PacketWireAndEveryRecordedControl (26.37s)
=== RUN   TestNative379V2CanonicalWirePreservesJSStringBoundaries
--- PASS: TestNative379V2CanonicalWirePreservesJSStringBoundaries (0.00s)
=== RUN   TestNative379V2RuntimeBudgetRefusesBeforeRetention
--- PASS: TestNative379V2RuntimeBudgetRefusesBeforeRetention (0.00s)
=== RUN   TestNative379V2RowStreamClosesAtBudget
--- PASS: TestNative379V2RowStreamClosesAtBudget (0.00s)
=== RUN   TestNative379V2AssertionReceiptClosedBindings
--- PASS: TestNative379V2AssertionReceiptClosedBindings (0.00s)
=== RUN   TestNative379V2AssertionCompletionAndDistinctRefusals
=== RUN   TestNative379V2AssertionCompletionAndDistinctRefusals/zero
=== RUN   TestNative379V2AssertionCompletionAndDistinctRefusals/row
=== RUN   TestNative379V2AssertionCompletionAndDistinctRefusals/tag
=== RUN   TestNative379V2AssertionCompletionAndDistinctRefusals/mismatch
=== RUN   TestNative379V2AssertionCompletionAndDistinctRefusals/timeout
=== RUN   TestNative379V2AssertionCompletionAndDistinctRefusals/poison
=== RUN   TestNative379V2AssertionCompletionAndDistinctRefusals/cancel
--- PASS: TestNative379V2AssertionCompletionAndDistinctRefusals (0.00s)
    --- PASS: TestNative379V2AssertionCompletionAndDistinctRefusals/zero (0.00s)
    --- PASS: TestNative379V2AssertionCompletionAndDistinctRefusals/row (0.00s)
    --- PASS: TestNative379V2AssertionCompletionAndDistinctRefusals/tag (0.00s)
    --- PASS: TestNative379V2AssertionCompletionAndDistinctRefusals/mismatch (0.00s)
    --- PASS: TestNative379V2AssertionCompletionAndDistinctRefusals/timeout (0.00s)
    --- PASS: TestNative379V2AssertionCompletionAndDistinctRefusals/poison (0.00s)
    --- PASS: TestNative379V2AssertionCompletionAndDistinctRefusals/cancel (0.00s)
FAIL
FAIL	github.com/zasp-ai/zasp-sec/services/platform/apiserver	26.401s
FAIL
