TAP version 13
# Subtest: actual export Prometheus rules detect missing targets and recover independently
not ok 1 - actual export Prometheus rules detect missing targets and recover independently
  ---
  duration_ms: 655.32
  type: 'test'
  location: '/Users/manishmaheshwari/Projects/zasp-sec/.worktrees/cached-runtime-ship-20260917/deploy/production/audit-export-alerts.test.mjs:13:1'
  failureType: 'testCodeFailure'
  error: 'ZASP_PROMTOOL_BIN must select the pinned Prometheus test tool'
  code: 'ERR_ASSERTION'
  name: 'AssertionError'
  expected: true
  operator: '=='
  stack: |-
    TestContext.<anonymous> (file:///Users/manishmaheshwari/Projects/zasp-sec/.worktrees/cached-runtime-ship-20260917/deploy/production/audit-export-alerts.test.mjs:17:10)
    async Test.run (node:internal/test_runner/test:1054:7)
    async startSubtestAfterBootstrap (node:internal/test_runner/harness:296:3)
  ...
# Subtest: exports have mode-specific dependency access and privately scraped healthy workers
ok 2 - exports have mode-specific dependency access and privately scraped healthy workers
  ---
  duration_ms: 721.633667
  type: 'test'
  ...
# Subtest: endpoint normalization rejects executable array entries without invoking them
ok 3 - endpoint normalization rejects executable array entries without invoking them
  ---
  duration_ms: 1.296792
  type: 'test'
  ...
# Subtest: exports refuse missing, broad or noncanonical endpoint snapshots
ok 4 - exports refuse missing, broad or noncanonical endpoint snapshots
  ---
  duration_ms: 5.557125
  type: 'test'
  ...
# Subtest: export workers have bounded scaling, spread and separate availability rules
    # Subtest: unbounded scale
    ok 1 - unbounded scale
      ---
      duration_ms: 4.081667
      type: 'test'
      ...
    # Subtest: wrong scale target
    ok 2 - wrong scale target
      ---
      duration_ms: 3.608709
      type: 'test'
      ...
    # Subtest: wrong spread selector
    ok 3 - wrong spread selector
      ---
      duration_ms: 3.188166
      type: 'test'
      ...
    # Subtest: disabled alert
    ok 4 - disabled alert
      ---
      duration_ms: 3.3915
      type: 'test'
      ...
    # Subtest: missing CPU request
    ok 5 - missing CPU request
      ---
      duration_ms: 3.130292
      type: 'test'
      ...
    # Subtest: recreate rollout
    ok 6 - recreate rollout
      ---
      duration_ms: 3.297917
      type: 'test'
      ...
    1..6
ok 5 - export workers have bounded scaling, spread and separate availability rules
  ---
  duration_ms: 726.006167
  type: 'test'
  ...
# Subtest: export normalization copies closed configuration and every historical policy
ok 6 - export normalization copies closed configuration and every historical policy
  ---
  duration_ms: 1.91725
  type: 'test'
  ...
# Subtest: export normalization refuses malformed authority before rendering
    # Subtest: null
    ok 1 - null
      ---
      duration_ms: 0.183041
      type: 'test'
      ...
    # Subtest: disabled
    ok 2 - disabled
      ---
      duration_ms: 0.077417
      type: 'test'
      ...
    # Subtest: alias
    ok 3 - alias
      ---
      duration_ms: 0.058791
      type: 'test'
      ...
    # Subtest: missing
    ok 4 - missing
      ---
      duration_ms: 0.058833
      type: 'test'
      ...
    # Subtest: role
    ok 5 - role
      ---
      duration_ms: 0.157167
      type: 'test'
      ...
    # Subtest: account
    ok 6 - account
      ---
      duration_ms: 0.539834
      type: 'test'
      ...
    # Subtest: region
    ok 7 - region
      ---
      duration_ms: 0.318958
      type: 'test'
      ...
    # Subtest: queue
    ok 8 - queue
      ---
      duration_ms: 0.191083
      type: 'test'
      ...
    # Subtest: secret
    ok 9 - secret
      ---
      duration_ms: 0.204
      type: 'test'
      ...
    # Subtest: principal
    ok 10 - principal
      ---
      duration_ms: 0.076583
      type: 'test'
      ...
    # Subtest: sharedPrincipal
    ok 11 - sharedPrincipal
      ---
      duration_ms: 0.062416
      type: 'test'
      ...
    # Subtest: previous
    ok 12 - previous
      ---
      duration_ms: 0.055791
      type: 'test'
      ...
    # Subtest: current
    ok 13 - current
      ---
      duration_ms: 0.095542
      type: 'test'
      ...
    # Subtest: unknownPolicy
    ok 14 - unknownPolicy
      ---
      duration_ms: 0.059125
      type: 'test'
      ...
    # Subtest: unsafeInteger
    ok 15 - unsafeInteger
      ---
      duration_ms: 0.06675
      type: 'test'
      ...
    # Subtest: numericString
    ok 16 - numericString
      ---
      duration_ms: 0.141542
      type: 'test'
      ...
    # Subtest: timeout
    ok 17 - timeout
      ---
      duration_ms: 0.058333
      type: 'test'
      ...
    # Subtest: duplicatePolicy
    ok 18 - duplicatePolicy
      ---
      duration_ms: 0.059333
      type: 'test'
      ...
    # Subtest: empty
    ok 19 - empty
      ---
      duration_ms: 0.051584
      type: 'test'
      ...
    # Subtest: symbol
    ok 20 - symbol
      ---
      duration_ms: 0.035708
      type: 'test'
      ...
    # Subtest: policyAlias
    ok 21 - policyAlias
      ---
      duration_ms: 0.058083
      type: 'test'
      ...
    # Subtest: policyGetter
    ok 22 - policyGetter
      ---
      duration_ms: 0.076166
      type: 'test'
      ...
    # Subtest: arrayProperty
    ok 23 - arrayProperty
      ---
      duration_ms: 0.061959
      type: 'test'
      ...
    1..23
ok 7 - export normalization refuses malformed authority before rendering
  ---
  duration_ms: 4.063833
  type: 'test'
  ...
# Subtest: normalization retains explicit prior selection and safe boundary values
ok 8 - normalization retains explicit prior selection and safe boundary values
  ---
  duration_ms: 0.12075
  type: 'test'
  ...
# Subtest: actual export manifests are pinned to independent expectations and reject authority mutations
    # Subtest: missingWorker
    ok 1 - missingWorker
      ---
      duration_ms: 2.182333
      type: 'test'
      ...
    # Subtest: duplicateWorker
    ok 2 - duplicateWorker
      ---
      duration_ms: 2.605708
      type: 'test'
      ...
    # Subtest: workerNamespace
    ok 3 - workerNamespace
      ---
      duration_ms: 1.971041
      type: 'test'
      ...
    # Subtest: serviceAccountNamespace
    ok 4 - serviceAccountNamespace
      ---
      duration_ms: 2.746458
      type: 'test'
      ...
    # Subtest: providerNamespace
    ok 5 - providerNamespace
      ---
      duration_ms: 2.714125
      type: 'test'
      ...
    # Subtest: hostNetwork
    ok 6 - hostNetwork
      ---
      duration_ms: 3.207792
      type: 'test'
      ...
    # Subtest: hostPID
    ok 7 - hostPID
      ---
      duration_ms: 2.477167
      type: 'test'
      ...
    # Subtest: hostIPC
    ok 8 - hostIPC
      ---
      duration_ms: 2.868583
      type: 'test'
      ...
    # Subtest: podRoot
    ok 9 - podRoot
      ---
      duration_ms: 2.301125
      type: 'test'
      ...
    # Subtest: privileged
    ok 10 - privileged
      ---
      duration_ms: 2.369875
      type: 'test'
      ...
    # Subtest: addedCapability
    ok 11 - addedCapability
      ---
      duration_ms: 2.357375
      type: 'test'
      ...
    # Subtest: internalPort
    ok 12 - internalPort
      ---
      duration_ms: 2.643291
      type: 'test'
      ...
    # Subtest: hostPort
    ok 13 - hostPort
      ---
      duration_ms: 2.815917
      type: 'test'
      ...
    # Subtest: workerMode
    ok 14 - workerMode
      ---
      duration_ms: 2.302709
      type: 'test'
      ...
    # Subtest: workerShell
    ok 15 - workerShell
      ---
      duration_ms: 2.369333
      type: 'test'
      ...
    # Subtest: workerEnvFrom
    ok 16 - workerEnvFrom
      ---
      duration_ms: 2.572333
      type: 'test'
      ...
    # Subtest: workerPolicy
    ok 17 - workerPolicy
      ---
      duration_ms: 2.202792
      type: 'test'
      ...
    # Subtest: workerToken
    ok 18 - workerToken
      ---
      duration_ms: 2.869167
      type: 'test'
      ...
    # Subtest: workerMount
    ok 19 - workerMount
      ---
      duration_ms: 2.462875
      type: 'test'
      ...
    # Subtest: role
    ok 20 - role
      ---
      duration_ms: 2.374167
      type: 'test'
      ...
    # Subtest: outboxPolicies
    ok 21 - outboxPolicies
      ---
      duration_ms: 2.247625
      type: 'test'
      ...
    # Subtest: duplicateEnv
    ok 22 - duplicateEnv
      ---
      duration_ms: 2.709042
      type: 'test'
      ...
    # Subtest: apiCursorShell
    ok 23 - apiCursorShell
      ---
      duration_ms: 2.669208
      type: 'test'
      ...
    # Subtest: apiCursorDuplicate
    ok 24 - apiCursorDuplicate
      ---
      duration_ms: 2.693125
      type: 'test'
      ...
    # Subtest: apiToken
    ok 25 - apiToken
      ---
      duration_ms: 2.547083
      type: 'test'
      ...
    # Subtest: migrationCommand
    ok 26 - migrationCommand
      ---
      duration_ms: 2.411792
      type: 'test'
      ...
    # Subtest: migrationPolicy
    ok 27 - migrationPolicy
      ---
      duration_ms: 2.411459
      type: 'test'
      ...
    # Subtest: secretObject
    ok 28 - secretObject
      ---
      duration_ms: 2.641125
      type: 'test'
      ...
    # Subtest: duplicateAlias
    ok 29 - duplicateAlias
      ---
      duration_ms: 3.223584
      type: 'test'
      ...
    # Subtest: webLeak
    ok 30 - webLeak
      ---
      duration_ms: 3.130125
      type: 'test'
      ...
    # Subtest: webMount
    ok 31 - webMount
      ---
      duration_ms: 3.187417
      type: 'test'
      ...
    # Subtest: hiddenSidecar
    ok 32 - hiddenSidecar
      ---
      duration_ms: 3.967334
      type: 'test'
      ...
    # Subtest: apiWorkerCredential
    ok 33 - apiWorkerCredential
      ---
      duration_ms: 5.642166
      type: 'test'
      ...
    # Subtest: apiWorkerMount
    ok 34 - apiWorkerMount
      ---
      duration_ms: 6.260625
      type: 'test'
      ...
    # Subtest: aliasMount
    ok 35 - aliasMount
      ---
      duration_ms: 2.611042
      type: 'test'
      ...
    # Subtest: cursorSync
    ok 36 - cursorSync
      ---
      duration_ms: 4.039084
      type: 'test'
      ...
    # Subtest: secretAlias
    ok 37 - secretAlias
      ---
      duration_ms: 3.214917
      type: 'test'
      ...
    # Subtest: absent configuration rejects enabled resources
    ok 38 - absent configuration rejects enabled resources
      ---
      duration_ms: 0.077459
      type: 'test'
      ...
    1..38
ok 9 - actual export manifests are pinned to independent expectations and reject authority mutations
  ---
  duration_ms: 734.422125
  type: 'test'
  ...
# Subtest: absent configuration rejects renamed export consumers and direct Secret settings
ok 10 - absent configuration rejects renamed export consumers and direct Secret settings
  ---
  duration_ms: 0.087292
  type: 'test'
  ...
# Subtest: direct Helm refuses unsafe endpoint ranges and can disable metric scraping
ok 11 - direct Helm refuses unsafe endpoint ranges and can disable metric scraping
  ---
  duration_ms: 1633.671542
  type: 'test'
  ...
# Subtest: export workers render isolated production modes with owned credentials
ok 12 - export workers render isolated production modes with owned credentials
  ---
  duration_ms: 111.23325
  type: 'test'
  ...
# Subtest: migration selects explicit policy and preserves canonical limits and predecessor
ok 13 - migration selects explicit policy and preserves canonical limits and predecessor
  ---
  duration_ms: 620.853458
  type: 'test'
  ...
# Subtest: migration integer limits are exact and malformed retained history is rejected
ok 14 - migration integer limits are exact and malformed retained history is rejected
  ---
  duration_ms: 629.736084
  type: 'test'
  ...
# Subtest: migration shell stops at credential read and each failed command
ok 15 - migration shell stops at credential read and each failed command
  ---
  duration_ms: 1313.389417
  type: 'test'
  ...
# Subtest: actual chart defaults disable exports and both precision phases retain bounded history
ok 16 - actual chart defaults disable exports and both precision phases retain bounded history
  ---
  duration_ms: 227.308708
  type: 'test'
  ...
# Subtest: API export configuration uses only reader policy and mounted cursor secret
ok 17 - API export configuration uses only reader policy and mounted cursor secret
  ---
  duration_ms: 569.705125
  type: 'test'
  ...
# Subtest: export workload activation refuses missing or incompatible authority
ok 18 - export workload activation refuses missing or incompatible authority
  ---
  duration_ms: 499.759291
  type: 'test'
  ...
# Subtest: export activation rejects malformed flags and deployment boundaries
ok 19 - export activation rejects malformed flags and deployment boundaries
  ---
  duration_ms: 393.93075
  type: 'test'
  ...
# Subtest: direct Helm rejects malformed compliance authority without the JS normalizer
    # Subtest: unknown
    ok 1 - unknown
      ---
      duration_ms: 58.533541
      type: 'test'
      ...
    # Subtest: disabled authority
    ok 2 - disabled authority
      ---
      duration_ms: 42.355459
      type: 'test'
      ...
    # Subtest: wrong schema
    ok 3 - wrong schema
      ---
      duration_ms: 42.46825
      type: 'test'
      ...
    # Subtest: future schema
    ok 4 - future schema
      ---
      duration_ms: 41.636958
      type: 'test'
      ...
    # Subtest: wrong phase
    ok 5 - wrong phase
      ---
      duration_ms: 41.579125
      type: 'test'
      ...
    # Subtest: wrong account
    ok 6 - wrong account
      ---
      duration_ms: 52.218208
      type: 'test'
      ...
    # Subtest: wrong region
    ok 7 - wrong region
      ---
      duration_ms: 46.254458
      type: 'test'
      ...
    # Subtest: role collision
    ok 8 - role collision
      ---
      duration_ms: 39.63575
      type: 'test'
      ...
    # Subtest: prior identity
    ok 9 - prior identity
      ---
      duration_ms: 48.737417
      type: 'test'
      ...
    # Subtest: prior DSN
    ok 10 - prior DSN
      ---
      duration_ms: 79.001625
      type: 'test'
      ...
    # Subtest: prior bucket
    ok 11 - prior bucket
      ---
      duration_ms: 59.102334
      type: 'test'
      ...
    # Subtest: newline principal
    ok 12 - newline principal
      ---
      duration_ms: 46.18975
      type: 'test'
      ...
    # Subtest: metadata CIDR
    ok 13 - metadata CIDR
      ---
      duration_ms: 40.706833
      type: 'test'
      ...
    # Subtest: overlapping CIDRs
    ok 14 - overlapping CIDRs
      ---
      duration_ms: 36.205375
      type: 'test'
      ...
    # Subtest: monitor disabled
    ok 15 - monitor disabled
      ---
      duration_ms: 37.319041
      type: 'test'
      ...
    # Subtest: grace too long
    ok 16 - grace too long
      ---
      duration_ms: 58.401166
      type: 'test'
      ...
    1..16
ok 20 - direct Helm rejects malformed compliance authority without the JS normalizer
  ---
  duration_ms: 927.517959
  type: 'test'
  ...
# Subtest: migration uses the published registration environment names
ok 21 - migration uses the published registration environment names
  ---
  duration_ms: 458.799084
  type: 'test'
  ...
# Subtest: closed compliance input refuses authority confusion and snapshots before await
ok 22 - closed compliance input refuses authority confusion and snapshots before await
  ---
  duration_ms: 424.080084
  type: 'test'
  ...
# Subtest: rendered compliance rejects authority, sidecar, readiness and additive network mutations
    # Subtest: unreviewed pinned image
    ok 1 - unreviewed pinned image
      ---
      duration_ms: 2.716375
      type: 'test'
      ...
    # Subtest: writer swapped
    ok 2 - writer swapped
      ---
      duration_ms: 2.494542
      type: 'test'
      ...
    # Subtest: DSN swapped
    ok 3 - DSN swapped
      ---
      duration_ms: 2.904292
      type: 'test'
      ...
    # Subtest: schema requirement removed
    ok 4 - schema requirement removed
      ---
      duration_ms: 14.050875
      type: 'test'
      ...
    # Subtest: worker authority on API
    ok 5 - worker authority on API
      ---
      duration_ms: 2.872916
      type: 'test'
      ...
    # Subtest: sidecar
    ok 6 - sidecar
      ---
      duration_ms: 2.690875
      type: 'test'
      ...
    # Subtest: envFrom
    ok 7 - envFrom
      ---
      duration_ms: 2.801083
      type: 'test'
      ...
    # Subtest: host network
    ok 8 - host network
      ---
      duration_ms: 2.660041
      type: 'test'
      ...
    # Subtest: cross-workload mount
    ok 9 - cross-workload mount
      ---
      duration_ms: 7.305375
      type: 'test'
      ...
    # Subtest: migration ordering
    ok 10 - migration ordering
      ---
      duration_ms: 2.916834
      type: 'test'
      ...
    # Subtest: readiness weakened
    ok 11 - readiness weakened
      ---
      duration_ms: 2.7855
      type: 'test'
      ...
    # Subtest: memory request removed
    ok 12 - memory request removed
      ---
      duration_ms: 2.878666
      type: 'test'
      ...
    # Subtest: unbounded HPA
    ok 13 - unbounded HPA
      ---
      duration_ms: 2.40475
      type: 'test'
      ...
    # Subtest: monitor absent
    ok 14 - monitor absent
      ---
      duration_ms: 2.586542
      type: 'test'
      ...
    # Subtest: broad expected selector
    ok 15 - broad expected selector
      ---
      duration_ms: 2.508458
      type: 'test'
      ...
    # Subtest: broad egress
    ok 16 - broad egress
      ---
      duration_ms: 2.844583
      type: 'test'
      ...
    # Subtest: unnamed broad policy
    ok 17 - unnamed broad policy
      ---
      duration_ms: 3.581625
      type: 'test'
      ...
    # Subtest: malformed unselected selector
    ok 18 - malformed unselected selector
      ---
      duration_ms: 2.661208
      type: 'test'
      ...
    # Subtest: group RBAC
    ok 19 - group RBAC
      ---
      duration_ms: 2.53025
      type: 'test'
      ...
    # Subtest: cross namespace RBAC
    ok 20 - cross namespace RBAC
      ---
      duration_ms: 2.459416
      type: 'test'
      ...
    1..20
ok 23 - rendered compliance rejects authority, sidecar, readiness and additive network mutations
  ---
  duration_ms: 1011.602292
  type: 'test'
  ...
# Subtest: compliance56 coexists with both optional predecessors in both phases
ok 24 - compliance56 coexists with both optional predecessors in both phases
  ---
  duration_ms: 7369.563959
  type: 'test'
  ...
# Subtest: schema55 predecessors still render and57 stays closed
ok 25 - schema55 predecessors still render and57 stays closed
  ---
  duration_ms: 454.172666
  type: 'test'
  ...
# Subtest: real Go loaders consume enabled and disabled rendered compliance environments
ok 26 - real Go loaders consume enabled and disabled rendered compliance environments
  ---
  duration_ms: 8353.317542
  type: 'test'
  ...
# === RUN   TestComplianceDeploymentRenderedAPIConfig\\n=== RUN   TestComplianceDeploymentRenderedAPIConfig/enabled\\n    compliance_deployment_config_test.go:113: real API loader accepted untouched rendered env; synthetic CSI values only: enabled\\n=== RUN   TestComplianceDeploymentRenderedAPIConfig/disabled\\n    compliance_deployment_config_test.go:113: real API loader accepted untouched rendered env; synthetic CSI values only: disabled\\n--- PASS: TestComplianceDeploymentRenderedAPIConfig (0.06s)\\n    --- PASS: TestComplianceDeploymentRenderedAPIConfig/enabled (0.01s)\\n    --- PASS: TestComplianceDeploymentRenderedAPIConfig/disabled (0.00s)\\nPASS\\nok  \\tgithub.com/zasp-ai/zasp-sec/services/platform/agentsec-api\\t1.962s\\n=== RUN   TestComplianceDeploymentRenderedWorkerConfig\\n=== RUN   TestComplianceDeploymentRenderedWorkerConfig/zasp-compliance-export-worker\\n    compliance_deployment_config_test.go:89: real worker loader accepted untouched rendered env; synthetic DSN and metadata.name only\\n=== RUN   TestComplianceDeploymentRenderedWorkerConfig/zasp-compliance-cleanup-worker\\n    compliance_deployment_config_test.go:89: real worker loader accepted untouched rendered env; synthetic DSN and metadata.name only\\n--- PASS: TestComplianceDeploymentRenderedWorkerConfig (0.05s)\\n    --- PASS: TestComplianceDeploymentRenderedWorkerConfig/zasp-compliance-export-worker (0.00s)\\n    --- PASS: TestComplianceDeploymentRenderedWorkerConfig/zasp-compliance-cleanup-worker (0.00s)\\nPASS\\nok  \\tgithub.com/zasp-ai/zasp-sec/services/platform/agentsec-worker\\t3.840s\\n
# Subtest: release removes its owned export values after Helm success or refusal
ok 27 - release removes its owned export values after Helm success or refusal
  ---
  duration_ms: 1172.246875
  type: 'test'
  ...
# Subtest: release owns its export configuration while Helm runs
ok 28 - release owns its export configuration while Helm runs
  ---
  duration_ms: 577.47425
  type: 'test'
  ...
# Subtest: release refuses export activation outside its approved schema and phase
ok 29 - release refuses export activation outside its approved schema and phase
  ---
  duration_ms: 1.841209
  type: 'test'
  ...
# Subtest: full release renders export API workers and selected migration policy together
ok 30 - full release renders export API workers and selected migration policy together
  ---
  duration_ms: 519.307041
  type: 'test'
  ...
# Subtest: routing release requires the dual-version correlation worker
ok 31 - routing release requires the dual-version correlation worker
  ---
  duration_ms: 501.940917
  type: 'test'
  ...
# Subtest: sandbox compatibility staging explicitly pins49 before future activation
ok 32 - sandbox compatibility staging explicitly pins49 before future activation
  ---
  duration_ms: 475.104083
  type: 'test'
  ...
# Subtest: compatibility staging explicitly pins48 without activating routing
ok 33 - compatibility staging explicitly pins48 without activating routing
  ---
  duration_ms: 420.790333
  type: 'test'
  ...
# Subtest: production CI runs sensor lineage and authenticated replay regressions
ok 34 - production CI runs sensor lineage and authenticated replay regressions
  ---
  duration_ms: 2.232458
  type: 'test'
  ...
# Subtest: customer edge selects precise source only explicitly
ok 35 - customer edge selects precise source only explicitly
  ---
  duration_ms: 347.079167
  type: 'test'
  ...
# Subtest: customer edge isolates lineage producer, consumer and layout initialization
ok 36 - customer edge isolates lineage producer, consumer and layout initialization
  ---
  duration_ms: 183.324208
  type: 'test'
  ...
# Subtest: session query API IAM grants only fixed read endpoints
ok 37 - session query API IAM grants only fixed read endpoints
  ---
  duration_ms: 2.37
  type: 'test'
  ...
# Subtest: runtime session search bootstrap and worker IAM have separate fixed paths
ok 38 - runtime session search bootstrap and worker IAM have separate fixed paths
  ---
  duration_ms: 2.162042
  type: 'test'
  ...
# Subtest: Attack Lab release requires a separate same-account test role
ok 39 - Attack Lab release requires a separate same-account test role
  ---
  duration_ms: 1.278792
  type: 'test'
  ...
# Subtest: Attack Lab test IAM identity trusts only its run service account and denies cloud permissions
ok 40 - Attack Lab test IAM identity trusts only its run service account and denies cloud permissions
  ---
  duration_ms: 1.332416
  type: 'test'
  ...
# Subtest: Attack Lab routes image pulls through its own bucket-restricted S3 endpoint
ok 41 - Attack Lab routes image pulls through its own bucket-restricted S3 endpoint
  ---
  duration_ms: 1.375833
  type: 'test'
  ...
# Subtest: Attack Lab security group consumes the executable bounded egress contract
ok 42 - Attack Lab security group consumes the executable bounded egress contract
  ---
  duration_ms: 2.199875
  type: 'test'
  ...
# Subtest: production container builds are exact, non-root, health-bound, and secret-free
ok 43 - production container builds are exact, non-root, health-bound, and secret-free
  ---
  duration_ms: 5.210708
  type: 'test'
  ...
# Subtest: customer edge renders database-free gateway, multi-node sensor, and pinned Tetragon
ok 44 - customer edge renders database-free gateway, multi-node sensor, and pinned Tetragon
  ---
  duration_ms: 117.921375
  type: 'test'
  ...
# Subtest: customer edge rejects mutable sensors, broad networks, shared secrets, and ambient state
ok 45 - customer edge rejects mutable sensors, broad networks, shared secrets, and ambient state
  ---
  duration_ms: 0.45675
  type: 'test'
  ...
# Subtest: production release renders private Nango dependency plus a fail-closed local Collector
ok 46 - production release renders private Nango dependency plus a fail-closed local Collector
  ---
  duration_ms: 1566.822083
  type: 'test'
  ...
# Subtest: rendered release rejects an unreviewed job identity
ok 47 - rendered release rejects an unreviewed job identity
  ---
  duration_ms: 568.483166
  type: 'test'
  ...
# Subtest: Grafana and New Relic Collector overlays bound remote failure with one exact secret
ok 48 - Grafana and New Relic Collector overlays bound remote failure with one exact secret
  ---
  duration_ms: 728.117875
  type: 'test'
  ...
# Subtest: release renders one TLS origin, split ports, private internals, and migration/schema gates
ok 49 - release renders one TLS origin, split ports, private internals, and migration/schema gates
  ---
  duration_ms: 390.949167
  type: 'test'
  ...
# Subtest: release runs the security agent with one exact database authority
ok 50 - release runs the security agent with one exact database authority
  ---
  duration_ms: 362.347
  type: 'test'
  ...
# Subtest: release runs temporary policy actions with a separate signing identity
ok 51 - release runs temporary policy actions with a separate signing identity
  ---
  duration_ms: 349.355375
  type: 'test'
  ...
# Subtest: release deploys the central policy writer with one exact signing identity
ok 52 - release deploys the central policy writer with one exact signing identity
  ---
  duration_ms: 408.710375
  type: 'test'
  ...
# Subtest: release applies non-root rollout, zone and host spread, drain, PDB, and default-deny policies
ok 53 - release applies non-root rollout, zone and host spread, drain, PDB, and default-deny policies
  ---
  duration_ms: 347.91775
  type: 'test'
  ...
# Subtest: release ships the complete v15 runtime data plane behind exact workload authorities
ok 54 - release ships the complete v15 runtime data plane behind exact workload authorities
  ---
  duration_ms: 378.309042
  type: 'test'
  ...
# Subtest: release gives the runtime data plane bounded ingress and dependency egress
ok 55 - release gives the runtime data plane bounded ingress and dependency egress
  ---
  duration_ms: 349.521625
  type: 'test'
  ...
# Subtest: release monitors, scales, and independently alerts every runtime workload
ok 56 - release monitors, scales, and independently alerts every runtime workload
  ---
  duration_ms: 340.665416
  type: 'test'
  ...
# Subtest: release mounts distinct risk and graph projections behind exact DB, Neo4j, and schema authorities
ok 57 - release mounts distinct risk and graph projections behind exact DB, Neo4j, and schema authorities
  ---
  duration_ms: 350.845667
  type: 'test'
  ...
# Subtest: release isolates the discovery outbox publisher behind exact DB, queue, and web-identity authority
ok 58 - release isolates the discovery outbox publisher behind exact DB, queue, and web-identity authority
  ---
  duration_ms: 357.819625
  type: 'test'
  ...
# Subtest: release mounts one readiness-gated discovery worker with exact provider and artifact authority
ok 59 - release mounts one readiness-gated discovery worker with exact provider and artifact authority
  ---
  duration_ms: 345.497
  type: 'test'
  ...
# Subtest: release isolates the red team outbox runner and tenant target adapter
ok 60 - release isolates the red team outbox runner and tenant target adapter
  ---
  duration_ms: 343.772834
  type: 'test'
  ...
# Subtest: release isolates Attack Lab execution behind a proxy-only Fargate authority
ok 61 - release isolates Attack Lab execution behind a proxy-only Fargate authority
  ---
  duration_ms: 408.280917
  type: 'test'
  ...
# Subtest: release gives only API an explicit connector identity, reference-only config, and bounded provider egress
ok 62 - release gives only API an explicit connector identity, reference-only config, and bounded provider egress
  ---
  duration_ms: 378.946542
  type: 'test'
  ...
# Subtest: release gives finding tickets exact API-only webhook egress and secret-read authority
ok 63 - release gives finding tickets exact API-only webhook egress and secret-read authority
  ---
  duration_ms: 367.118667
  type: 'test'
  ...
# Subtest: release renders read-only synthetic and exact SLO budgets without credential values
ok 64 - release renders read-only synthetic and exact SLO budgets without credential values
  ---
  duration_ms: 388.054542
  type: 'test'
  ...
# Subtest: release rejects unpinned images and hostile public identifiers
ok 65 - release rejects unpinned images and hostile public identifiers
  ---
  duration_ms: 385.14725
  type: 'test'
  ...
# Subtest: terraform binds each shipped secret consumer to one exact least-privilege IRSA role
ok 66 - terraform binds each shipped secret consumer to one exact least-privilege IRSA role
  ---
  duration_ms: 4.448083
  type: 'test'
  ...
# Subtest: terraform isolates connector mutation and reference authorization behind one API-only web-identity role
ok 67 - terraform isolates connector mutation and reference authorization behind one API-only web-identity role
  ---
  duration_ms: 2.069583
  type: 'test'
  ...
# Subtest: terraform isolates red team queue evidence and target credentials behind three identities
ok 68 - terraform isolates red team queue evidence and target credentials behind three identities
  ---
  duration_ms: 0.916041
  type: 'test'
  ...
# Subtest: terraform isolates Attack Lab queue evidence proxy and runner pod networks
ok 69 - terraform isolates Attack Lab queue evidence proxy and runner pod networks
  ---
  duration_ms: 1.951375
  type: 'test'
  ...
# Subtest: terraform provisions the exact encrypted v15 runtime plane and isolated identities
ok 70 - terraform provisions the exact encrypted v15 runtime plane and isolated identities
  ---
  duration_ms: 1.399375
  type: 'test'
  ...
# Subtest: production recovery renders isolated inert workers and least-privilege cloud authority
ok 71 - production recovery renders isolated inert workers and least-privilege cloud authority
  ---
  duration_ms: 376.985667
  type: 'test'
  ...
# Subtest: security-agent schema53 preserves precision-consumers, exports=false
ok 72 - security-agent schema53 preserves precision-consumers, exports=false
  ---
  duration_ms: 680.644042
  type: 'test'
  ...
# Subtest: security-agent schema53 preserves precision-consumers, exports=true
ok 73 - security-agent schema53 preserves precision-consumers, exports=true
  ---
  duration_ms: 585.827083
  type: 'test'
  ...
# Subtest: security-agent schema53 preserves precision-intake, exports=false
ok 74 - security-agent schema53 preserves precision-intake, exports=false
  ---
  duration_ms: 400.5085
  type: 'test'
  ...
# Subtest: security-agent schema53 preserves precision-intake, exports=true
ok 75 - security-agent schema53 preserves precision-intake, exports=true
  ---
  duration_ms: 399.11125
  type: 'test'
  ...
# Subtest: security-agent schema54 preserves precision-consumers, exports=false
ok 76 - security-agent schema54 preserves precision-consumers, exports=false
  ---
  duration_ms: 357.527041
  type: 'test'
  ...
# Subtest: security-agent schema54 preserves precision-consumers, exports=true
ok 77 - security-agent schema54 preserves precision-consumers, exports=true
  ---
  duration_ms: 393.681542
  type: 'test'
  ...
# Subtest: security-agent schema54 preserves precision-intake, exports=false
ok 78 - security-agent schema54 preserves precision-intake, exports=false
  ---
  duration_ms: 357.331875
  type: 'test'
  ...
# Subtest: security-agent schema54 preserves precision-intake, exports=true
ok 79 - security-agent schema54 preserves precision-intake, exports=true
  ---
  duration_ms: 466.591625
  type: 'test'
  ...
# Subtest: budget release keeps default49 and rejects implicit or future phases
ok 80 - budget release keeps default49 and rejects implicit or future phases
  ---
  duration_ms: 359.036084
  type: 'test'
  ...
# Subtest: schema55 retains precision-consumers and audit exports=false with reconciler disabled
ok 81 - schema55 retains precision-consumers and audit exports=false with reconciler disabled
  ---
  duration_ms: 757.174334
  type: 'test'
  ...
# Subtest: schema55 retains precision-consumers and audit exports=true with reconciler disabled
ok 82 - schema55 retains precision-consumers and audit exports=true with reconciler disabled
  ---
  duration_ms: 864.345709
  type: 'test'
  ...
# Subtest: schema55 retains precision-intake and audit exports=false with reconciler disabled
ok 83 - schema55 retains precision-intake and audit exports=false with reconciler disabled
  ---
  duration_ms: 799.046791
  type: 'test'
  ...
# Subtest: schema55 retains precision-intake and audit exports=true with reconciler disabled
ok 84 - schema55 retains precision-intake and audit exports=true with reconciler disabled
  ---
  duration_ms: 802.982333
  type: 'test'
  ...
# Subtest: audit schema52 preserves precision-consumers without activating export workloads
ok 85 - audit schema52 preserves precision-consumers without activating export workloads
  ---
  duration_ms: 727.931041
  type: 'test'
  ...
# Subtest: audit schema52 preserves precision-intake without activating export workloads
ok 86 - audit schema52 preserves precision-intake without activating export workloads
  ---
  duration_ms: 787.52725
  type: 'test'
  ...
# Subtest: audit schema52 requires an explicit supported precision phase
ok 87 - audit schema52 requires an explicit supported precision phase
  ---
  duration_ms: 2.18075
  type: 'test'
  ...
# Subtest: precision intake changes only admitted schema after consumer upgrade
ok 88 - precision intake changes only admitted schema after consumer upgrade
  ---
  duration_ms: 758.346291
  type: 'test'
  ...
# Subtest: precision consumers install51 with dual readers while intake remains v1
ok 89 - precision consumers install51 with dual readers while intake remains v1
  ---
  duration_ms: 412.957375
  type: 'test'
  ...
# Subtest: session search backfill keeps independent v1 and v2 resources
ok 90 - session search backfill keeps independent v1 and v2 resources
  ---
  duration_ms: 465.62875
  type: 'test'
  ...
# Subtest: session search query keeps independent v1 and v2 resources
ok 91 - session search query keeps independent v1 and v2 resources
  ---
  duration_ms: 403.070084
  type: 'test'
  ...
# Subtest: compatibility keeps only v1 and rejects mixed phase/schema selections
ok 92 - compatibility keeps only v1 and rejects mixed phase/schema selections
  ---
  duration_ms: 329.04275
  type: 'test'
  ...
# Subtest: historical phases reject accidental precision producer and consumer selectors
ok 93 - historical phases reject accidental precision producer and consumer selectors
  ---
  duration_ms: 382.279666
  type: 'test'
  ...
# Subtest: rendered reconciler alerts fire for failed or absent targets and clear on recovery
not ok 94 - rendered reconciler alerts fire for failed or absent targets and clear on recovery
  ---
  duration_ms: 373.793333
  type: 'test'
  location: '/Users/manishmaheshwari/Projects/zasp-sec/.worktrees/cached-runtime-ship-20260917/deploy/production/test-reconciler-alerts.test.mjs:13:1'
  failureType: 'testCodeFailure'
  error: 'ZASP_PROMTOOL_BIN must select the pinned Prometheus test tool'
  code: 'ERR_ASSERTION'
  name: 'AssertionError'
  expected: true
  operator: '=='
  stack: |-
    TestContext.<anonymous> (file:///Users/manishmaheshwari/Projects/zasp-sec/.worktrees/cached-runtime-ship-20260917/deploy/production/test-reconciler-alerts.test.mjs:17:10)
    async Test.run (node:internal/test_runner/test:1054:7)
    async startSubtestAfterBootstrap (node:internal/test_runner/harness:296:3)
  ...
# Subtest: full release reconciler opt-in pins workload authority and rejects tampering
ok 95 - full release reconciler opt-in pins workload authority and rejects tampering
  ---
  duration_ms: 513.521791
  type: 'test'
  ...
# Subtest: reconciler refuses indirect RBAC grants through authenticated service-account groups
ok 96 - reconciler refuses indirect RBAC grants through authenticated service-account groups
  ---
  duration_ms: 391.101041
  type: 'test'
  ...
# Subtest: reconciler composes with audit exports in both precision phases
ok 97 - reconciler composes with audit exports in both precision phases
  ---
  duration_ms: 801.733417
  type: 'test'
  ...
# Subtest: reconciler metrics remain private and retain unready targets for alerting
ok 98 - reconciler metrics remain private and retain unready targets for alerting
  ---
  duration_ms: 433.062292
  type: 'test'
  ...
# Subtest: reconciler rejects terminal newlines in authority strings
ok 99 - reconciler rejects terminal newlines in authority strings
  ---
  duration_ms: 0.232541
  type: 'test'
  ...
# Subtest: reconciler configuration is explicit and snapshots all authority inputs
ok 100 - reconciler configuration is explicit and snapshots all authority inputs
  ---
  duration_ms: 0.163792
  type: 'test'
  ...
# Subtest: reconciler rejects ambiguous and cross-account authority
ok 101 - reconciler rejects ambiguous and cross-account authority
  ---
  duration_ms: 0.431
  type: 'test'
  ...
# Subtest: reconciler rejects unsafe endpoint snapshots and never invokes input accessors
ok 102 - reconciler rejects unsafe endpoint snapshots and never invokes input accessors
  ---
  duration_ms: 3.381
  type: 'test'
  ...
# Subtest: reconciler network validator rejects widened dependencies and additive policies
ok 103 - reconciler network validator rejects widened dependencies and additive policies
  ---
  duration_ms: 452.8585
  type: 'test'
  ...
# Subtest: shared chart policies cannot broaden the reconciler DNS-only allowance
ok 104 - shared chart policies cannot broaden the reconciler DNS-only allowance
  ---
  duration_ms: 379.455916
  type: 'test'
  ...
# Subtest: reconciler is opt-in and refuses incompatible deployment authority
ok 105 - reconciler is opt-in and refuses incompatible deployment authority
  ---
  duration_ms: 546.4095
  type: 'test'
  ...
# Subtest: reconciler renders isolated credentials, fixed runtime and bounded shutdown
ok 106 - reconciler renders isolated credentials, fixed runtime and bounded shutdown
  ---
  duration_ms: 44.980375
  type: 'test'
  ...
# Subtest: turning chart monitoring off removes scrape resources and closes ingress
ok 107 - turning chart monitoring off removes scrape resources and closes ingress
  ---
  duration_ms: 39.979792
  type: 'test'
  ...
# Subtest: reconciler egress is closed to declared database and cloud ranges plus cluster DNS
ok 108 - reconciler egress is closed to declared database and cloud ranges plus cluster DNS
  ---
  duration_ms: 1596.223791
  type: 'test'
  ...
# Subtest: embedded migration release has explicit compatibility and forward chart phases
ok 109 - embedded migration release has explicit compatibility and forward chart phases
  ---
  duration_ms: 5645.137375
  type: 'test'
  ...
# Subtest: staging deployment binds thirty-two deployments and every init/runner/canary identity to one account
ok 110 - staging deployment binds thirty-two deployments and every init/runner/canary identity to one account
  ---
  duration_ms: 0.98775
  type: 'test'
  ...
# Subtest: staging evidence is deterministic, credential-free, and gates exact private readiness
ok 111 - staging evidence is deterministic, credential-free, and gates exact private readiness
  ---
  duration_ms: 5.853666
  type: 'test'
  ...
# Subtest: staging deployment forbids missing and inherited sandbox roles
ok 112 - staging deployment forbids missing and inherited sandbox roles
  ---
  duration_ms: 0.104834
  type: 'test'
  ...
1..112
# tests 215
# suites 0
# pass 213
# fail 2
# cancelled 0
# skipped 0
# todo 0
# duration_ms 18739.974084
