TAP version 13
# Subtest: direct Helm rejects malformed compliance authority without the JS normalizer
    # Subtest: unknown
    ok 1 - unknown
      ---
      duration_ms: 39.986375
      type: 'test'
      ...
    # Subtest: disabled authority
    ok 2 - disabled authority
      ---
      duration_ms: 34.129833
      type: 'test'
      ...
    # Subtest: wrong schema
    ok 3 - wrong schema
      ---
      duration_ms: 33.45325
      type: 'test'
      ...
    # Subtest: future schema
    ok 4 - future schema
      ---
      duration_ms: 33.336208
      type: 'test'
      ...
    # Subtest: wrong phase
    ok 5 - wrong phase
      ---
      duration_ms: 57.07875
      type: 'test'
      ...
    # Subtest: wrong account
    ok 6 - wrong account
      ---
      duration_ms: 36.546792
      type: 'test'
      ...
    # Subtest: wrong region
    ok 7 - wrong region
      ---
      duration_ms: 32.759792
      type: 'test'
      ...
    # Subtest: role collision
    ok 8 - role collision
      ---
      duration_ms: 33.144917
      type: 'test'
      ...
    # Subtest: prior identity
    ok 9 - prior identity
      ---
      duration_ms: 43.1095
      type: 'test'
      ...
    # Subtest: prior DSN
    ok 10 - prior DSN
      ---
      duration_ms: 34.731291
      type: 'test'
      ...
    # Subtest: prior bucket
    ok 11 - prior bucket
      ---
      duration_ms: 34.018459
      type: 'test'
      ...
    # Subtest: newline principal
    ok 12 - newline principal
      ---
      duration_ms: 39.266833
      type: 'test'
      ...
    # Subtest: metadata CIDR
    ok 13 - metadata CIDR
      ---
      duration_ms: 32.570167
      type: 'test'
      ...
    # Subtest: overlapping CIDRs
    ok 14 - overlapping CIDRs
      ---
      duration_ms: 37.183583
      type: 'test'
      ...
    # Subtest: monitor disabled
    ok 15 - monitor disabled
      ---
      duration_ms: 31.900583
      type: 'test'
      ...
    # Subtest: grace too long
    ok 16 - grace too long
      ---
      duration_ms: 42.470042
      type: 'test'
      ...
    1..16
ok 1 - direct Helm rejects malformed compliance authority without the JS normalizer
  ---
  duration_ms: 941.551167
  type: 'test'
  ...
# Subtest: migration uses the published registration environment names
ok 2 - migration uses the published registration environment names
  ---
  duration_ms: 615.256375
  type: 'test'
  ...
# Subtest: closed compliance input refuses authority confusion and snapshots before await
ok 3 - closed compliance input refuses authority confusion and snapshots before await
  ---
  duration_ms: 356.666584
  type: 'test'
  ...
# Subtest: rendered compliance rejects authority, sidecar, readiness and additive network mutations
    # Subtest: unreviewed pinned image
    ok 1 - unreviewed pinned image
      ---
      duration_ms: 2.570167
      type: 'test'
      ...
    # Subtest: writer swapped
    ok 2 - writer swapped
      ---
      duration_ms: 2.392416
      type: 'test'
      ...
    # Subtest: DSN swapped
    ok 3 - DSN swapped
      ---
      duration_ms: 2.563625
      type: 'test'
      ...
    # Subtest: schema requirement removed
    ok 4 - schema requirement removed
      ---
      duration_ms: 11.326333
      type: 'test'
      ...
    # Subtest: worker authority on API
    ok 5 - worker authority on API
      ---
      duration_ms: 2.622041
      type: 'test'
      ...
    # Subtest: sidecar
    ok 6 - sidecar
      ---
      duration_ms: 2.695833
      type: 'test'
      ...
    # Subtest: envFrom
    ok 7 - envFrom
      ---
      duration_ms: 2.575708
      type: 'test'
      ...
    # Subtest: host network
    ok 8 - host network
      ---
      duration_ms: 2.398833
      type: 'test'
      ...
    # Subtest: cross-workload mount
    ok 9 - cross-workload mount
      ---
      duration_ms: 5.75075
      type: 'test'
      ...
    # Subtest: migration ordering
    ok 10 - migration ordering
      ---
      duration_ms: 2.602709
      type: 'test'
      ...
    # Subtest: readiness weakened
    ok 11 - readiness weakened
      ---
      duration_ms: 2.361667
      type: 'test'
      ...
    # Subtest: memory request removed
    ok 12 - memory request removed
      ---
      duration_ms: 2.424791
      type: 'test'
      ...
    # Subtest: unbounded HPA
    ok 13 - unbounded HPA
      ---
      duration_ms: 2.103291
      type: 'test'
      ...
    # Subtest: monitor absent
    ok 14 - monitor absent
      ---
      duration_ms: 2.245625
      type: 'test'
      ...
    # Subtest: broad expected selector
    ok 15 - broad expected selector
      ---
      duration_ms: 2.048459
      type: 'test'
      ...
    # Subtest: broad egress
    ok 16 - broad egress
      ---
      duration_ms: 2.197583
      type: 'test'
      ...
    # Subtest: unnamed broad policy
    ok 17 - unnamed broad policy
      ---
      duration_ms: 2.416125
      type: 'test'
      ...
    # Subtest: malformed unselected selector
    ok 18 - malformed unselected selector
      ---
      duration_ms: 2.27525
      type: 'test'
      ...
    # Subtest: group RBAC
    ok 19 - group RBAC
      ---
      duration_ms: 2.172708
      type: 'test'
      ...
    # Subtest: cross namespace RBAC
    ok 20 - cross namespace RBAC
      ---
      duration_ms: 2.144083
      type: 'test'
      ...
    1..20
ok 4 - rendered compliance rejects authority, sidecar, readiness and additive network mutations
  ---
  duration_ms: 764.204291
  type: 'test'
  ...
# Subtest: compliance56 coexists with both optional predecessors in both phases
ok 5 - compliance56 coexists with both optional predecessors in both phases
  ---
  duration_ms: 5974.339709
  type: 'test'
  ...
# Subtest: schema55 predecessors still render and57 stays closed
ok 6 - schema55 predecessors still render and57 stays closed
  ---
  duration_ms: 382.790084
  type: 'test'
  ...
1..6
# tests 42
# suites 0
# pass 42
# fail 0
# cancelled 0
# skipped 0
# todo 0
# duration_ms 8157.8115
