=== RUN   TestComplianceDeploymentBinaryOwnedPostgres
    compliance_deployment_postgres_test.go:82: actual CLI: bootstrap exact56 through published migration command
    compliance_deployment_postgres_test.go:96: registered migration session verified: LOGIN INHERIT, NOSUPERUSER NOCREATEDB NOCREATEROLE NOREPLICATION NOBYPASSRLS
    compliance_deployment_postgres_test.go:168: actual CLI: invalid56 checksum/register-audit-export-api
    compliance_deployment_postgres_test.go:168: actual CLI: invalid56 checksum/register-audit-export-workers
    compliance_deployment_postgres_test.go:168: actual CLI: invalid56 checksum/configure-audit-exports
    compliance_deployment_postgres_test.go:168: actual CLI: invalid56 checksum/register-compliance-workers
    compliance_deployment_postgres_test.go:171: actual CLI chain up-to-56 -> audit API -> audit workers -> audit policy -> compliance workers; success: false
    compliance_deployment_postgres_test.go:168: actual CLI: unavailable56 readiness/register-audit-export-api
    compliance_deployment_postgres_test.go:168: actual CLI: unavailable56 readiness/register-audit-export-workers
    compliance_deployment_postgres_test.go:168: actual CLI: unavailable56 readiness/configure-audit-exports
    compliance_deployment_postgres_test.go:168: actual CLI: unavailable56 readiness/register-compliance-workers
    compliance_deployment_postgres_test.go:171: actual CLI chain up-to-56 -> audit API -> audit workers -> audit policy -> compliance workers; success: false
    compliance_deployment_postgres_test.go:142: actual CLI chain up-to-56 -> audit API -> audit workers -> audit policy -> compliance workers; success: true
    compliance_deployment_postgres_test.go:154: both systems have exact independent bindings; audit policy selected; compiled56 readiness true
    compliance_deployment_postgres_test.go:156: actual CLI chain up-to-56 -> audit API -> audit workers -> audit policy -> compliance workers; success: true
    compliance_deployment_postgres_test.go:168: actual CLI: invalid56 checksum/register-audit-export-api
    compliance_deployment_postgres_test.go:168: actual CLI: invalid56 checksum/register-audit-export-workers
    compliance_deployment_postgres_test.go:168: actual CLI: invalid56 checksum/configure-audit-exports
    compliance_deployment_postgres_test.go:168: actual CLI: invalid56 checksum/register-compliance-workers
    compliance_deployment_postgres_test.go:171: actual CLI chain up-to-56 -> audit API -> audit workers -> audit policy -> compliance workers; success: false
    compliance_deployment_postgres_test.go:168: actual CLI: unavailable56 readiness/register-audit-export-api
    compliance_deployment_postgres_test.go:168: actual CLI: unavailable56 readiness/register-audit-export-workers
    compliance_deployment_postgres_test.go:168: actual CLI: unavailable56 readiness/configure-audit-exports
    compliance_deployment_postgres_test.go:168: actual CLI: unavailable56 readiness/register-compliance-workers
    compliance_deployment_postgres_test.go:171: actual CLI chain up-to-56 -> audit API -> audit workers -> audit policy -> compliance workers; success: false
--- PASS: TestComplianceDeploymentBinaryOwnedPostgres (10.80s)
PASS
