TAP version 13
# Subtest: migration uses the published registration environment names
not ok 1 - migration uses the published registration environment names
  ---
  duration_ms: 631.111583
  type: 'test'
  location: '/Users/manishmaheshwari/Projects/zasp-sec/.worktrees/cached-runtime-ship-20260917/deploy/production/compliance-export-rollout.test.mjs:15:1'
  failureType: 'testCodeFailure'
  error: |-
    Expected values to be strictly deep-equal:
    + actual - expected
    
      [
        {
    +     name: 'ZASP_COMPLIANCE_EXPORT_WORKER_DB_PRINCIPAL',
    -     name: 'ZASP_COMPLIANCE_WORKER_DB_PRINCIPAL',
          value: 'compliance_export_runtime'
        },
        {
    +     name: 'ZASP_COMPLIANCE_EXPORT_CLEANUP_DB_PRINCIPAL',
    -     name: 'ZASP_COMPLIANCE_CLEANUP_DB_PRINCIPAL',
          value: 'compliance_cleanup_runtime'
        }
      ]
    
  code: 'ERR_ASSERTION'
  name: 'AssertionError'
  expected:
    0:
      name: 'ZASP_COMPLIANCE_WORKER_DB_PRINCIPAL'
      value: 'compliance_export_runtime'
    1:
      name: 'ZASP_COMPLIANCE_CLEANUP_DB_PRINCIPAL'
      value: 'compliance_cleanup_runtime'
  actual:
    0:
      name: 'ZASP_COMPLIANCE_EXPORT_WORKER_DB_PRINCIPAL'
      value: 'compliance_export_runtime'
    1:
      name: 'ZASP_COMPLIANCE_EXPORT_CLEANUP_DB_PRINCIPAL'
      value: 'compliance_cleanup_runtime'
  operator: 'deepStrictEqual'
  stack: |-
    TestContext.<anonymous> (file:///Users/manishmaheshwari/Projects/zasp-sec/.worktrees/cached-runtime-ship-20260917/deploy/production/compliance-export-rollout.test.mjs:18:10)
    async Test.run (node:internal/test_runner/test:1054:7)
    async startSubtestAfterBootstrap (node:internal/test_runner/harness:296:3)
  ...
1..1
# tests 1
# suites 0
# pass 0
# fail 1
# cancelled 0
# skipped 0
# todo 0
# duration_ms 688.707875
