TAP version 13
# Subtest: embedded migration release has explicit compatibility and forward chart phases
not ok 1 - embedded migration release has explicit compatibility and forward chart phases
  ---
  duration_ms: 6.462792
  type: 'test'
  location: '/Users/manishmaheshwari/Projects/zasp-sec/.worktrees/cached-runtime-ship-20260917/deploy/staging/gate.test.mjs:8:1'
  failureType: 'testCodeFailure'
  error: |-
    embedded migration needs an explicit rollout contract
    
    56 !== 55
    
  code: 'ERR_ASSERTION'
  name: 'AssertionError'
  expected: 55
  actual: 56
  operator: 'strictEqual'
  stack: |-
    TestContext.<anonymous> (file:///Users/manishmaheshwari/Projects/zasp-sec/.worktrees/cached-runtime-ship-20260917/deploy/staging/gate.test.mjs:15:10)
    async Test.run (node:internal/test_runner/test:1054:7)
    async startSubtestAfterBootstrap (node:internal/test_runner/harness:296:3)
  ...
1..1
# tests 1
# suites 0
# pass 0
# fail 1
# cancelled 0
# skipped 0
# todo 0
# duration_ms 74.44675
